Component: ARM Compiler 5.06 update 6 (build 750) Tool: armlink [4d35ed]

==============================================================================

Section Cross References

    startup_stm32f105xc.o(RESET) refers to startup_stm32f105xc.o(STACK) for __initial_sp
    startup_stm32f105xc.o(RESET) refers to startup_stm32f105xc.o(.text) for Reset_Handler
    startup_stm32f105xc.o(RESET) refers to stm32f1xx_it.o(i.NMI_Handler) for NMI_Handler
    startup_stm32f105xc.o(RESET) refers to stm32f1xx_it.o(i.HardFault_Handler) for HardFault_Handler
    startup_stm32f105xc.o(RESET) refers to stm32f1xx_it.o(i.MemManage_Handler) for MemManage_Handler
    startup_stm32f105xc.o(RESET) refers to stm32f1xx_it.o(i.BusFault_Handler) for BusFault_Handler
    startup_stm32f105xc.o(RESET) refers to stm32f1xx_it.o(i.UsageFault_Handler) for UsageFault_Handler
    startup_stm32f105xc.o(RESET) refers to port.o(.emb_text) for SVC_Handler
    startup_stm32f105xc.o(RESET) refers to stm32f1xx_it.o(i.DebugMon_Handler) for DebugMon_Handler
    startup_stm32f105xc.o(RESET) refers to port.o(i.SysTick_Handler) for SysTick_Handler
    startup_stm32f105xc.o(RESET) refers to stm32f1xx_it.o(i.CAN1_RX0_IRQHandler) for CAN1_RX0_IRQHandler
    startup_stm32f105xc.o(RESET) refers to stm32f1xx_it.o(i.CAN1_RX1_IRQHandler) for CAN1_RX1_IRQHandler
    startup_stm32f105xc.o(RESET) refers to stm32f1xx_it.o(i.TIM1_UP_IRQHandler) for TIM1_UP_IRQHandler
    startup_stm32f105xc.o(RESET) refers to stm32f1xx_it.o(i.USART1_IRQHandler) for USART1_IRQHandler
    startup_stm32f105xc.o(RESET) refers to stm32f1xx_it.o(i.UART4_IRQHandler) for UART4_IRQHandler
    startup_stm32f105xc.o(RESET) refers to stm32f1xx_it.o(i.DMA2_Channel5_IRQHandler) for DMA2_Channel5_IRQHandler
    startup_stm32f105xc.o(RESET) refers to stm32f1xx_it.o(i.CAN2_RX0_IRQHandler) for CAN2_RX0_IRQHandler
    startup_stm32f105xc.o(RESET) refers to stm32f1xx_it.o(i.CAN2_RX1_IRQHandler) for CAN2_RX1_IRQHandler
    startup_stm32f105xc.o(.text) refers to system_stm32f1xx.o(i.SystemInit) for SystemInit
    startup_stm32f105xc.o(.text) refers to entry.o(.ARM.Collect$$$$00000000) for __main
    inv_mpu.o(i.accel_self_test) refers to inv_mpu.o(i.get_accel_prod_shift) for get_accel_prod_shift
    inv_mpu.o(i.accel_self_test) refers to fflti.o(.text) for __aeabi_i2f
    inv_mpu.o(i.accel_self_test) refers to fdiv.o(.text) for __aeabi_fdiv
    inv_mpu.o(i.accel_self_test) refers to cfcmple.o(.text) for __aeabi_cfcmpeq
    inv_mpu.o(i.accel_self_test) refers to fadd.o(.text) for __aeabi_fsub
    inv_mpu.o(i.accel_self_test) refers to cfrcmple.o(.text) for __aeabi_cfrcmple
    inv_mpu.o(i.accel_self_test) refers to inv_mpu.o(.constdata) for test
    inv_mpu.o(i.get_accel_prod_shift) refers to stm32f1xx_hal_i2c.o(i.HAL_I2C_Mem_Read) for HAL_I2C_Mem_Read
    inv_mpu.o(i.get_accel_prod_shift) refers to fmul.o(.text) for __aeabi_fmul
    inv_mpu.o(i.get_accel_prod_shift) refers to inv_mpu.o(.data) for st
    inv_mpu.o(i.get_accel_prod_shift) refers to i2c.o(.bss) for hi2c1
    inv_mpu.o(i.get_st_biases) refers to stm32f1xx_hal_i2c.o(i.HAL_I2C_Mem_Write) for HAL_I2C_Mem_Write
    inv_mpu.o(i.get_st_biases) refers to cmsis_os.o(i.osDelay) for osDelay
    inv_mpu.o(i.get_st_biases) refers to stm32f1xx_hal_i2c.o(i.HAL_I2C_Mem_Read) for HAL_I2C_Mem_Read
    inv_mpu.o(i.get_st_biases) refers to inv_mpu.o(.data) for st
    inv_mpu.o(i.get_st_biases) refers to i2c.o(.bss) for hi2c1
    inv_mpu.o(i.get_st_biases) refers to inv_mpu.o(.constdata) for test
    inv_mpu.o(i.get_st_biases) refers to ldiv.o(.text) for __aeabi_ldivmod
    inv_mpu.o(i.gyro_self_test) refers to stm32f1xx_hal_i2c.o(i.HAL_I2C_Mem_Read) for HAL_I2C_Mem_Read
    inv_mpu.o(i.gyro_self_test) refers to fflti.o(.text) for __aeabi_i2f
    inv_mpu.o(i.gyro_self_test) refers to fdiv.o(.text) for __aeabi_fdiv
    inv_mpu.o(i.gyro_self_test) refers to ffltui.o(.text) for __aeabi_ui2f
    inv_mpu.o(i.gyro_self_test) refers to fmul.o(.text) for __aeabi_fmul
    inv_mpu.o(i.gyro_self_test) refers to fadd.o(.text) for __aeabi_fsub
    inv_mpu.o(i.gyro_self_test) refers to cfrcmple.o(.text) for __aeabi_cfrcmple
    inv_mpu.o(i.gyro_self_test) refers to cfcmple.o(.text) for __aeabi_cfcmple
    inv_mpu.o(i.gyro_self_test) refers to inv_mpu.o(.data) for st
    inv_mpu.o(i.gyro_self_test) refers to i2c.o(.bss) for hi2c1
    inv_mpu.o(i.gyro_self_test) refers to inv_mpu.o(.constdata) for test
    inv_mpu.o(i.mpu_configure_fifo) refers to inv_mpu.o(i.set_int_enable) for set_int_enable
    inv_mpu.o(i.mpu_configure_fifo) refers to inv_mpu.o(i.mpu_reset_fifo) for mpu_reset_fifo
    inv_mpu.o(i.mpu_configure_fifo) refers to inv_mpu.o(.data) for st
    inv_mpu.o(i.mpu_get_accel_fsr) refers to inv_mpu.o(.data) for st
    inv_mpu.o(i.mpu_get_accel_reg) refers to stm32f1xx_hal_i2c.o(i.HAL_I2C_Mem_Read) for HAL_I2C_Mem_Read
    inv_mpu.o(i.mpu_get_accel_reg) refers to cmsis_os.o(i.osKernelSysTick) for osKernelSysTick
[...]
    TIM1_CC_IRQHandler                       0x0800021b   Thumb Code     0  startup_stm32f105xc.o(.text)
    TIM1_TRG_COM_IRQHandler                  0x0800021b   Thumb Code     0  startup_stm32f105xc.o(.text)
    TIM2_IRQHandler                          0x0800021b   Thumb Code     0  startup_stm32f105xc.o(.text)
    TIM3_IRQHandler                          0x0800021b   Thumb Code     0  startup_stm32f105xc.o(.text)
    TIM4_IRQHandler                          0x0800021b   Thumb Code     0  startup_stm32f105xc.o(.text)
    TIM5_IRQHandler                          0x0800021b   Thumb Code     0  startup_stm32f105xc.o(.text)
    TIM6_IRQHandler                          0x0800021b   Thumb Code     0  startup_stm32f105xc.o(.text)
    TIM7_IRQHandler                          0x0800021b   Thumb Code     0  startup_stm32f105xc.o(.text)
    UART5_IRQHandler                         0x0800021b   Thumb Code     0  startup_stm32f105xc.o(.text)
    USART2_IRQHandler                        0x0800021b   Thumb Code     0  startup_stm32f105xc.o(.text)
    USART3_IRQHandler                        0x0800021b   Thumb Code     0  startup_stm32f105xc.o(.text)
    WWDG_IRQHandler                          0x0800021b   Thumb Code     0  startup_stm32f105xc.o(.text)
    __aeabi_uidiv                            0x08000225   Thumb Code     0  uidiv.o(.text)
    __aeabi_uidivmod                         0x08000225   Thumb Code    44  uidiv.o(.text)
    __aeabi_uldivmod                         0x08000251   Thumb Code    98  uldiv.o(.text)
    __aeabi_llsr                             0x080002b3   Thumb Code    32  llushr.o(.text)
    _ll_ushift_r                             0x080002b3   Thumb Code     0  llushr.o(.text)
    qsort                                    0x080002d3   Thumb Code   156  qsort.o(.text)
    ___aeabi_memcpy8$move                    0x0800036f   Thumb Code     0  memmovea.o(.text)
    __aeabi_memcpy                           0x0800036f   Thumb Code    64  memmovea.o(.text)
    __aeabi_memcpy4                          0x0800036f   Thumb Code     0  memmovea.o(.text)
    __aeabi_memmove                          0x0800036f   Thumb Code     0  memmovea.o(.text)
    __aeabi_memmove4                         0x0800036f   Thumb Code     0  memmovea.o(.text)
    __aeabi_memmove8                         0x0800036f   Thumb Code     0  memmovea.o(.text)
    __aeabi_memset                           0x080003af   Thumb Code    14  memseta.o(.text)
    __aeabi_memset4                          0x080003af   Thumb Code     0  memseta.o(.text)
    __aeabi_memset8                          0x080003af   Thumb Code     0  memseta.o(.text)
    __aeabi_memclr                           0x080003bd   Thumb Code     4  memseta.o(.text)
    __aeabi_memclr4                          0x080003bd   Thumb Code     0  memseta.o(.text)
    __aeabi_memclr8                          0x080003bd   Thumb Code     0  memseta.o(.text)
    memset                                   0x080003c1   Thumb Code    18  memseta.o(.text)
    strchr                                   0x080003d3   Thumb Code    20  strchr.o(.text)
    strlen                                   0x080003e7   Thumb Code    14  strlen.o(.text)
    strcmp                                   0x080003f5   Thumb Code    28  strcmp.o(.text)
    strcpy                                   0x08000411   Thumb Code    18  strcpy.o(.text)
    __aeabi_llsl                             0x08000423   Thumb Code    30  llshl.o(.text)
    _ll_shift_l                              0x08000423   Thumb Code     0  llshl.o(.text)
    __I$use$fp                               0x08000441   Thumb Code     0  iusefp.o(.text)
    _double_round                            0x08000441   Thumb Code    30  depilogue.o(.text)
    _double_epilogue                         0x0800045f   Thumb Code   156  depilogue.o(.text)
    __aeabi_dadd                             0x080004fb   Thumb Code   322  dadd.o(.text)
    __aeabi_dsub                             0x0800063d   Thumb Code     6  dadd.o(.text)
    __aeabi_drsub                            0x08000643   Thumb Code     6  dadd.o(.text)
    __aeabi_dmul                             0x08000649   Thumb Code   228  dmul.o(.text)
    __aeabi_ddiv                             0x0800072d   Thumb Code   222  ddiv.o(.text)
    __aeabi_d2ulz                            0x0800080b   Thumb Code    48  dfixul.o(.text)
    __aeabi_cdrcmple                         0x0800083d   Thumb Code    48  cdrcmple.o(.text)
    __scatterload                            0x0800086d   Thumb Code    28  init.o(.text)
    __scatterload_rt2                        0x0800086d   Thumb Code     0  init.o(.text)
    __aeabi_lasr                             0x08000891   Thumb Code    36  llsshr.o(.text)
    _ll_sshift_r                             0x08000891   Thumb Code     0  llsshr.o(.text)
    __decompress                             0x080008b5   Thumb Code     0  __dczerorl2.o(.text)
    __decompress1                            0x080008b5   Thumb Code    86  __dczerorl2.o(.text)
    ADC_ConversionStop_Disable               0x0800090b   Thumb Code    92  stm32f1xx_hal_adc.o(i.ADC_ConversionStop_Disable)
    ADC_Enable                               0x08000969   Thumb Code   134  stm32f1xx_hal_adc.o(i.ADC_Enable)
    BusFault_Handler                         0x080009f9   Thumb Code     4  stm32f1xx_it.o(i.BusFault_Handler)
    CAN1_RX0_IRQHandler                      0x080009fd   Thumb Code    10  stm32f1xx_it.o(i.CAN1_RX0_IRQHandler)
    CAN1_RX1_IRQHandler                      0x08000a0d   Thumb Code    10  stm32f1xx_it.o(i.CAN1_RX1_IRQHandler)
    CAN2_RX0_IRQHandler                      0x08000a1d   Thumb Code    10  stm32f1xx_it.o(i.CAN2_RX0_IRQHandler)
    CAN2_RX1_IRQHandler                      0x08000a2d   Thumb Code    10  stm32f1xx_it.o(i.CAN2_RX1_IRQHandler)
    ConfigFilter                             0x08000a3d   Thumb Code    62  can.o(i.ConfigFilter)
    DMA2_Channel5_IRQHandler                 0x08000a85   Thumb Code    10  stm32f1xx_it.o(i.DMA2_Channel5_IRQHandler)
    DebugMon_Handler                         0x08000ac1   Thumb Code     2  stm32f1xx_it.o(i.DebugMon_Handler)
    Error_Handler                            0x08000ac5   Thumb Code    26  main.o(i.Error_Handler)
    HAL_ADC_ConfigChannel                    0x08000ae9   Thumb Code   338  stm32f1xx_hal_adc.o(i.HAL_ADC_ConfigChannel)
    HAL_ADC_GetValue                         0x08000c49   Thumb Code     8  stm32f1xx_hal_adc.o(i.HAL_ADC_GetValue)
    HAL_ADC_Init                             0x08000c51   Thumb Code   314  stm32f1xx_hal_adc.o(i.HAL_ADC_Init)
    HAL_ADC_MspInit                          0x08000d95   Thumb Code    98  adc.o(i.HAL_ADC_MspInit)
    HAL_ADC_PollForConversion                0x08000e05   Thumb Code   366  stm32f1xx_hal_adc.o(i.HAL_ADC_PollForConversion)
    HAL_ADC_Start                            0x08000f85   Thumb Code   294  stm32f1xx_hal_adc.o(i.HAL_ADC_Start)
    HAL_CAN_ActivateNotification             0x080010b5   Thumb Code    42  stm32f1xx_hal_can.o(i.HAL_CAN_ActivateNotification)
    HAL_CAN_AddTxMessage                     0x080010df   Thumb Code   342  stm32f1xx_hal_can.o(i.HAL_CAN_AddTxMessage)
    HAL_CAN_ConfigFilter                     0x08001235   Thumb Code   286  stm32f1xx_hal_can.o(i.HAL_CAN_ConfigFilter)
    HAL_CAN_ErrorCallback                    0x08001359   Thumb Code     2  stm32f1xx_hal_can.o(i.HAL_CAN_ErrorCallback)
    HAL_CAN_GetRxFifoFillLevel               0x0800135b   Thumb Code    40  stm32f1xx_hal_can.o(i.HAL_CAN_GetRxFifoFillLevel)
    HAL_CAN_GetRxMessage                     0x08001383   Thumb Code   378  stm32f1xx_hal_can.o(i.HAL_CAN_GetRxMessage)
    HAL_CAN_IRQHandler                       0x080014fd   Thumb Code   590  stm32f1xx_hal_can.o(i.HAL_CAN_IRQHandler)
    HAL_CAN_Init                             0x0800174b   Thumb Code   384  stm32f1xx_hal_can.o(i.HAL_CAN_Init)
    HAL_CAN_MspInit                          0x080018cd   Thumb Code   404  can.o(i.HAL_CAN_MspInit)
    HAL_CAN_RxFifo0FullCallback              0x08001a79   Thumb Code     2  stm32f1xx_hal_can.o(i.HAL_CAN_RxFifo0FullCallback)
    HAL_CAN_RxFifo0MsgPendingCallback        0x08001a7d   Thumb Code    30  can.o(i.HAL_CAN_RxFifo0MsgPendingCallback)
    HAL_CAN_RxFifo1FullCallback              0x08001aa9   Thumb Code     2  stm32f1xx_hal_can.o(i.HAL_CAN_RxFifo1FullCallback)
    HAL_CAN_RxFifo1MsgPendingCallback        0x08001aab   Thumb Code     2  stm32f1xx_hal_can.o(i.HAL_CAN_RxFifo1MsgPendingCallback)
    HAL_CAN_SleepCallback                    0x08001aad   Thumb Code     2  stm32f1xx_hal_can.o(i.HAL_CAN_SleepCallback)
    HAL_CAN_Start                            0x08001aaf   Thumb Code    94  stm32f1xx_hal_can.o(i.HAL_CAN_Start)
    HAL_CAN_TxMailbox0AbortCallback          0x08001b0d   Thumb Code     2  stm32f1xx_hal_can.o(i.HAL_CAN_TxMailbox0AbortCallback)
    HAL_CAN_TxMailbox0CompleteCallback       0x08001b0f   Thumb Code     2  stm32f1xx_hal_can.o(i.HAL_CAN_TxMailbox0CompleteCallback)
    HAL_CAN_TxMailbox1AbortCallback          0x08001b11   Thumb Code     2  stm32f1xx_hal_can.o(i.HAL_CAN_TxMailbox1AbortCallback)
    HAL_CAN_TxMailbox1CompleteCallback       0x08001b13   Thumb Code     2  stm32f1xx_hal_can.o(i.HAL_CAN_TxMailbox1CompleteCallback)
    HAL_CAN_TxMailbox2AbortCallback          0x08001b15   Thumb Code     2  stm32f1xx_hal_can.o(i.HAL_CAN_TxMailbox2AbortCallback)
    HAL_CAN_TxMailbox2CompleteCallback       0x08001b17   Thumb Code     2  stm32f1xx_hal_can.o(i.HAL_CAN_TxMailbox2CompleteCallback)
    HAL_CAN_WakeUpFromRxMsgCallback          0x08001b19   Thumb Code     2  stm32f1xx_hal_can.o(i.HAL_CAN_WakeUpFromRxMsgCallback)
    HAL_DMA_Abort                            0x08001b1b   Thumb Code    86  stm32f1xx_hal_dma.o(i.HAL_DMA_Abort)
    HAL_DMA_Abort_IT                         0x08001b71   Thumb Code   414  stm32f1xx_hal_dma.o(i.HAL_DMA_Abort_IT)
    HAL_DMA_IRQHandler                       0x08001d19   Thumb Code   910  stm32f1xx_hal_dma.o(i.HAL_DMA_IRQHandler)
    HAL_DMA_Init                             0x080020b1   Thumb Code   132  stm32f1xx_hal_dma.o(i.HAL_DMA_Init)
    HAL_DMA_Start_IT                         0x0800213d   Thumb Code   156  stm32f1xx_hal_dma.o(i.HAL_DMA_Start_IT)
    HAL_GPIO_Init                            0x080021d9   Thumb Code   766  stm32f1xx_hal_gpio.o(i.HAL_GPIO_Init)
    HAL_GPIO_ReadPin                         0x080024f9   Thumb Code    16  stm32f1xx_hal_gpio.o(i.HAL_GPIO_ReadPin)
    HAL_GPIO_TogglePin                       0x08002509   Thumb Code    20  stm32f1xx_hal_gpio.o(i.HAL_GPIO_TogglePin)
    HAL_GPIO_WritePin                        0x0800251d   Thumb Code    12  stm32f1xx_hal_gpio.o(i.HAL_GPIO_WritePin)
    HAL_GetTick                              0x08002529   Thumb Code     6  stm32f1xx_hal.o(i.HAL_GetTick)
    HAL_I2C_Init                             0x08002535   Thumb Code   446  stm32f1xx_hal_i2c.o(i.HAL_I2C_Init)
    HAL_I2C_Mem_Read                         0x08002705   Thumb Code   850  stm32f1xx_hal_i2c.o(i.HAL_I2C_Mem_Read)
    HAL_I2C_Mem_Write                        0x08002a69   Thumb Code   348  stm32f1xx_hal_i2c.o(i.HAL_I2C_Mem_Write)
    HAL_I2C_MspInit                          0x08002bcd   Thumb Code   104  i2c.o(i.HAL_I2C_MspInit)
    HAL_IncTick                              0x08002c41   Thumb Code    16  stm32f1xx_hal.o(i.HAL_IncTick)
    HAL_Init                                 0x08002c59   Thumb Code    34  stm32f1xx_hal.o(i.HAL_Init)
    HAL_InitTick                             0x08002c81   Thumb Code   118  stm32f1xx_hal_timebase_tim.o(i.HAL_InitTick)
    HAL_MspInit                              0x08002d09   Thumb Code    86  stm32f1xx_hal_msp.o(i.HAL_MspInit)
    HAL_NVIC_ClearPendingIRQ                 0x08002d69   Thumb Code    30  stm32f1xx_hal_cortex.o(i.HAL_NVIC_ClearPendingIRQ)
    HAL_NVIC_DisableIRQ                      0x08002d8d   Thumb Code    62  stm32f1xx_hal_cortex.o(i.HAL_NVIC_DisableIRQ)
    HAL_NVIC_EnableIRQ                       0x08002dd1   Thumb Code    32  stm32f1xx_hal_cortex.o(i.HAL_NVIC_EnableIRQ)
    HAL_NVIC_SetPriority                     0x08002df1   Thumb Code   124  stm32f1xx_hal_cortex.o(i.HAL_NVIC_SetPriority)
    HAL_NVIC_SetPriorityGrouping             0x08002e6d   Thumb Code    32  stm32f1xx_hal_cortex.o(i.HAL_NVIC_SetPriorityGrouping)
    HAL_PWR_EnableWakeUpPin                  0x08002e95   Thumb Code    22  stm32f1xx_hal_pwr.o(i.HAL_PWR_EnableWakeUpPin)
    HAL_PWR_EnterSTANDBYMode                 0x08002eb1   Thumb Code    32  stm32f1xx_hal_pwr.o(i.HAL_PWR_EnterSTANDBYMode)
    HAL_RCCEx_GetPeriphCLKFreq               0x08002ed9   Thumb Code   506  stm32f1xx_hal_rcc_ex.o(i.HAL_RCCEx_GetPeriphCLKFreq)
    HAL_RCCEx_PeriphCLKConfig                0x08003101   Thumb Code   510  stm32f1xx_hal_rcc_ex.o(i.HAL_RCCEx_PeriphCLKConfig)
    HAL_RCC_ClockConfig                      0x08003311   Thumb Code   376  stm32f1xx_hal_rcc.o(i.HAL_RCC_ClockConfig)
    HAL_RCC_GetClockConfig                   0x0800349d   Thumb Code    58  stm32f1xx_hal_rcc.o(i.HAL_RCC_GetClockConfig)
    HAL_RCC_GetHCLKFreq                      0x080034e1   Thumb Code     6  stm32f1xx_hal_rcc.o(i.HAL_RCC_GetHCLKFreq)
    HAL_RCC_GetPCLK1Freq                     0x080034ed   Thumb Code    22  stm32f1xx_hal_rcc.o(i.HAL_RCC_GetPCLK1Freq)
    HAL_RCC_GetPCLK2Freq                     0x0800350d   Thumb Code    22  stm32f1xx_hal_rcc.o(i.HAL_RCC_GetPCLK2Freq)
    HAL_RCC_GetSysClockFreq                  0x0800352d   Thumb Code   248  stm32f1xx_hal_rcc.o(i.HAL_RCC_GetSysClockFreq)
    HAL_RCC_OscConfig                        0x08003651   Thumb Code  1378  stm32f1xx_hal_rcc.o(i.HAL_RCC_OscConfig)
    HAL_SuspendTick                          0x08003bbd   Thumb Code    18  stm32f1xx_hal_timebase_tim.o(i.HAL_SuspendTick)
    HAL_TIMEx_BreakCallback                  0x08003bd5   Thumb Code     2  stm32f1xx_hal_tim_ex.o(i.HAL_TIMEx_BreakCallback)
    HAL_TIMEx_CommutCallback                 0x08003bd7   Thumb Code     2  stm32f1xx_hal_tim_ex.o(i.HAL_TIMEx_CommutCallback)
    HAL_TIM_Base_Init                        0x08003bd9   Thumb Code   102  stm32f1xx_hal_tim.o(i.HAL_TIM_Base_Init)
    HAL_TIM_Base_MspInit                     0x08003c3f   Thumb Code     2  stm32f1xx_hal_tim.o(i.HAL_TIM_Base_MspInit)
    HAL_TIM_Base_Start_IT                    0x08003c41   Thumb Code   114  stm32f1xx_hal_tim.o(i.HAL_TIM_Base_Start_IT)
    HAL_TIM_IC_CaptureCallback               0x08003cc5   Thumb Code     2  stm32f1xx_hal_tim.o(i.HAL_TIM_IC_CaptureCallback)
    HAL_TIM_IRQHandler                       0x08003cc7   Thumb Code   406  stm32f1xx_hal_tim.o(i.HAL_TIM_IRQHandler)
    HAL_TIM_OC_DelayElapsedCallback          0x08003e5d   Thumb Code     2  stm32f1xx_hal_tim.o(i.HAL_TIM_OC_DelayElapsedCallback)
    HAL_TIM_PWM_PulseFinishedCallback        0x08003e5f   Thumb Code     2  stm32f1xx_hal_tim.o(i.HAL_TIM_PWM_PulseFinishedCallback)
    HAL_TIM_PeriodElapsedCallback            0x08003e61   Thumb Code    18  main.o(i.HAL_TIM_PeriodElapsedCallback)
    HAL_TIM_TriggerCallback                  0x08003e79   Thumb Code     2  stm32f1xx_hal_tim.o(i.HAL_TIM_TriggerCallback)
    HAL_UARTEx_RxEventCallback               0x08003e7b   Thumb Code     2  stm32f1xx_hal_uart.o(i.HAL_UARTEx_RxEventCallback)
    HAL_UART_ErrorCallback                   0x08003e7d   Thumb Code     2  stm32f1xx_hal_uart.o(i.HAL_UART_ErrorCallback)
    HAL_UART_IRQHandler                      0x08003e81   Thumb Code   582  stm32f1xx_hal_uart.o(i.HAL_UART_IRQHandler)
    HAL_UART_Init                            0x080040cd   Thumb Code   114  stm32f1xx_hal_uart.o(i.HAL_UART_Init)
    HAL_UART_MspInit                         0x08004141   Thumb Code   412  usart.o(i.HAL_UART_MspInit)
    HAL_UART_Receive                         0x08004301   Thumb Code   220  stm32f1xx_hal_uart.o(i.HAL_UART_Receive)
    HAL_UART_Receive_IT                      0x080043dd   Thumb Code    66  stm32f1xx_hal_uart.o(i.HAL_UART_Receive_IT)
    HAL_UART_RxCpltCallback                  0x08004421   Thumb Code    32  usart.o(i.HAL_UART_RxCpltCallback)
    HAL_UART_Transmit                        0x08004449   Thumb Code   210  stm32f1xx_hal_uart.o(i.HAL_UART_Transmit)
    HAL_UART_Transmit_DMA                    0x0800451d   Thumb Code   142  stm32f1xx_hal_uart.o(i.HAL_UART_Transmit_DMA)
    HAL_UART_TxCpltCallback                  0x080045b9   Thumb Code     2  stm32f1xx_hal_uart.o(i.HAL_UART_TxCpltCallback)
    HAL_UART_TxHalfCpltCallback              0x080045bb   Thumb Code     2  stm32f1xx_hal_uart.o(i.HAL_UART_TxHalfCpltCallback)
    HardFault_Handler                        0x080045bd   Thumb Code     4  stm32f1xx_it.o(i.HardFault_Handler)
    MX_ADC1_Init                             0x08004ac5   Thumb Code    82  adc.o(i.MX_ADC1_Init)
    MX_CAN1_Init                             0x08004b21   Thumb Code    64  can.o(i.MX_CAN1_Init)
    MX_CAN2_Init                             0x08004b69   Thumb Code    64  can.o(i.MX_CAN2_Init)
    MX_DMA_Init                              0x08004bb1   Thumb Code    48  dma.o(i.MX_DMA_Init)
    MX_FREERTOS_Init                         0x08004be5   Thumb Code   128  freertos.o(i.MX_FREERTOS_Init)
    MX_GPIO_Init                             0x08004c7d   Thumb Code   342  gpio.o(i.MX_GPIO_Init)
    MX_I2C1_Init                             0x08004de9   Thumb Code    48  i2c.o(i.MX_I2C1_Init)
    MX_UART4_Init                            0x08004e25   Thumb Code    46  usart.o(i.MX_UART4_Init)
    MX_USART1_UART_Init                      0x08004e5d   Thumb Code    46  usart.o(i.MX_USART1_UART_Init)
    MX_USART3_UART_Init                      0x08004e95   Thumb Code    46  usart.o(i.MX_USART3_UART_Init)
    MemManage_Handler                        0x08004ecd   Thumb Code     4  stm32f1xx_it.o(i.MemManage_Handler)
    ModBusCRC16                              0x08004ed1   Thumb Code    70  usart.o(i.ModBusCRC16)
    NMI_Handler                              0x08004f17   Thumb Code     4  stm32f1xx_it.o(i.NMI_Handler)
    StartDefaultTask                         0x08004f45   Thumb Code    12  freertos.o(i.StartDefaultTask)
    StartEC600Com                            0x08004f51   Thumb Code    62  freertos.o(i.StartEC600Com)
    SysTick_Handler                          0x08004fa1   Thumb Code    46  port.o(i.SysTick_Handler)
    SystemClock_Config                       0x08004fd5   Thumb Code   148  main.o(i.SystemClock_Config)
    SystemInit                               0x0800506d   Thumb Code     2  system_stm32f1xx.o(i.SystemInit)
    TIM1_UP_IRQHandler                       0x08005071   Thumb Code    10  stm32f1xx_it.o(i.TIM1_UP_IRQHandler)
    TIM_Base_SetConfig                       0x08005081   Thumb Code   116  stm32f1xx_hal_tim.o(i.TIM_Base_SetConfig)
    UART4_IRQHandler                         0x08005105   Thumb Code    10  stm32f1xx_it.o(i.UART4_IRQHandler)
    UART_Start_Receive_IT                    0x08005409   Thumb Code    70  stm32f1xx_hal_uart.o(i.UART_Start_Receive_IT)
    USART1_IRQHandler                        0x0800551d   Thumb Code    10  stm32f1xx_it.o(i.USART1_IRQHandler)
    UsageFault_Handler                       0x0800552d   Thumb Code     4  stm32f1xx_it.o(i.UsageFault_Handler)
    __0printf                                0x08005531   Thumb Code    22  printfa.o(i.__0printf)
    __1printf                                0x08005531   Thumb Code     0  printfa.o(i.__0printf)
    __2printf                                0x08005531   Thumb Code     0  printfa.o(i.__0printf)
    __c89printf                              0x08005531   Thumb Code     0  printfa.o(i.__0printf)
    printf                                   0x08005531   Thumb Code     0  printfa.o(i.__0printf)
    __0snprintf                              0x08005551   Thumb Code    44  printfa.o(i.__0snprintf)
    __1snprintf                              0x08005551   Thumb Code     0  printfa.o(i.__0snprintf)
    __2snprintf                              0x08005551   Thumb Code     0  printfa.o(i.__0snprintf)
    __c89snprintf                            0x08005551   Thumb Code     0  printfa.o(i.__0snprintf)
    snprintf                                 0x08005551   Thumb Code     0  printfa.o(i.__0snprintf)
    __0sprintf                               0x08005581   Thumb Code    34  printfa.o(i.__0sprintf)
    __1sprintf                               0x08005581   Thumb Code     0  printfa.o(i.__0sprintf)
    __2sprintf                               0x08005581   Thumb Code     0  printfa.o(i.__0sprintf)
    __c89sprintf                             0x08005581   Thumb Code     0  printfa.o(i.__0sprintf)
    sprintf                                  0x08005581   Thumb Code     0  printfa.o(i.__0sprintf)
    __ARM_common_switch8                     0x080055a9   Thumb Code    26  dump.o(i.__ARM_common_switch8)
    __scatterload_copy                       0x080055fd   Thumb Code    14  handlers.o(i.__scatterload_copy)
    __scatterload_null                       0x0800560b   Thumb Code     2  handlers.o(i.__scatterload_null)
    __scatterload_zeroinit                   0x0800560d   Thumb Code    14  handlers.o(i.__scatterload_zeroinit)
    fputc                                    0x08006455   Thumb Code    26  usart.o(i.fputc)
    free                                     0x08006475   Thumb Code    76  malloc.o(i.free)
    hashtable_close                          0x08006609   Thumb Code    16  hashtable.o(i.hashtable_close)
    hashtable_get                            0x080066ed   Thumb Code    58  hashtable.o(i.hashtable_get)
    hashtable_init                           0x0800672d   Thumb Code    72  hashtable.o(i.hashtable_init)
    hashtable_iter                           0x08006775   Thumb Code    12  hashtable.o(i.hashtable_iter)
    hashtable_iter_key                       0x08006781   Thumb Code     4  hashtable.o(i.hashtable_iter_key)
    hashtable_iter_next                      0x08006785   Thumb Code    14  hashtable.o(i.hashtable_iter_next)
    hashtable_iter_serial                    0x08006793   Thumb Code     4  hashtable.o(i.hashtable_iter_serial)
    hashtable_iter_value                     0x08006797   Thumb Code     4  hashtable.o(i.hashtable_iter_value)
    hashtable_set                            0x0800679d   Thumb Code   168  hashtable.o(i.hashtable_set)
    initJsonObj                              0x08006859   Thumb Code   364  can.o(i.initJsonObj)
    json_array_get                           0x08006ae7   Thumb Code    28  value.o(i.json_array_get)
    json_array_size                          0x08006b03   Thumb Code    18  value.o(i.json_array_size)
    json_delete                              0x08006b45   Thumb Code    84  value.o(i.json_delete)
    json_dump_callback                       0x08006b99   Thumb Code    42  dump.o(i.json_dump_callback)
    json_dumps                               0x08006bc5   Thumb Code    62  dump.o(i.json_dumps)
    json_integer                             0x08006c09   Thumb Code    28  value.o(i.json_integer)
    json_integer_set                         0x08006c25   Thumb Code    24  value.o(i.json_integer_set)
    json_integer_value                       0x08006c3d   Thumb Code    24  value.o(i.json_integer_value)
    json_object                              0x08006c55   Thumb Code    70  value.o(i.json_object)
    json_object_get                          0x08006ca1   Thumb Code    28  value.o(i.json_object_get)
    json_object_iter                         0x08006cbd   Thumb Code    24  value.o(i.json_object_iter)
    json_object_iter_key                     0x08006cd5   Thumb Code    12  value.o(i.json_object_iter_key)
    json_object_iter_next                    0x08006ce1   Thumb Code    28  value.o(i.json_object_iter_next)
    json_object_iter_value                   0x08006cfd   Thumb Code    12  value.o(i.json_object_iter_value)
    json_object_seed                         0x08006d09   Thumb Code    34  hashtable_seed.o(i.json_object_seed)
    json_object_set_new                      0x08006d5d   Thumb Code    52  value.o(i.json_object_set_new)
    json_object_set_new_nocheck              0x08006d91   Thumb Code    58  value.o(i.json_object_set_new_nocheck)
    json_object_size                         0x08006dd1   Thumb Code    18  value.o(i.json_object_size)
    json_real_value                          0x08006de3   Thumb Code    24  value.o(i.json_real_value)
    json_string_length                       0x08006dfb   Thumb Code    18  value.o(i.json_string_length)
    json_string_value                        0x08006e0d   Thumb Code    18  value.o(i.json_string_value)
    jsonp_dtostr                             0x08006e21   Thumb Code   150  strconv.o(i.jsonp_dtostr)
    jsonp_free                               0x08006ec1   Thumb Code    12  memory.o(i.jsonp_free)
    jsonp_malloc                             0x08006ed1   Thumb Code    12  memory.o(i.jsonp_malloc)
    jsonp_strdup                             0x08006ee1   Thumb Code    18  memory.o(i.jsonp_strdup)
    jsonp_strndup                            0x08006ef3   Thumb Code    36  memory.o(i.jsonp_strndup)
    main                                     0x08006f25   Thumb Code   140  main.o(i.main)
    malloc                                   0x08006fd5   Thumb Code    92  malloc.o(i.malloc)
    mpu_configure_fifo                       0x08007041   Thumb Code   106  inv_mpu.o(i.mpu_configure_fifo)
    mpu_get_accel_fsr                        0x080070b1   Thumb Code    72  inv_mpu.o(i.mpu_get_accel_fsr)
    mpu_get_fifo_config                      0x080070fd   Thumb Code    12  inv_mpu.o(i.mpu_get_fifo_config)
    mpu_get_gyro_fsr                         0x0800710d   Thumb Code    64  inv_mpu.o(i.mpu_get_gyro_fsr)
    mpu_get_lpf                              0x08007151   Thumb Code    74  inv_mpu.o(i.mpu_get_lpf)
    mpu_get_sample_rate                      0x080071a1   Thumb Code    26  inv_mpu.o(i.mpu_get_sample_rate)
    mpu_init                                 0x080071c1   Thumb Code   346  inv_mpu.o(i.mpu_init)
    mpu_lp_accel_mode                        0x08007325   Thumb Code   248  inv_mpu.o(i.mpu_lp_accel_mode)
    mpu_lp_motion_interrupt                  0x08007425   Thumb Code   586  inv_mpu.o(i.mpu_lp_motion_interrupt)
    mpu_reset_fifo                           0x08007679   Thumb Code   602  inv_mpu.o(i.mpu_reset_fifo)
    mpu_set_accel_fsr                        0x080078dd   Thumb Code   142  inv_mpu.o(i.mpu_set_accel_fsr)
    mpu_set_bypass                           0x08007975   Thumb Code   414  inv_mpu.o(i.mpu_set_bypass)
    mpu_set_dmp_state                        0x08007b1d   Thumb Code   166  inv_mpu.o(i.mpu_set_dmp_state)
    mpu_set_gyro_fsr                         0x08007bcd   Thumb Code   148  inv_mpu.o(i.mpu_set_gyro_fsr)
    mpu_set_int_latched                      0x08007c69   Thumb Code   118  inv_mpu.o(i.mpu_set_int_latched)
    mpu_set_lpf                              0x08007ce9   Thumb Code   142  inv_mpu.o(i.mpu_set_lpf)
    mpu_set_sample_rate                      0x08007d81   Thumb Code   168  inv_mpu.o(i.mpu_set_sample_rate)
    mpu_set_sensors                          0x08007e31   Thumb Code   232  inv_mpu.o(i.mpu_set_sensors)
    osDelay                                  0x08007f47   Thumb Code    24  cmsis_os.o(i.osDelay)
    osKernelStart                            0x08007f5f   Thumb Code    10  cmsis_os.o(i.osKernelStart)
    osKernelSysTick                          0x08007f69   Thumb Code    20  cmsis_os.o(i.osKernelSysTick)
    osMessageCreate                          0x08007f7d   Thumb Code    40  cmsis_os.o(i.osMessageCreate)
    osThreadCreate                           0x08007fa5   Thumb Code    94  cmsis_os.o(i.osThreadCreate)
    packJaon                                 0x08008005   Thumb Code   248  can.o(i.packJaon)
    powerControlFunc                         0x08008171   Thumb Code   270  freertos.o(i.powerControlFunc)
    pvPortMalloc                             0x08008759   Thumb Code   296  heap_4.o(i.pvPortMalloc)
    pxPortInitialiseStack                    0x08008895   Thumb Code    30  port.o(i.pxPortInitialiseStack)
    readBatteryInfo                          0x080088b9   Thumb Code    28  freertos.o(i.readBatteryInfo)
    readBmsID                                0x080088d5   Thumb Code   190  usart.o(i.readBmsID)
    readBmsRegs                              0x080089cd   Thumb Code   226  usart.o(i.readBmsRegs)
    readPowerSupplyStatus                    0x08008ae5   Thumb Code    46  gpio.o(i.readPowerSupplyStatus)
    seed_from_timestamp_and_pid              0x08008b19   Thumb Code     6  jansson_config.o(i.seed_from_timestamp_and_pid)
    sndCANMsg                                0x08008bd1   Thumb Code    42  can.o(i.sndCANMsg)
    strbuffer_append_bytes                   0x08008c11   Thumb Code   108  strbuffer.o(i.strbuffer_append_bytes)
    strbuffer_close                          0x08008c81   Thumb Code    24  strbuffer.o(i.strbuffer_close)
    strbuffer_init                           0x08008c99   Thumb Code    34  strbuffer.o(i.strbuffer_init)
    strbuffer_value                          0x08008cbb   Thumb Code     4  strbuffer.o(i.strbuffer_value)
    updateBatInfo                            0x08008cc1   Thumb Code   148  usart.o(i.updateBatInfo)
    updateInverteInfo                        0x08008d6d   Thumb Code   256  can.o(i.updateInverteInfo)
    utf8_check_first                         0x08008ebd   Thumb Code    60  utf.o(i.utf8_check_first)
    utf8_check_full                          0x08008ef9   Thumb Code   126  utf.o(i.utf8_check_full)
    utf8_check_string                        0x08008f81   Thumb Code    62  utf.o(i.utf8_check_string)
    utf8_iterate                             0x08008fbf   Thumb Code    64  utf.o(i.utf8_iterate)
    uxListRemove                             0x08008fff   Thumb Code    40  list.o(i.uxListRemove)
    vApplicationGetIdleTaskMemory            0x08009029   Thumb Code    14  freertos.o(i.vApplicationGetIdleTaskMemory)
    vListInitialise                          0x08009041   Thumb Code    26  list.o(i.vListInitialise)
    vListInitialiseItem                      0x0800905b   Thumb Code     6  list.o(i.vListInitialiseItem)
    vListInsert                              0x08009061   Thumb Code    52  list.o(i.vListInsert)
    vListInsertEnd                           0x08009095   Thumb Code    24  list.o(i.vListInsertEnd)
    vPortEnterCritical                       0x080090ad   Thumb Code    76  port.o(i.vPortEnterCritical)
    vPortExitCritical                        0x08009101   Thumb Code    56  port.o(i.vPortExitCritical)
    vPortFree                                0x0800913d   Thumb Code   140  heap_4.o(i.vPortFree)
    vPortSetupTimerInterrupt                 0x080091d1   Thumb Code    36  port.o(i.vPortSetupTimerInterrupt)
    vPortValidateInterruptPriority           0x080091f9   Thumb Code   106  port.o(i.vPortValidateInterruptPriority)
    vTaskDelay                               0x08009271   Thumb Code    82  tasks.o(i.vTaskDelay)
    vTaskStartScheduler                      0x080092cd   Thumb Code   146  tasks.o(i.vTaskStartScheduler)
    vTaskSuspendAll                          0x0800937d   Thumb Code    12  tasks.o(i.vTaskSuspendAll)
    vTaskSwitchContext                       0x0800938d   Thumb Code   118  tasks.o(i.vTaskSwitchContext)
    xPortStartScheduler                      0x08009419   Thumb Code   228  port.o(i.xPortStartScheduler)
    xQueueGenericCreate                      0x08009511   Thumb Code    94  queue.o(i.xQueueGenericCreate)
    xQueueGenericCreateStatic                0x0800956f   Thumb Code   222  queue.o(i.xQueueGenericCreateStatic)
    xQueueGenericReset                       0x0800964d   Thumb Code   146  queue.o(i.xQueueGenericReset)
    xTaskCreate                              0x080096e5   Thumb Code   100  tasks.o(i.xTaskCreate)
    xTaskCreateStatic                        0x08009749   Thumb Code   184  tasks.o(i.xTaskCreateStatic)
    xTaskGetTickCount                        0x08009801   Thumb Code     6  tasks.o(i.xTaskGetTickCount)
    xTaskGetTickCountFromISR                 0x0800980d   Thumb Code    16  tasks.o(i.xTaskGetTickCountFromISR)
    xTaskIncrementTick                       0x08009821   Thumb Code   282  tasks.o(i.xTaskIncrementTick)
    xTaskRemoveFromEventList                 0x08009969   Thumb Code   128  tasks.o(i.xTaskRemoveFromEventList)
    xTaskResumeAll                           0x08009a01   Thumb Code   224  tasks.o(i.xTaskResumeAll)
    reg                                      0x08009b04   Data          30  inv_mpu.o(.constdata)
    hw                                       0x08009b22   Data          12  inv_mpu.o(.constdata)
    test                                     0x08009b30   Data          40  inv_mpu.o(.constdata)
    AHBPrescTable                            0x08009bd8   Data          16  system_stm32f1xx.o(.constdata)
    APBPrescTable                            0x08009be8   Data           8  system_stm32f1xx.o(.constdata)
    Region$$Table$$Base                      0x08009c50   Number         0  anon$$obj.o(Region$$Table)
    Region$$Table$$Limit                     0x08009c70   Number         0  anon$$obj.o(Region$$Table)
    st                                       0x20000000   Data          44  inv_mpu.o(.data)
    volt12Value                              0x2000002c   Data           2  freertos.o(.data)
    defaultTaskHandle                        0x20000030   Data           4  freertos.o(.data)
    ec600ComTaskHandle                       0x20000034   Data           4  freertos.o(.data)
    powerControlHandle                       0x20000038   Data           4  freertos.o(.data)
    batterInfoSyncHandle                     0x2000003c   Data           4  freertos.o(.data)
    msgIndexQHandle                          0x20000040   Data           4  freertos.o(.data)
    rxCnt                                    0x20000044   Data           1  freertos.o(.data)
    mosfetFault                              0x20000048   Data           1  can.o(.data)
    driveFault                               0x20000049   Data           1  can.o(.data)
    overCurrentFault                         0x2000004a   Data           1  can.o(.data)
    overVoltFault                            0x2000004b   Data           1  can.o(.data)
    inverterOverTempFault                    0x2000004c   Data           1  can.o(.data)
    lowVoltFault                             0x2000004d   Data           1  can.o(.data)
    phaseLossFault                           0x2000004e   Data           1  can.o(.data)
    HallFault                                0x2000004f   Data           1  can.o(.data)
    motorOverHeatFault                       0x20000050   Data           1  can.o(.data)
    rotorLockedFault                         0x20000051   Data           1  can.o(.data)
    throttleFault                            0x20000052   Data           1  can.o(.data)
    motorTemp                                0x20000054   Data           2  can.o(.data)
    controllerTemp                           0x20000056   Data           1  can.o(.data)
    motorRPM                                 0x20000058   Data           4  can.o(.data)
    throttlePercent                          0x2000005c   Data           1  can.o(.data)
    gear                                     0x2000005d   Data           1  can.o(.data)
    sideStand                                0x2000005e   Data           1  can.o(.data)
    brake                                    0x2000005f   Data           1  can.o(.data)
    msgIndex                                 0x20000060   Data           1  can.o(.data)
    canRxData                                0x20000061   Data           8  can.o(.data)
    root                                     0x2000006c   Data           4  can.o(.data)
    text                                     0x20000070   Data           4  can.o(.data)
    jsonLen                                  0x20000074   Data           2  can.o(.data)
    jsonMsg                                  0x20000078   Data           4  can.o(.data)
    motorTemp_t                              0x2000007c   Data           4  can.o(.data)
    controllerTemp_t                         0x20000080   Data           4  can.o(.data)
    Battery_Percent_t                        0x20000084   Data           4  can.o(.data)
    BatterySOH_t                             0x20000088   Data           4  can.o(.data)
    batTemperature_t                         0x2000008c   Data           4  can.o(.data)
    batCurrent_t                             0x20000090   Data           4  can.o(.data)
    batVolt_t                                0x20000094   Data           4  can.o(.data)
    motorRPM_t                               0x20000098   Data           4  can.o(.data)
    gearInfo_t                               0x2000009c   Data           4  can.o(.data)
    throttle_t                               0x200000a0   Data           4  can.o(.data)
    brake_t                                  0x200000a4   Data           4  can.o(.data)
    sideStand_t                              0x200000a8   Data           4  can.o(.data)
    data                                     0x200000b0   Data           8  can.o(.data)
    mailbox                                  0x200000b8   Data           4  can.o(.data)
    uart4RxLen                               0x200000bc   Data           1  usart.o(.data)
    batPercent                               0x200000be   Data           2  usart.o(.data)
    batTemperature                           0x200000c0   Data           2  usart.o(.data)
    batCurrent                               0x200000c2   Data           2  usart.o(.data)
    batVolt                                  0x200000c4   Data           2  usart.o(.data)
    batVoltTot                               0x200000c6   Data           2  usart.o(.data)
    cellCnt                                  0x200000c8   Data           2  usart.o(.data)
    soc                                      0x200000ca   Data           2  usart.o(.data)
    soh                                      0x200000cc   Data           2  usart.o(.data)
    boardTemp                                0x200000ce   Data           2  usart.o(.data)
    batTemp1                                 0x200000d0   Data           2  usart.o(.data)
    batTemp2                                 0x200000d2   Data           2  usart.o(.data)
    tempOfCell_1                             0x200000d4   Data           2  usart.o(.data)
    tempOfCell_2                             0x200000d6   Data           2  usart.o(.data)
    tempOfCell_3                             0x200000d8   Data           2  usart.o(.data)
    tempOfCell_4                             0x200000da   Data           2  usart.o(.data)
    tempOfCell_5                             0x200000dc   Data           2  usart.o(.data)
    tempOfCell_6                             0x200000de   Data           2  usart.o(.data)
    tempOfCell_7                             0x200000e0   Data           2  usart.o(.data)
    tempOfCell_8                             0x200000e2   Data           2  usart.o(.data)
    tempOfCell_9                             0x200000e4   Data           2  usart.o(.data)
    tempOfCell_10                            0x200000e6   Data           2  usart.o(.data)
    tempOfCell_11                            0x200000e8   Data           2  usart.o(.data)
    tempOfCell_12                            0x200000ea   Data           2  usart.o(.data)
    tempOfCell_13                            0x200000ec   Data           2  usart.o(.data)
    tempOfCell_14                            0x200000ee   Data           2  usart.o(.data)
    tempOfCell_15                            0x200000f0   Data           2  usart.o(.data)
    tempOfCell_16                            0x200000f2   Data           2  usart.o(.data)
    tempOfCell_17                            0x200000f4   Data           2  usart.o(.data)
    tempOfCell_18                            0x200000f6   Data           2  usart.o(.data)
    tempOfCell_19                            0x200000f8   Data           2  usart.o(.data)
    tempOfCell_20                            0x200000fa   Data           2  usart.o(.data)
    reqBmsData                               0x200000fc   Data          10  usart.o(.data)
    uart1RxStatus                            0x20000106   Data           1  usart.o(.data)
    bmsInfoPtr                               0x20000108   Data           4  usart.o(.data)
    bmsReq                                   0x2000010c   Data           8  usart.o(.data)
    bmsID                                    0x20000114   Data          26  usart.o(.data)
    bmsTxData                                0x2000012e   Data           8  usart.o(.data)
    bmsRead01Data                            0x20000136   Data           8  usart.o(.data)
    uwTick                                   0x20000140   Data           4  stm32f1xx_hal.o(.data)
    uwTickPrio                               0x20000144   Data           4  stm32f1xx_hal.o(.data)
    uwTickFreq                               0x20000148   Data           1  stm32f1xx_hal.o(.data)
    SystemCoreClock                          0x2000014c   Data           4  system_stm32f1xx.o(.data)
    pxCurrentTCB                             0x20000150   Data           4  tasks.o(.data)
    hashtable_seed                           0x200001b8   Data           4  hashtable_seed.o(.data)
    __stdout                                 0x200001bc   Data           4  stdout.o(.data)
    __microlib_freelist                      0x200001c0   Data           4  mvars.o(.data)
    __microlib_freelist_initialised          0x200001c4   Data           4  mvars.o(.data)
    packData                                 0x200001c8   Data          22  main.o(.bss)
    rxData                                   0x200001de   Data          10  main.o(.bss)
    hadc1                                    0x2000043c   Data          48  adc.o(.bss)
    rxHeader                                 0x2000046c   Data          28  can.o(.bss)
    jsonData                                 0x20000488   Data        1000  can.o(.bss)
    hcan1                                    0x20000870   Data          40  can.o(.bss)
    hcan2                                    0x20000898   Data          40  can.o(.bss)
    pTxHeader                                0x200008c0   Data          24  can.o(.bss)
    hi2c1                                    0x200008d8   Data          84  i2c.o(.bss)
    uart4RxData                              0x2000092c   Data          10  usart.o(.bss)
    bmsRxData                                0x20000936   Data         100  usart.o(.bss)
    huart4                                   0x2000099c   Data          68  usart.o(.bss)
    huart1                                   0x200009e0   Data          68  usart.o(.bss)
    huart3                                   0x20000a24   Data          68  usart.o(.bss)
    hdma_uart4_tx                            0x20000a68   Data          68  usart.o(.bss)
    htim1                                    0x20000aac   Data          72  stm32f1xx_hal_timebase_tim.o(.bss)
    __heap_base                              0x20001be8   Data           0  startup_stm32f105xc.o(HEAP)
    __heap_limit                             0x20002be8   Data           0  startup_stm32f105xc.o(HEAP)
    __initial_sp                             0x20003be8   Data           0  startup_stm32f105xc.o(STACK)



==============================================================================

Memory Map of the image

  Image Entry point : 0x08000151

  Load Region LR_IROM1 (Base: 0x08000000, Size: 0x00009e38, Max: 0x00040000, ABSOLUTE, COMPRESSED[0x00009ca8])

    Execution Region ER_IROM1 (Exec base: 0x08000000, Load base: 0x08000000, Size: 0x00009c70, Max: 0x00040000, ABSOLUTE)

    Exec Addr    Load Addr    Size         Type   Attr      Idx    E Section Name        Object

    0x08000000   0x08000000   0x00000150   Data   RO            3    RESET               startup_stm32f105xc.o
    0x08000150   0x08000150   0x00000000   Code   RO         6711  * .ARM.Collect$$$$00000000  mc_w.l(entry.o)
    0x08000150   0x08000150   0x00000004   Code   RO         7072    .ARM.Collect$$$$00000001  mc_w.l(entry2.o)
    0x08000154   0x08000154   0x00000004   Code   RO         7075    .ARM.Collect$$$$00000004  mc_w.l(entry5.o)
    0x08000158   0x08000158   0x00000000   Code   RO         7077    .ARM.Collect$$$$00000008  mc_w.l(entry7b.o)
    0x08000158   0x08000158   0x00000000   Code   RO         7079    .ARM.Collect$$$$0000000A  mc_w.l(entry8b.o)
    0x08000158   0x08000158   0x00000008   Code   RO         7080    .ARM.Collect$$$$0000000B  mc_w.l(entry9a.o)
    0x08000160   0x08000160   0x00000000   Code   RO         7082    .ARM.Collect$$$$0000000D  mc_w.l(entry10a.o)
    0x08000160   0x08000160   0x00000000   Code   RO         7084    .ARM.Collect$$$$0000000F  mc_w.l(entry11a.o)
    0x08000160   0x08000160   0x00000004   Code   RO         7073    .ARM.Collect$$$$00002712  mc_w.l(entry2.o)
    0x08000164   0x08000164   0x00000096   Code   RO         5764    .emb_text           port.o
    0x080001fa   0x080001fa   0x00000002   PAD
    0x080001fc   0x080001fc   0x00000004   Code   RO          850    .rev16_text         usart.o
    0x08000200   0x08000200   0x00000024   Code   RO            4    .text               startup_stm32f105xc.o
    0x08000224   0x08000224   0x0000002c   Code   RO         6722    .text               mc_w.l(uidiv.o)
    0x08000250   0x08000250   0x00000062   Code   RO         6724    .text               mc_w.l(uldiv.o)
    0x080002b2   0x080002b2   0x00000020   Code   RO         6728    .text               mc_w.l(llushr.o)
    0x080002d2   0x080002d2   0x0000009c   Code   RO         6730    .text               mc_w.l(qsort.o)
    0x0800036e   0x0800036e   0x00000040   Code   RO         6736    .text               mc_w.l(memmovea.o)
    0x080003ae   0x080003ae   0x00000024   Code   RO         6740    .text               mc_w.l(memseta.o)
    0x080003d2   0x080003d2   0x00000014   Code   RO         6742    .text               mc_w.l(strchr.o)
    0x080003e6   0x080003e6   0x0000000e   Code   RO         6744    .text               mc_w.l(strlen.o)
    0x080003f4   0x080003f4   0x0000001c   Code   RO         6746    .text               mc_w.l(strcmp.o)
    0x08000410   0x08000410   0x00000012   Code   RO         6750    .text               mc_w.l(strcpy.o)
    0x08000422   0x08000422   0x0000001e   Code   RO         7087    .text               mc_w.l(llshl.o)
    0x08000440   0x08000440   0x00000000   Code   RO         7093    .text               mc_w.l(iusefp.o)
    0x08000440   0x08000440   0x000000ba   Code   RO         7096    .text               mf_w.l(depilogue.o)
    0x080004fa   0x080004fa   0x0000014e   Code   RO         7098    .text               mf_w.l(dadd.o)
    0x08000648   0x08000648   0x000000e4   Code   RO         7100    .text               mf_w.l(dmul.o)
    0x0800072c   0x0800072c   0x000000de   Code   RO         7102    .text               mf_w.l(ddiv.o)
    0x0800080a   0x0800080a   0x00000030   Code   RO         7104    .text               mf_w.l(dfixul.o)
    0x0800083a   0x0800083a   0x00000002   PAD
    0x0800083c   0x0800083c   0x00000030   Code   RO         7106    .text               mf_w.l(cdrcmple.o)
    0x0800086c   0x0800086c   0x00000024   Code   RO         7108    .text               mc_w.l(init.o)
    0x08000890   0x08000890   0x00000024   Code   RO         7110    .text               mc_w.l(llsshr.o)
    0x080008b4   0x080008b4   0x00000056   Code   RO         7135    .text               mc_w.l(__dczerorl2.o)
    0x0800090a   0x0800090a   0x0000005c   Code   RO         1156    i.ADC_ConversionStop_Disable  stm32f1xx_hal_adc.o
    0x08000966   0x08000966   0x00000002   PAD
    0x08000968   0x08000968   0x00000090   Code   RO         1160    i.ADC_Enable        stm32f1xx_hal_adc.o
    0x080009f8   0x080009f8   0x00000004   Code   RO          951    i.BusFault_Handler  stm32f1xx_it.o
    0x080009fc   0x080009fc   0x00000010   Code   RO          952    i.CAN1_RX0_IRQHandler  stm32f1xx_it.o
    0x08000a0c   0x08000a0c   0x00000010   Code   RO          953    i.CAN1_RX1_IRQHandler  stm32f1xx_it.o
    0x08000a1c   0x08000a1c   0x00000010   Code   RO          954    i.CAN2_RX0_IRQHandler  stm32f1xx_it.o
    0x08000a2c   0x08000a2c   0x00000010   Code   RO          955    i.CAN2_RX1_IRQHandler  stm32f1xx_it.o
    0x08000a3c   0x08000a3c   0x00000048   Code   RO          683    i.ConfigFilter      can.o
    0x08000a84   0x08000a84   0x00000010   Code   RO          956    i.DMA2_Channel5_IRQHandler  stm32f1xx_it.o
    0x08000a94   0x08000a94   0x0000002c   Code   RO         1839    i.DMA_SetConfig     stm32f1xx_hal_dma.o
    0x08000ac0   0x08000ac0   0x00000002   Code   RO          957    i.DebugMon_Handler  stm32f1xx_it.o
    0x08000ac2   0x08000ac2   0x00000002   PAD
    0x08000ac4   0x08000ac4   0x00000024   Code   RO          462    i.Error_Handler     main.o
    0x08000ae8   0x08000ae8   0x00000160   Code   RO         1162    i.HAL_ADC_ConfigChannel  stm32f1xx_hal_adc.o
    0x08000c48   0x08000c48   0x00000008   Code   RO         1169    i.HAL_ADC_GetValue  stm32f1xx_hal_adc.o
    0x08000c50   0x08000c50   0x00000144   Code   RO         1171    i.HAL_ADC_Init      stm32f1xx_hal_adc.o
    0x08000d94   0x08000d94   0x00000070   Code   RO          642    i.HAL_ADC_MspInit   adc.o
    0x08000e04   0x08000e04   0x00000180   Code   RO         1175    i.HAL_ADC_PollForConversion  stm32f1xx_hal_adc.o
    0x08000f84   0x08000f84   0x00000130   Code   RO         1177    i.HAL_ADC_Start     stm32f1xx_hal_adc.o
    0x080010b4   0x080010b4   0x0000002a   Code   RO         2463    i.HAL_CAN_ActivateNotification  stm32f1xx_hal_can.o
    0x080010de   0x080010de   0x00000156   Code   RO         2464    i.HAL_CAN_AddTxMessage  stm32f1xx_hal_can.o
    0x08001234   0x08001234   0x00000124   Code   RO         2465    i.HAL_CAN_ConfigFilter  stm32f1xx_hal_can.o
    0x08001358   0x08001358   0x00000002   Code   RO         2468    i.HAL_CAN_ErrorCallback  stm32f1xx_hal_can.o
    0x0800135a   0x0800135a   0x00000028   Code   RO         2470    i.HAL_CAN_GetRxFifoFillLevel  stm32f1xx_hal_can.o
    0x08001382   0x08001382   0x0000017a   Code   RO         2471    i.HAL_CAN_GetRxMessage  stm32f1xx_hal_can.o
    0x080014fc   0x080014fc   0x0000024e   Code   RO         2475    i.HAL_CAN_IRQHandler  stm32f1xx_hal_can.o
    0x0800174a   0x0800174a   0x00000180   Code   RO         2476    i.HAL_CAN_Init      stm32f1xx_hal_can.o
    0x080018ca   0x080018ca   0x00000002   PAD
    0x080018cc   0x080018cc   0x000001ac   Code   RO          685    i.HAL_CAN_MspInit   can.o
    0x08001a78   0x08001a78   0x00000002   Code   RO         2483    i.HAL_CAN_RxFifo0FullCallback  stm32f1xx_hal_can.o
    0x08001a7a   0x08001a7a   0x00000002   PAD
    0x08001a7c   0x08001a7c   0x0000002c   Code   RO          686    i.HAL_CAN_RxFifo0MsgPendingCallback  can.o
    0x08001aa8   0x08001aa8   0x00000002   Code   RO         2485    i.HAL_CAN_RxFifo1FullCallback  stm32f1xx_hal_can.o
    0x08001aaa   0x08001aaa   0x00000002   Code   RO         2486    i.HAL_CAN_RxFifo1MsgPendingCallback  stm32f1xx_hal_can.o
    0x08001aac   0x08001aac   0x00000002   Code   RO         2487    i.HAL_CAN_SleepCallback  stm32f1xx_hal_can.o
    0x08001aae   0x08001aae   0x0000005e   Code   RO         2488    i.HAL_CAN_Start     stm32f1xx_hal_can.o
    0x08001b0c   0x08001b0c   0x00000002   Code   RO         2490    i.HAL_CAN_TxMailbox0AbortCallback  stm32f1xx_hal_can.o
    0x08001b0e   0x08001b0e   0x00000002   Code   RO         2491    i.HAL_CAN_TxMailbox0CompleteCallback  stm32f1xx_hal_can.o
    0x08001b10   0x08001b10   0x00000002   Code   RO         2492    i.HAL_CAN_TxMailbox1AbortCallback  stm32f1xx_hal_can.o
    0x08001b12   0x08001b12   0x00000002   Code   RO         2493    i.HAL_CAN_TxMailbox1CompleteCallback  stm32f1xx_hal_can.o
    0x08001b14   0x08001b14   0x00000002   Code   RO         2494    i.HAL_CAN_TxMailbox2AbortCallback  stm32f1xx_hal_can.o
    0x08001b16   0x08001b16   0x00000002   Code   RO         2495    i.HAL_CAN_TxMailbox2CompleteCallback  stm32f1xx_hal_can.o
    0x08001b18   0x08001b18   0x00000002   Code   RO         2497    i.HAL_CAN_WakeUpFromRxMsgCallback  stm32f1xx_hal_can.o
    0x08001b1a   0x08001b1a   0x00000056   Code   RO         1840    i.HAL_DMA_Abort     stm32f1xx_hal_dma.o
    0x08001b70   0x08001b70   0x000001a8   Code   RO         1841    i.HAL_DMA_Abort_IT  stm32f1xx_hal_dma.o
    0x08001d18   0x08001d18   0x00000398   Code   RO         1845    i.HAL_DMA_IRQHandler  stm32f1xx_hal_dma.o
    0x080020b0   0x080020b0   0x0000008c   Code   RO         1846    i.HAL_DMA_Init      stm32f1xx_hal_dma.o
    0x0800213c   0x0800213c   0x0000009c   Code   RO         1850    i.HAL_DMA_Start_IT  stm32f1xx_hal_dma.o
    0x080021d8   0x080021d8   0x00000320   Code   RO         1776    i.HAL_GPIO_Init     stm32f1xx_hal_gpio.o
    0x080024f8   0x080024f8   0x00000010   Code   RO         1778    i.HAL_GPIO_ReadPin  stm32f1xx_hal_gpio.o
    0x08002508   0x08002508   0x00000014   Code   RO         1779    i.HAL_GPIO_TogglePin  stm32f1xx_hal_gpio.o
    0x0800251c   0x0800251c   0x0000000c   Code   RO         1780    i.HAL_GPIO_WritePin  stm32f1xx_hal_gpio.o
    0x08002528   0x08002528   0x0000000c   Code   RO         1443    i.HAL_GetTick       stm32f1xx_hal.o
    0x08002534   0x08002534   0x000001d0   Code   RO         2707    i.HAL_I2C_Init      stm32f1xx_hal_i2c.o
    0x08002704   0x08002704   0x00000364   Code   RO         2725    i.HAL_I2C_Mem_Read  stm32f1xx_hal_i2c.o
    0x08002a68   0x08002a68   0x00000164   Code   RO         2728    i.HAL_I2C_Mem_Write  stm32f1xx_hal_i2c.o
    0x08002bcc   0x08002bcc   0x00000074   Code   RO          812    i.HAL_I2C_MspInit   i2c.o
    0x08002c40   0x08002c40   0x00000018   Code   RO         1449    i.HAL_IncTick       stm32f1xx_hal.o
    0x08002c58   0x08002c58   0x00000028   Code   RO         1450    i.HAL_Init          stm32f1xx_hal.o
    0x08002c80   0x08002c80   0x00000088   Code   RO         1081    i.HAL_InitTick      stm32f1xx_hal_timebase_tim.o
    0x08002d08   0x08002d08   0x00000060   Code   RO         1057    i.HAL_MspInit       stm32f1xx_hal_msp.o
    0x08002d68   0x08002d68   0x00000024   Code   RO         1934    i.HAL_NVIC_ClearPendingIRQ  stm32f1xx_hal_cortex.o
    0x08002d8c   0x08002d8c   0x00000044   Code   RO         1935    i.HAL_NVIC_DisableIRQ  stm32f1xx_hal_cortex.o
    0x08002dd0   0x08002dd0   0x00000020   Code   RO         1936    i.HAL_NVIC_EnableIRQ  stm32f1xx_hal_cortex.o
    0x08002df0   0x08002df0   0x0000007c   Code   RO         1942    i.HAL_NVIC_SetPriority  stm32f1xx_hal_cortex.o
    0x08002e6c   0x08002e6c   0x00000028   Code   RO         1943    i.HAL_NVIC_SetPriorityGrouping  stm32f1xx_hal_cortex.o
    0x08002e94   0x08002e94   0x0000001c   Code   RO         2067    i.HAL_PWR_EnableWakeUpPin  stm32f1xx_hal_pwr.o
    0x08002eb0   0x08002eb0   0x00000028   Code   RO         2069    i.HAL_PWR_EnterSTANDBYMode  stm32f1xx_hal_pwr.o
    0x08002ed8   0x08002ed8   0x00000228   Code   RO         1718    i.HAL_RCCEx_GetPeriphCLKFreq  stm32f1xx_hal_rcc_ex.o
    0x08003100   0x08003100   0x00000210   Code   RO         1719    i.HAL_RCCEx_PeriphCLKConfig  stm32f1xx_hal_rcc_ex.o
    0x08003310   0x08003310   0x0000018c   Code   RO         1607    i.HAL_RCC_ClockConfig  stm32f1xx_hal_rcc.o
    0x0800349c   0x0800349c   0x00000044   Code   RO         1611    i.HAL_RCC_GetClockConfig  stm32f1xx_hal_rcc.o
    0x080034e0   0x080034e0   0x0000000c   Code   RO         1612    i.HAL_RCC_GetHCLKFreq  stm32f1xx_hal_rcc.o
    0x080034ec   0x080034ec   0x00000020   Code   RO         1614    i.HAL_RCC_GetPCLK1Freq  stm32f1xx_hal_rcc.o
    0x0800350c   0x0800350c   0x00000020   Code   RO         1615    i.HAL_RCC_GetPCLK2Freq  stm32f1xx_hal_rcc.o
    0x0800352c   0x0800352c   0x00000124   Code   RO         1616    i.HAL_RCC_GetSysClockFreq  stm32f1xx_hal_rcc.o
    0x08003650   0x08003650   0x0000056c   Code   RO         1619    i.HAL_RCC_OscConfig  stm32f1xx_hal_rcc.o
    0x08003bbc   0x08003bbc   0x00000018   Code   RO         1083    i.HAL_SuspendTick   stm32f1xx_hal_timebase_tim.o
    0x08003bd4   0x08003bd4   0x00000002   Code   RO         3885    i.HAL_TIMEx_BreakCallback  stm32f1xx_hal_tim_ex.o
    0x08003bd6   0x08003bd6   0x00000002   Code   RO         3886    i.HAL_TIMEx_CommutCallback  stm32f1xx_hal_tim_ex.o
    0x08003bd8   0x08003bd8   0x00000066   Code   RO         3170    i.HAL_TIM_Base_Init  stm32f1xx_hal_tim.o
    0x08003c3e   0x08003c3e   0x00000002   Code   RO         3172    i.HAL_TIM_Base_MspInit  stm32f1xx_hal_tim.o
    0x08003c40   0x08003c40   0x00000084   Code   RO         3175    i.HAL_TIM_Base_Start_IT  stm32f1xx_hal_tim.o
    0x08003cc4   0x08003cc4   0x00000002   Code   RO         3204    i.HAL_TIM_IC_CaptureCallback  stm32f1xx_hal_tim.o
    0x08003cc6   0x08003cc6   0x00000196   Code   RO         3218    i.HAL_TIM_IRQHandler  stm32f1xx_hal_tim.o
    0x08003e5c   0x08003e5c   0x00000002   Code   RO         3221    i.HAL_TIM_OC_DelayElapsedCallback  stm32f1xx_hal_tim.o
    0x08003e5e   0x08003e5e   0x00000002   Code   RO         3248    i.HAL_TIM_PWM_PulseFinishedCallback  stm32f1xx_hal_tim.o
    0x08003e60   0x08003e60   0x00000018   Code   RO          463    i.HAL_TIM_PeriodElapsedCallback  main.o
    0x08003e78   0x08003e78   0x00000002   Code   RO         3261    i.HAL_TIM_TriggerCallback  stm32f1xx_hal_tim.o
    0x08003e7a   0x08003e7a   0x00000002   Code   RO         4163    i.HAL_UARTEx_RxEventCallback  stm32f1xx_hal_uart.o
    0x08003e7c   0x08003e7c   0x00000002   Code   RO         4177    i.HAL_UART_ErrorCallback  stm32f1xx_hal_uart.o
    0x08003e7e   0x08003e7e   0x00000002   PAD
    0x08003e80   0x08003e80   0x0000024c   Code   RO         4180    i.HAL_UART_IRQHandler  stm32f1xx_hal_uart.o
    0x080040cc   0x080040cc   0x00000072   Code   RO         4181    i.HAL_UART_Init     stm32f1xx_hal_uart.o
    0x0800413e   0x0800413e   0x00000002   PAD
    0x08004140   0x08004140   0x000001c0   Code   RO          854    i.HAL_UART_MspInit  usart.o
    0x08004300   0x08004300   0x000000dc   Code   RO         4184    i.HAL_UART_Receive  stm32f1xx_hal_uart.o
    0x080043dc   0x080043dc   0x00000042   Code   RO         4186    i.HAL_UART_Receive_IT  stm32f1xx_hal_uart.o
    0x0800441e   0x0800441e   0x00000002   PAD
    0x08004420   0x08004420   0x00000028   Code   RO          855    i.HAL_UART_RxCpltCallback  usart.o
    0x08004448   0x08004448   0x000000d2   Code   RO         4189    i.HAL_UART_Transmit  stm32f1xx_hal_uart.o
    0x0800451a   0x0800451a   0x00000002   PAD
    0x0800451c   0x0800451c   0x0000009c   Code   RO         4190    i.HAL_UART_Transmit_DMA  stm32f1xx_hal_uart.o
    0x080045b8   0x080045b8   0x00000002   Code   RO         4192    i.HAL_UART_TxCpltCallback  stm32f1xx_hal_uart.o
    0x080045ba   0x080045ba   0x00000002   Code   RO         4193    i.HAL_UART_TxHalfCpltCallback  stm32f1xx_hal_uart.o
    0x080045bc   0x080045bc   0x00000004   Code   RO          958    i.HardFault_Handler  stm32f1xx_it.o
    0x080045c0   0x080045c0   0x0000003e   Code   RO         2750    i.I2C_IsAcknowledgeFailed  stm32f1xx_hal_i2c.o
    0x080045fe   0x080045fe   0x00000002   PAD
    0x08004600   0x08004600   0x00000160   Code   RO         2761    i.I2C_RequestMemoryRead  stm32f1xx_hal_i2c.o
    0x08004760   0x08004760   0x000000e0   Code   RO         2762    i.I2C_RequestMemoryWrite  stm32f1xx_hal_i2c.o
    0x08004840   0x08004840   0x0000005c   Code   RO         2770    i.I2C_WaitOnBTFFlagUntilTimeout  stm32f1xx_hal_i2c.o
    0x0800489c   0x0800489c   0x00000086   Code   RO         2771    i.I2C_WaitOnFlagUntilTimeout  stm32f1xx_hal_i2c.o
    0x08004922   0x08004922   0x000000c4   Code   RO         2772    i.I2C_WaitOnMasterAddressFlagUntilTimeout  stm32f1xx_hal_i2c.o
    0x080049e6   0x080049e6   0x00000080   Code   RO         2773    i.I2C_WaitOnRXNEFlagUntilTimeout  stm32f1xx_hal_i2c.o
    0x08004a66   0x08004a66   0x0000005c   Code   RO         2776    i.I2C_WaitOnTXEFlagUntilTimeout  stm32f1xx_hal_i2c.o
    0x08004ac2   0x08004ac2   0x00000002   PAD
    0x08004ac4   0x08004ac4   0x0000005c   Code   RO          643    i.MX_ADC1_Init      adc.o
    0x08004b20   0x08004b20   0x00000048   Code   RO          687    i.MX_CAN1_Init      can.o
    0x08004b68   0x08004b68   0x00000048   Code   RO          688    i.MX_CAN2_Init      can.o
    0x08004bb0   0x08004bb0   0x00000034   Code   RO          787    i.MX_DMA_Init       dma.o
    0x08004be4   0x08004be4   0x00000098   Code   RO          565    i.MX_FREERTOS_Init  freertos.o
    0x08004c7c   0x08004c7c   0x0000016c   Code   RO          535    i.MX_GPIO_Init      gpio.o
    0x08004de8   0x08004de8   0x0000003c   Code   RO          813    i.MX_I2C1_Init      i2c.o
    0x08004e24   0x08004e24   0x00000038   Code   RO          856    i.MX_UART4_Init     usart.o
    0x08004e5c   0x08004e5c   0x00000038   Code   RO          857    i.MX_USART1_UART_Init  usart.o
    0x08004e94   0x08004e94   0x00000038   Code   RO          858    i.MX_USART3_UART_Init  usart.o
    0x08004ecc   0x08004ecc   0x00000004   Code   RO          959    i.MemManage_Handler  stm32f1xx_it.o
    0x08004ed0   0x08004ed0   0x00000046   Code   RO          859    i.ModBusCRC16       usart.o
    0x08004f16   0x08004f16   0x00000004   Code   RO          960    i.NMI_Handler       stm32f1xx_it.o
    0x08004f1a   0x08004f1a   0x00000002   PAD
    0x08004f1c   0x08004f1c   0x00000028   Code   RO         1620    i.RCC_Delay         stm32f1xx_hal_rcc.o
    0x08004f44   0x08004f44   0x0000000c   Code   RO          566    i.StartDefaultTask  freertos.o
    0x08004f50   0x08004f50   0x00000050   Code   RO          567    i.StartEC600Com     freertos.o
    0x08004fa0   0x08004fa0   0x00000034   Code   RO         5765    i.SysTick_Handler   port.o
    0x08004fd4   0x08004fd4   0x00000098   Code   RO          464    i.SystemClock_Config  main.o
    0x0800506c   0x0800506c   0x00000002   Code   RO         4520    i.SystemInit        system_stm32f1xx.o
    0x0800506e   0x0800506e   0x00000002   PAD
    0x08005070   0x08005070   0x00000010   Code   RO          961    i.TIM1_UP_IRQHandler  stm32f1xx_it.o
    0x08005080   0x08005080   0x00000084   Code   RO         3263    i.TIM_Base_SetConfig  stm32f1xx_hal_tim.o
    0x08005104   0x08005104   0x00000010   Code   RO          962    i.UART4_IRQHandler  stm32f1xx_it.o
    0x08005114   0x08005114   0x00000014   Code   RO         4194    i.UART_DMAAbortOnError  stm32f1xx_hal_uart.o
    0x08005128   0x08005128   0x00000050   Code   RO         4195    i.UART_DMAError     stm32f1xx_hal_uart.o
    0x08005178   0x08005178   0x00000036   Code   RO         4200    i.UART_DMATransmitCplt  stm32f1xx_hal_uart.o
    0x080051ae   0x080051ae   0x0000000e   Code   RO         4202    i.UART_DMATxHalfCplt  stm32f1xx_hal_uart.o
    0x080051bc   0x080051bc   0x00000036   Code   RO         4204    i.UART_EndRxTransfer  stm32f1xx_hal_uart.o
    0x080051f2   0x080051f2   0x00000020   Code   RO         4205    i.UART_EndTransmit_IT  stm32f1xx_hal_uart.o
    0x08005212   0x08005212   0x00000014   Code   RO         4206    i.UART_EndTxTransfer  stm32f1xx_hal_uart.o
    0x08005226   0x08005226   0x000000e4   Code   RO         4207    i.UART_Receive_IT   stm32f1xx_hal_uart.o
    0x0800530a   0x0800530a   0x00000002   PAD
    0x0800530c   0x0800530c   0x000000fc   Code   RO         4208    i.UART_SetConfig    stm32f1xx_hal_uart.o
    0x08005408   0x08005408   0x00000046   Code   RO         4210    i.UART_Start_Receive_IT  stm32f1xx_hal_uart.o
    0x0800544e   0x0800544e   0x00000060   Code   RO         4211    i.UART_Transmit_IT  stm32f1xx_hal_uart.o
    0x080054ae   0x080054ae   0x0000006c   Code   RO         4212    i.UART_WaitOnFlagUntilTimeout  stm32f1xx_hal_uart.o
    0x0800551a   0x0800551a   0x00000002   PAD
    0x0800551c   0x0800551c   0x00000010   Code   RO          963    i.USART1_IRQHandler  stm32f1xx_it.o
    0x0800552c   0x0800552c   0x00000004   Code   RO          964    i.UsageFault_Handler  stm32f1xx_it.o
    0x08005530   0x08005530   0x00000020   Code   RO         6989    i.__0printf         mc_w.l(printfa.o)
    0x08005550   0x08005550   0x00000030   Code   RO         6990    i.__0snprintf       mc_w.l(printfa.o)
    0x08005580   0x08005580   0x00000028   Code   RO         6991    i.__0sprintf        mc_w.l(printfa.o)
    0x080055a8   0x080055a8   0x0000001a   Code   RO         5915    i.__ARM_common_switch8  jansson_CM3LE.lib(dump.o)
    0x080055c2   0x080055c2   0x00000002   PAD
    0x080055c4   0x080055c4   0x00000010   Code   RO         1949    i.__NVIC_GetPriorityGrouping  stm32f1xx_hal_cortex.o
    0x080055d4   0x080055d4   0x00000028   Code   RO         1950    i.__NVIC_SetPriority  stm32f1xx_hal_cortex.o
    0x080055fc   0x080055fc   0x0000000e   Code   RO         7129    i.__scatterload_copy  mc_w.l(handlers.o)
    0x0800560a   0x0800560a   0x00000002   Code   RO         7130    i.__scatterload_null  mc_w.l(handlers.o)
    0x0800560c   0x0800560c   0x0000000e   Code   RO         7131    i.__scatterload_zeroinit  mc_w.l(handlers.o)
    0x0800561a   0x0800561a   0x00000002   PAD
    0x0800561c   0x0800561c   0x00000184   Code   RO         6996    i._fp_digits        mc_w.l(printfa.o)
    0x080057a0   0x080057a0   0x000006dc   Code   RO         6997    i._printf_core      mc_w.l(printfa.o)
    0x08005e7c   0x08005e7c   0x00000024   Code   RO         6998    i._printf_post_padding  mc_w.l(printfa.o)
    0x08005ea0   0x08005ea0   0x0000002e   Code   RO         6999    i._printf_pre_padding  mc_w.l(printfa.o)
    0x08005ece   0x08005ece   0x00000016   Code   RO         7000    i._snputc           mc_w.l(printfa.o)
    0x08005ee4   0x08005ee4   0x0000000a   Code   RO         7001    i._sputc            mc_w.l(printfa.o)
    0x08005eee   0x08005eee   0x00000016   Code   RO         6356    i.bucket_is_empty   jansson_CM3LE.lib(hashtable.o)
    0x08005f04   0x08005f04   0x00000394   Code   RO         5853    i.do_dump           jansson_CM3LE.lib(dump.o)
    0x08006298   0x08006298   0x00000060   Code   RO         5854    i.dump_indent       jansson_CM3LE.lib(dump.o)
    0x080062f8   0x080062f8   0x0000014c   Code   RO         5855    i.dump_string       jansson_CM3LE.lib(dump.o)
    0x08006444   0x08006444   0x00000010   Code   RO         5857    i.dump_to_strbuffer  jansson_CM3LE.lib(dump.o)
    0x08006454   0x08006454   0x00000020   Code   RO          860    i.fputc             usart.o
    0x08006474   0x08006474   0x00000050   Code   RO         7017    i.free              mc_w.l(malloc.o)
    0x080064c4   0x080064c4   0x00000144   Code   RO         6357    i.hashlittle        jansson_CM3LE.lib(hashtable.o)
    0x08006608   0x08006608   0x00000010   Code   RO         6359    i.hashtable_close   jansson_CM3LE.lib(hashtable.o)
    0x08006618   0x08006618   0x00000022   Code   RO         6361    i.hashtable_do_clear  jansson_CM3LE.lib(hashtable.o)
    0x0800663a   0x0800663a   0x00000076   Code   RO         6363    i.hashtable_do_rehash  jansson_CM3LE.lib(hashtable.o)
    0x080066b0   0x080066b0   0x0000003c   Code   RO         6364    i.hashtable_find_pair  jansson_CM3LE.lib(hashtable.o)
    0x080066ec   0x080066ec   0x00000040   Code   RO         6365    i.hashtable_get     jansson_CM3LE.lib(hashtable.o)
    0x0800672c   0x0800672c   0x00000048   Code   RO         6366    i.hashtable_init    jansson_CM3LE.lib(hashtable.o)
    0x08006774   0x08006774   0x0000000c   Code   RO         6367    i.hashtable_iter    jansson_CM3LE.lib(hashtable.o)
    0x08006780   0x08006780   0x00000004   Code   RO         6369    i.hashtable_iter_key  jansson_CM3LE.lib(hashtable.o)
    0x08006784   0x08006784   0x0000000e   Code   RO         6370    i.hashtable_iter_next  jansson_CM3LE.lib(hashtable.o)
    0x08006792   0x08006792   0x00000004   Code   RO         6371    i.hashtable_iter_serial  jansson_CM3LE.lib(hashtable.o)
    0x08006796   0x08006796   0x00000004   Code   RO         6373    i.hashtable_iter_value  jansson_CM3LE.lib(hashtable.o)
    0x0800679a   0x0800679a   0x00000002   PAD
    0x0800679c   0x0800679c   0x000000ac   Code   RO         6374    i.hashtable_set     jansson_CM3LE.lib(hashtable.o)
    0x08006848   0x08006848   0x00000010   Code   RO         5334    i.inHandlerMode     cmsis_os.o
    0x08006858   0x08006858   0x00000264   Code   RO          689    i.initJsonObj       can.o
    0x08006abc   0x08006abc   0x0000002a   Code   RO         6375    i.insert_to_bucket  jansson_CM3LE.lib(hashtable.o)
    0x08006ae6   0x08006ae6   0x0000001c   Code   RO         5967    i.json_array_get    jansson_CM3LE.lib(value.o)
    0x08006b02   0x08006b02   0x00000012   Code   RO         5972    i.json_array_size   jansson_CM3LE.lib(value.o)
    0x08006b14   0x08006b14   0x00000018   Code   RO         5974    i.json_decref       jansson_CM3LE.lib(value.o)
    0x08006b2c   0x08006b2c   0x00000018   Code   RO         6376    i.json_decref       jansson_CM3LE.lib(hashtable.o)
    0x08006b44   0x08006b44   0x00000054   Code   RO         5976    i.json_delete       jansson_CM3LE.lib(value.o)
    0x08006b98   0x08006b98   0x0000002a   Code   RO         5858    i.json_dump_callback  jansson_CM3LE.lib(dump.o)
    0x08006bc2   0x08006bc2   0x00000002   PAD
    0x08006bc4   0x08006bc4   0x00000044   Code   RO         5861    i.json_dumps        jansson_CM3LE.lib(dump.o)
    0x08006c08   0x08006c08   0x0000001c   Code   RO         5980    i.json_integer      jansson_CM3LE.lib(value.o)
    0x08006c24   0x08006c24   0x00000018   Code   RO         5981    i.json_integer_set  jansson_CM3LE.lib(value.o)
    0x08006c3c   0x08006c3c   0x00000018   Code   RO         5982    i.json_integer_value  jansson_CM3LE.lib(value.o)
    0x08006c54   0x08006c54   0x0000004c   Code   RO         5985    i.json_object       jansson_CM3LE.lib(value.o)
    0x08006ca0   0x08006ca0   0x0000001c   Code   RO         5990    i.json_object_get   jansson_CM3LE.lib(value.o)
    0x08006cbc   0x08006cbc   0x00000018   Code   RO         5991    i.json_object_iter  jansson_CM3LE.lib(value.o)
    0x08006cd4   0x08006cd4   0x0000000c   Code   RO         5993    i.json_object_iter_key  jansson_CM3LE.lib(value.o)
    0x08006ce0   0x08006ce0   0x0000001c   Code   RO         5994    i.json_object_iter_next  jansson_CM3LE.lib(value.o)
    0x08006cfc   0x08006cfc   0x0000000c   Code   RO         5996    i.json_object_iter_value  jansson_CM3LE.lib(value.o)
    0x08006d08   0x08006d08   0x00000028   Code   RO         6689    i.json_object_seed  jansson_CM3LE.lib(hashtable_seed.o)
    0x08006d30   0x08006d30   0x0000002c   Code   RO          690    i.json_object_set   can.o
    0x08006d5c   0x08006d5c   0x00000034   Code   RO         5998    i.json_object_set_new  jansson_CM3LE.lib(value.o)
    0x08006d90   0x08006d90   0x00000040   Code   RO         5999    i.json_object_set_new_nocheck  jansson_CM3LE.lib(value.o)
    0x08006dd0   0x08006dd0   0x00000012   Code   RO         6001    i.json_object_size  jansson_CM3LE.lib(value.o)
    0x08006de2   0x08006de2   0x00000018   Code   RO         6007    i.json_real_value   jansson_CM3LE.lib(value.o)
    0x08006dfa   0x08006dfa   0x00000012   Code   RO         6010    i.json_string_length  jansson_CM3LE.lib(value.o)
    0x08006e0c   0x08006e0c   0x00000012   Code   RO         6016    i.json_string_value  jansson_CM3LE.lib(value.o)
    0x08006e1e   0x08006e1e   0x00000002   PAD
    0x08006e20   0x08006e20   0x000000a0   Code   RO         6619    i.jsonp_dtostr      jansson_CM3LE.lib(strconv.o)
    0x08006ec0   0x08006ec0   0x00000010   Code   RO         6514    i.jsonp_free        jansson_CM3LE.lib(memory.o)
    0x08006ed0   0x08006ed0   0x00000010   Code   RO         6515    i.jsonp_malloc      jansson_CM3LE.lib(memory.o)
    0x08006ee0   0x08006ee0   0x00000012   Code   RO         6516    i.jsonp_strdup      jansson_CM3LE.lib(memory.o)
    0x08006ef2   0x08006ef2   0x00000024   Code   RO         6517    i.jsonp_strndup     jansson_CM3LE.lib(memory.o)
    0x08006f16   0x08006f16   0x0000000e   Code   RO         6377    i.list_insert       jansson_CM3LE.lib(hashtable.o)
    0x08006f24   0x08006f24   0x000000a0   Code   RO          465    i.main              main.o
    0x08006fc4   0x08006fc4   0x0000000e   Code   RO         5336    i.makeFreeRtosPriority  cmsis_os.o
    0x08006fd2   0x08006fd2   0x00000002   PAD
    0x08006fd4   0x08006fd4   0x0000006c   Code   RO         7018    i.malloc            mc_w.l(malloc.o)
    0x08007040   0x08007040   0x00000070   Code   RO           17    i.mpu_configure_fifo  inv_mpu.o
    0x080070b0   0x080070b0   0x0000004c   Code   RO           18    i.mpu_get_accel_fsr  inv_mpu.o
    0x080070fc   0x080070fc   0x00000010   Code   RO           25    i.mpu_get_fifo_config  inv_mpu.o
    0x0800710c   0x0800710c   0x00000044   Code   RO           26    i.mpu_get_gyro_fsr  inv_mpu.o
    0x08007150   0x08007150   0x00000050   Code   RO           30    i.mpu_get_lpf       inv_mpu.o
    0x080071a0   0x080071a0   0x00000020   Code   RO           32    i.mpu_get_sample_rate  inv_mpu.o
    0x080071c0   0x080071c0   0x00000164   Code   RO           34    i.mpu_init          inv_mpu.o
    0x08007324   0x08007324   0x00000100   Code   RO           36    i.mpu_lp_accel_mode  inv_mpu.o
    0x08007424   0x08007424   0x00000254   Code   RO           37    i.mpu_lp_motion_interrupt  inv_mpu.o
    0x08007678   0x08007678   0x00000264   Code   RO           43    i.mpu_reset_fifo    inv_mpu.o
    0x080078dc   0x080078dc   0x00000098   Code   RO           46    i.mpu_set_accel_fsr  inv_mpu.o
    0x08007974   0x08007974   0x000001a8   Code   RO           47    i.mpu_set_bypass    inv_mpu.o
    0x08007b1c   0x08007b1c   0x000000b0   Code   RO           49    i.mpu_set_dmp_state  inv_mpu.o
    0x08007bcc   0x08007bcc   0x0000009c   Code   RO           50    i.mpu_set_gyro_fsr  inv_mpu.o
    0x08007c68   0x08007c68   0x00000080   Code   RO           51    i.mpu_set_int_latched  inv_mpu.o
    0x08007ce8   0x08007ce8   0x00000098   Code   RO           53    i.mpu_set_lpf       inv_mpu.o
    0x08007d80   0x08007d80   0x000000b0   Code   RO           54    i.mpu_set_sample_rate  inv_mpu.o
    0x08007e30   0x08007e30   0x000000f0   Code   RO           55    i.mpu_set_sensors   inv_mpu.o
    0x08007f20   0x08007f20   0x0000000c   Code   RO         5862    i.object_key_compare_keys  jansson_CM3LE.lib(dump.o)
    0x08007f2c   0x08007f2c   0x0000001a   Code   RO         5863    i.object_key_compare_serials  jansson_CM3LE.lib(dump.o)
    0x08007f46   0x08007f46   0x00000018   Code   RO         5338    i.osDelay           cmsis_os.o
    0x08007f5e   0x08007f5e   0x0000000a   Code   RO         5341    i.osKernelStart     cmsis_os.o
    0x08007f68   0x08007f68   0x00000014   Code   RO         5342    i.osKernelSysTick   cmsis_os.o
    0x08007f7c   0x08007f7c   0x00000028   Code   RO         5350    i.osMessageCreate   cmsis_os.o
    0x08007fa4   0x08007fa4   0x0000005e   Code   RO         5375    i.osThreadCreate    cmsis_os.o
    0x08008002   0x08008002   0x00000002   PAD
    0x08008004   0x08008004   0x0000016c   Code   RO          691    i.packJaon          can.o
    0x08008170   0x08008170   0x0000014c   Code   RO          568    i.powerControlFunc  freertos.o
    0x080082bc   0x080082bc   0x00000098   Code   RO         5022    i.prvAddCurrentTaskToDelayedList  tasks.o
    0x08008354   0x08008354   0x000000b4   Code   RO         5023    i.prvAddNewTaskToReadyList  tasks.o
    0x08008408   0x08008408   0x00000048   Code   RO         5024    i.prvCheckTasksWaitingTermination  tasks.o
    0x08008450   0x08008450   0x00000050   Code   RO         5025    i.prvDeleteTCB      tasks.o
    0x080084a0   0x080084a0   0x0000007c   Code   RO         5703    i.prvHeapInit       heap_4.o
    0x0800851c   0x0800851c   0x00000028   Code   RO         5026    i.prvIdleTask       tasks.o
    0x08008544   0x08008544   0x00000026   Code   RO         4701    i.prvInitialiseNewQueue  queue.o
    0x0800856a   0x0800856a   0x000000aa   Code   RO         5027    i.prvInitialiseNewTask  tasks.o
    0x08008614   0x08008614   0x00000068   Code   RO         5028    i.prvInitialiseTaskLists  tasks.o
    0x0800867c   0x0800867c   0x00000068   Code   RO         5704    i.prvInsertBlockIntoFreeList  heap_4.o
    0x080086e4   0x080086e4   0x00000034   Code   RO         5029    i.prvResetNextTaskUnblockTime  tasks.o
    0x08008718   0x08008718   0x00000040   Code   RO         5766    i.prvTaskExitError  port.o
    0x08008758   0x08008758   0x0000013c   Code   RO         5705    i.pvPortMalloc      heap_4.o
    0x08008894   0x08008894   0x00000024   Code   RO         5767    i.pxPortInitialiseStack  port.o
    0x080088b8   0x080088b8   0x0000001c   Code   RO          569    i.readBatteryInfo   freertos.o
    0x080088d4   0x080088d4   0x000000f8   Code   RO          862    i.readBmsID         usart.o
    0x080089cc   0x080089cc   0x00000118   Code   RO          863    i.readBmsRegs       usart.o
    0x08008ae4   0x08008ae4   0x00000034   Code   RO          536    i.readPowerSupplyStatus  gpio.o
    0x08008b18   0x08008b18   0x00000006   Code   RO         5841    i.seed_from_timestamp_and_pid  jansson_config.o
    0x08008b1e   0x08008b1e   0x00000002   PAD
    0x08008b20   0x08008b20   0x000000b0   Code   RO           57    i.set_int_enable    inv_mpu.o
    0x08008bd0   0x08008bd0   0x00000040   Code   RO          692    i.sndCANMsg         can.o
    0x08008c10   0x08008c10   0x00000070   Code   RO         6561    i.strbuffer_append_bytes  jansson_CM3LE.lib(strbuffer.o)
    0x08008c80   0x08008c80   0x00000018   Code   RO         6563    i.strbuffer_close   jansson_CM3LE.lib(strbuffer.o)
    0x08008c98   0x08008c98   0x00000022   Code   RO         6564    i.strbuffer_init    jansson_CM3LE.lib(strbuffer.o)
    0x08008cba   0x08008cba   0x00000004   Code   RO         6567    i.strbuffer_value   jansson_CM3LE.lib(strbuffer.o)
    0x08008cbe   0x08008cbe   0x00000002   PAD
    0x08008cc0   0x08008cc0   0x000000ac   Code   RO          864    i.updateBatInfo     usart.o
    0x08008d6c   0x08008d6c   0x00000150   Code   RO          693    i.updateInverteInfo  can.o
    0x08008ebc   0x08008ebc   0x0000003c   Code   RO         6650    i.utf8_check_first  jansson_CM3LE.lib(utf.o)
    0x08008ef8   0x08008ef8   0x00000088   Code   RO         6651    i.utf8_check_full   jansson_CM3LE.lib(utf.o)
    0x08008f80   0x08008f80   0x0000003e   Code   RO         6652    i.utf8_check_string  jansson_CM3LE.lib(utf.o)
    0x08008fbe   0x08008fbe   0x00000040   Code   RO         6654    i.utf8_iterate      jansson_CM3LE.lib(utf.o)
    0x08008ffe   0x08008ffe   0x00000028   Code   RO         4657    i.uxListRemove      list.o
    0x08009026   0x08009026   0x00000002   PAD
    0x08009028   0x08009028   0x00000018   Code   RO          570    i.vApplicationGetIdleTaskMemory  freertos.o
    0x08009040   0x08009040   0x0000001a   Code   RO         4658    i.vListInitialise   list.o
    0x0800905a   0x0800905a   0x00000006   Code   RO         4659    i.vListInitialiseItem  list.o
    0x08009060   0x08009060   0x00000034   Code   RO         4660    i.vListInsert       list.o
    0x08009094   0x08009094   0x00000018   Code   RO         4661    i.vListInsertEnd    list.o
    0x080090ac   0x080090ac   0x00000054   Code   RO         5769    i.vPortEnterCritical  port.o
    0x08009100   0x08009100   0x0000003c   Code   RO         5770    i.vPortExitCritical  port.o
    0x0800913c   0x0800913c   0x00000094   Code   RO         5706    i.vPortFree         heap_4.o
    0x080091d0   0x080091d0   0x00000028   Code   RO         5771    i.vPortSetupTimerInterrupt  port.o
    0x080091f8   0x080091f8   0x00000078   Code   RO         5772    i.vPortValidateInterruptPriority  port.o
    0x08009270   0x08009270   0x0000005c   Code   RO         5037    i.vTaskDelay        tasks.o
    0x080092cc   0x080092cc   0x000000b0   Code   RO         5050    i.vTaskStartScheduler  tasks.o
    0x0800937c   0x0800937c   0x00000010   Code   RO         5052    i.vTaskSuspendAll   tasks.o
    0x0800938c   0x0800938c   0x0000008c   Code   RO         5053    i.vTaskSwitchContext  tasks.o
    0x08009418   0x08009418   0x000000f8   Code   RO         5773    i.xPortStartScheduler  port.o
    0x08009510   0x08009510   0x0000005e   Code   RO         4713    i.xQueueGenericCreate  queue.o
    0x0800956e   0x0800956e   0x000000de   Code   RO         4714    i.xQueueGenericCreateStatic  queue.o
    0x0800964c   0x0800964c   0x00000098   Code   RO         4715    i.xQueueGenericReset  queue.o
    0x080096e4   0x080096e4   0x00000064   Code   RO         5055    i.xTaskCreate       tasks.o
    0x08009748   0x08009748   0x000000b8   Code   RO         5056    i.xTaskCreateStatic  tasks.o
    0x08009800   0x08009800   0x0000000c   Code   RO         5061    i.xTaskGetTickCount  tasks.o
    0x0800980c   0x0800980c   0x00000014   Code   RO         5062    i.xTaskGetTickCountFromISR  tasks.o
    0x08009820   0x08009820   0x00000148   Code   RO         5063    i.xTaskIncrementTick  tasks.o
    0x08009968   0x08009968   0x00000098   Code   RO         5068    i.xTaskRemoveFromEventList  tasks.o
    0x08009a00   0x08009a00   0x00000104   Code   RO         5069    i.xTaskResumeAll    tasks.o
    0x08009b04   0x08009b04   0x00000054   Data   RO           59    .constdata          inv_mpu.o
    0x08009b58   0x08009b58   0x00000080   Data   RO          572    .constdata          freertos.o
    0x08009bd8   0x08009bd8   0x00000018   Data   RO         4521    .constdata          system_stm32f1xx.o
    0x08009bf0   0x08009bf0   0x00000021   Data   RO         5864    .constdata          jansson_CM3LE.lib(dump.o)
    0x08009c11   0x08009c11   0x00000003   PAD
    0x08009c14   0x08009c14   0x00000039   Data   RO          573    .conststring        freertos.o
    0x08009c4d   0x08009c4d   0x00000003   PAD
    0x08009c50   0x08009c50   0x00000020   Data   RO         7127    Region$$Table       anon$$obj.o


    Execution Region RW_IRAM1 (Exec base: 0x20000000, Load base: 0x08009c70, Size: 0x00003be8, Max: 0x00010000, ABSOLUTE, COMPRESSED[0x00000038])

    Exec Addr    Load Addr    Size         Type   Attr      Idx    E Section Name        Object

    0x20000000   COMPRESSED   0x0000002c   Data   RW           60    .data               inv_mpu.o
    0x2000002c   COMPRESSED   0x00000019   Data   RW          574    .data               freertos.o
    0x20000045   COMPRESSED   0x00000003   PAD
    0x20000048   COMPRESSED   0x00000074   Data   RW          695    .data               can.o
    0x200000bc   COMPRESSED   0x00000082   Data   RW          866    .data               usart.o
    0x2000013e   COMPRESSED   0x00000002   PAD
    0x20000140   COMPRESSED   0x00000009   Data   RW         1457    .data               stm32f1xx_hal.o
    0x20000149   COMPRESSED   0x00000003   PAD
    0x2000014c   COMPRESSED   0x00000004   Data   RW         4522    .data               system_stm32f1xx.o
    0x20000150   COMPRESSED   0x0000003c   Data   RW         5072    .data               tasks.o
    0x2000018c   COMPRESSED   0x00000018   Data   RW         5711    .data               heap_4.o
    0x200001a4   COMPRESSED   0x0000000c   Data   RW         5774    .data               port.o
    0x200001b0   COMPRESSED   0x00000008   Data   RW         6518    .data               jansson_CM3LE.lib(memory.o)
    0x200001b8   COMPRESSED   0x00000004   Data   RW         6690    .data               jansson_CM3LE.lib(hashtable_seed.o)
    0x200001bc   COMPRESSED   0x00000004   Data   RW         7086    .data               mc_w.l(stdout.o)
    0x200001c0   COMPRESSED   0x00000004   Data   RW         7089    .data               mc_w.l(mvars.o)
    0x200001c4   COMPRESSED   0x00000004   Data   RW         7090    .data               mc_w.l(mvars.o)
    0x200001c8        -       0x00000020   Zero   RW          466    .bss                main.o
    0x200001e8        -       0x00000254   Zero   RW          571    .bss                freertos.o
    0x2000043c        -       0x00000030   Zero   RW          644    .bss                adc.o
    0x2000046c        -       0x0000046c   Zero   RW          694    .bss                can.o
    0x200008d8        -       0x00000054   Zero   RW          814    .bss                i2c.o
    0x2000092c        -       0x00000180   Zero   RW          865    .bss                usart.o
    0x20000aac        -       0x00000048   Zero   RW         1084    .bss                stm32f1xx_hal_timebase_tim.o
    0x20000af4        -       0x000000f0   Zero   RW         5071    .bss                tasks.o
    0x20000be4        -       0x00001000   Zero   RW         5710    .bss                heap_4.o
    0x20001be4   COMPRESSED   0x00000004   PAD
    0x20001be8        -       0x00001000   Zero   RW            2    HEAP                startup_stm32f105xc.o
    0x20002be8        -       0x00001000   Zero   RW            1    STACK               startup_stm32f105xc.o


==============================================================================

Image component sizes


      Code (inc. data)   RO Data    RW Data    ZI Data      Debug   Object Name

       204         24          0          0         48       1565   adc.o
      2108        530          0        116       1132      12454   can.o
       218          0          0          0          0      27211   cmsis_os.o
        52          4          0          0          0        698   dma.o
         0          0          0          0          0      18100   event_groups.o
       628        114        185         25        596       5920   freertos.o
       416         28          0          0          0       1631   gpio.o
       692         62          0         24       4096       7071   heap_4.o
       176         24          0          0         84       1513   i2c.o
      3984        158         84         44          0     685905   inv_mpu.o
         6          0          0          0          0        842   jansson_config.o
       148          0          0          0          0       3278   list.o
       372         40          0          0         32       8533   main.o
       854         78          0         12          0      10985   port.o
       506          6          0          0          0       5579   queue.o
        36          8        336          0       8192        780   startup_stm32f105xc.o
        76         20          0          9          0       5586   stm32f1xx_hal.o
      1608         62          0          0          0       6208   stm32f1xx_hal_adc.o
      2186          6          0          0          0      13948   stm32f1xx_hal_can.o
       356         34          0          0          0      29903   stm32f1xx_hal_cortex.o
      1770         28          0          0          0       5130   stm32f1xx_hal_dma.o
       848         34          0          0          0       3816   stm32f1xx_hal_gpio.o
      2968         52          0          0          0      11130   stm32f1xx_hal_i2c.o
        96         10          0          0          0        850   stm32f1xx_hal_msp.o
        68         14          0          0          0       1029   stm32f1xx_hal_pwr.o
      2260        132          0          0          0       6697   stm32f1xx_hal_rcc.o
      1080         64          0          0          0       2689   stm32f1xx_hal_rcc_ex.o
       782         34          0          0          0       5902   stm32f1xx_hal_tim.o
         4          0          0          0          0       1449   stm32f1xx_hal_tim_ex.o
       160         24          0          0         72       1837   stm32f1xx_hal_timebase_tim.o
      2390         24          0          0          0      15441   stm32f1xx_hal_uart.o
       150         48          0          0          0       6036   stm32f1xx_it.o
         0          0          0          0          0        392   stream_buffer.o
         2          0         24          4          0       1047   system_stm32f1xx.o
      2330        304          0         60        240      18495   tasks.o
      1462        216          0        130        384       9320   usart.o

    ----------------------------------------------------------------------
     31034       2182        664        432      14880     938970   Object Totals
         0          0         32          0          0          0   (incl. Generated)
        38          0          3          8          4          0   (incl. Padding)

    ----------------------------------------------------------------------

      Code (inc. data)   RO Data    RW Data    ZI Data      Debug   Library Member Name

      1534        162         33          0          0      17721   dump.o
      1000         32          0          0          0      17697   hashtable.o
        40          6          0          4          0       1280   hashtable_seed.o
        86          8          0          8          0       6121   memory.o
       174          4          0          0          0       2866   strbuffer.o
       160         10          0          0          0        783   strconv.o
       322         10          0          0          0       3520   utf.o
       604         12          0          0          0      18830   value.o
        86          0          0          0          0          0   __dczerorl2.o
         0          0          0          0          0          0   entry.o
         0          0          0          0          0          0   entry10a.o
         0          0          0          0          0          0   entry11a.o
         8          4          0          0          0          0   entry2.o
         4          0          0          0          0          0   entry5.o
         0          0          0          0          0          0   entry7b.o
         0          0          0          0          0          0   entry8b.o
         8          4          0          0          0          0   entry9a.o
        30          0          0          0          0          0   handlers.o
        36          8          0          0          0         68   init.o
         0          0          0          0          0          0   iusefp.o
        30          0          0          0          0         68   llshl.o
        36          0          0          0          0         68   llsshr.o
        32          0          0          0          0         68   llushr.o
       188         20          0          0          0        160   malloc.o
        64          0          0          0          0         76   memmovea.o
        36          0          0          0          0        108   memseta.o
         0          0          0          8          0          0   mvars.o
      2378        100          0          0          0        756   printfa.o
       156          0          0          0          0         88   qsort.o
         0          0          0          4          0          0   stdout.o
        20          0          0          0          0         68   strchr.o
        28          0          0          0          0         76   strcmp.o
        18          0          0          0          0         68   strcpy.o
        14          0          0          0          0         68   strlen.o
        44          0          0          0          0         80   uidiv.o
        98          0          0          0          0         92   uldiv.o
        48          0          0          0          0         68   cdrcmple.o
       334          0          0          0          0        148   dadd.o
       222          0          0          0          0        100   ddiv.o
       186          0          0          0          0        176   depilogue.o
        48          0          0          0          0         68   dfixul.o
       228          0          0          0          0         96   dmul.o

    ----------------------------------------------------------------------
      8314        380         36         24          0      71386   Library Totals
        14          0          3          0          0          0   (incl. Padding)

    ----------------------------------------------------------------------

      Code (inc. data)   RO Data    RW Data    ZI Data      Debug   Library Name

      3920        244         33         12          0      68818   jansson_CM3LE.lib
      3314        136          0         12          0       1912   mc_w.l
      1066          0          0          0          0        656   mf_w.l

    ----------------------------------------------------------------------
      8314        380         36         24          0      71386   Library Totals

    ----------------------------------------------------------------------

==============================================================================


      Code (inc. data)   RO Data    RW Data    ZI Data      Debug   

     39348       2562        700        456      14880     995256   Grand Totals
     39348       2562        700         56      14880     995256   ELF Image Totals (compressed)
     39348       2562        700         56          0          0   ROM Totals

==============================================================================

    Total RO  Size (Code + RO Data)                40048 (  39.11kB)
    Total RW  Size (RW Data + ZI Data)             15336 (  14.98kB)
    Total ROM Size (Code + RO Data + RW Data)      40104 (  39.16kB)

==============================================================================

