Component: ARM Compiler 5.06 update 6 (build 750) Tool: armlink [4d35ed]

==============================================================================

Section Cross References

    startup_stm32f105xc.o(RESET) refers to startup_stm32f105xc.o(STACK) for __initial_sp
    startup_stm32f105xc.o(RESET) refers to startup_stm32f105xc.o(.text) for Reset_Handler
    startup_stm32f105xc.o(RESET) refers to stm32f1xx_it.o(i.NMI_Handler) for NMI_Handler
    startup_stm32f105xc.o(RESET) refers to stm32f1xx_it.o(i.HardFault_Handler) for HardFault_Handler
    startup_stm32f105xc.o(RESET) refers to stm32f1xx_it.o(i.MemManage_Handler) for MemManage_Handler
    startup_stm32f105xc.o(RESET) refers to stm32f1xx_it.o(i.BusFault_Handler) for BusFault_Handler
    startup_stm32f105xc.o(RESET) refers to stm32f1xx_it.o(i.UsageFault_Handler) for UsageFault_Handler
    startup_stm32f105xc.o(RESET) refers to port.o(.emb_text) for SVC_Handler
    startup_stm32f105xc.o(RESET) refers to stm32f1xx_it.o(i.DebugMon_Handler) for DebugMon_Handler
    startup_stm32f105xc.o(RESET) refers to port.o(i.SysTick_Handler) for SysTick_Handler
    startup_stm32f105xc.o(RESET) refers to stm32f1xx_it.o(i.CAN1_RX0_IRQHandler) for CAN1_RX0_IRQHandler
    startup_stm32f105xc.o(RESET) refers to stm32f1xx_it.o(i.CAN1_RX1_IRQHandler) for CAN1_RX1_IRQHandler
    startup_stm32f105xc.o(RESET) refers to stm32f1xx_it.o(i.TIM1_UP_IRQHandler) for TIM1_UP_IRQHandler
    startup_stm32f105xc.o(RESET) refers to stm32f1xx_it.o(i.USART1_IRQHandler) for USART1_IRQHandler
    startup_stm32f105xc.o(RESET) refers to stm32f1xx_it.o(i.UART4_IRQHandler) for UART4_IRQHandler
    startup_stm32f105xc.o(RESET) refers to stm32f1xx_it.o(i.DMA2_Channel5_IRQHandler) for DMA2_Channel5_IRQHandler
    startup_stm32f105xc.o(RESET) refers to stm32f1xx_it.o(i.CAN2_RX0_IRQHandler) for CAN2_RX0_IRQHandler
    startup_stm32f105xc.o(RESET) refers to stm32f1xx_it.o(i.CAN2_RX1_IRQHandler) for CAN2_RX1_IRQHandler
    startup_stm32f105xc.o(.text) refers to system_stm32f1xx.o(i.SystemInit) for SystemInit
    startup_stm32f105xc.o(.text) refers to entry.o(.ARM.Collect$$$$00000000) for __main
    inv_mpu.o(i.accel_self_test) refers to inv_mpu.o(i.get_accel_prod_shift) for get_accel_prod_shift
    inv_mpu.o(i.accel_self_test) refers to fflti.o(.text) for __aeabi_i2f
    inv_mpu.o(i.accel_self_test) refers to fdiv.o(.text) for __aeabi_fdiv
    inv_mpu.o(i.accel_self_test) refers to cfcmple.o(.text) for __aeabi_cfcmpeq
    inv_mpu.o(i.accel_self_test) refers to fadd.o(.text) for __aeabi_fsub
    inv_mpu.o(i.accel_self_test) refers to cfrcmple.o(.text) for __aeabi_cfrcmple
    inv_mpu.o(i.accel_self_test) refers to inv_mpu.o(.constdata) for test
    inv_mpu.o(i.get_accel_prod_shift) refers to stm32f1xx_hal_i2c.o(i.HAL_I2C_Mem_Read) for HAL_I2C_Mem_Read
    inv_mpu.o(i.get_accel_prod_shift) refers to fmul.o(.text) for __aeabi_fmul
    inv_mpu.o(i.get_accel_prod_shift) refers to inv_mpu.o(.data) for st
    inv_mpu.o(i.get_accel_prod_shift) refers to i2c.o(.bss) for hi2c1
    inv_mpu.o(i.get_st_biases) refers to stm32f1xx_hal_i2c.o(i.HAL_I2C_Mem_Write) for HAL_I2C_Mem_Write
    inv_mpu.o(i.get_st_biases) refers to cmsis_os.o(i.osDelay) for osDelay
    inv_mpu.o(i.get_st_biases) refers to stm32f1xx_hal_i2c.o(i.HAL_I2C_Mem_Read) for HAL_I2C_Mem_Read
    inv_mpu.o(i.get_st_biases) refers to inv_mpu.o(.data) for st
    inv_mpu.o(i.get_st_biases) refers to i2c.o(.bss) for hi2c1
    inv_mpu.o(i.get_st_biases) refers to inv_mpu.o(.constdata) for test
    inv_mpu.o(i.get_st_biases) refers to ldiv.o(.text) for __aeabi_ldivmod
    inv_mpu.o(i.gyro_self_test) refers to stm32f1xx_hal_i2c.o(i.HAL_I2C_Mem_Read) for HAL_I2C_Mem_Read
    inv_mpu.o(i.gyro_self_test) refers to fflti.o(.text) for __aeabi_i2f
    inv_mpu.o(i.gyro_self_test) refers to fdiv.o(.text) for __aeabi_fdiv
    inv_mpu.o(i.gyro_self_test) refers to ffltui.o(.text) for __aeabi_ui2f
    inv_mpu.o(i.gyro_self_test) refers to fmul.o(.text) for __aeabi_fmul
    inv_mpu.o(i.gyro_self_test) refers to fadd.o(.text) for __aeabi_fsub
    inv_mpu.o(i.gyro_self_test) refers to cfrcmple.o(.text) for __aeabi_cfrcmple
    inv_mpu.o(i.gyro_self_test) refers to cfcmple.o(.text) for __aeabi_cfcmple
    inv_mpu.o(i.gyro_self_test) refers to inv_mpu.o(.data) for st
    inv_mpu.o(i.gyro_self_test) refers to i2c.o(.bss) for hi2c1
    inv_mpu.o(i.gyro_self_test) refers to inv_mpu.o(.constdata) for test
    inv_mpu.o(i.mpu_configure_fifo) refers to inv_mpu.o(i.set_int_enable) for set_int_enable
    inv_mpu.o(i.mpu_configure_fifo) refers to inv_mpu.o(i.mpu_reset_fifo) for mpu_reset_fifo
    inv_mpu.o(i.mpu_configure_fifo) refers to inv_mpu.o(.data) for st
    inv_mpu.o(i.mpu_get_accel_fsr) refers to inv_mpu.o(.data) for st
    inv_mpu.o(i.mpu_get_accel_reg) refers to stm32f1xx_hal_i2c.o(i.HAL_I2C_Mem_Read) for HAL_I2C_Mem_Read
    inv_mpu.o(i.mpu_get_accel_reg) refers to cmsis_os.o(i.osKernelSysTick) for osKernelSysTick
[...]
    CAN2_SCE_IRQHandler                      0x0800021b   Thumb Code     0  startup_stm32f105xc.o(.text)
    CAN2_TX_IRQHandler                       0x0800021b   Thumb Code     0  startup_stm32f105xc.o(.text)
    DMA1_Channel1_IRQHandler                 0x0800021b   Thumb Code     0  startup_stm32f105xc.o(.text)
    DMA1_Channel2_IRQHandler                 0x0800021b   Thumb Code     0  startup_stm32f105xc.o(.text)
    DMA1_Channel3_IRQHandler                 0x0800021b   Thumb Code     0  startup_stm32f105xc.o(.text)
    DMA1_Channel4_IRQHandler                 0x0800021b   Thumb Code     0  startup_stm32f105xc.o(.text)
    DMA1_Channel5_IRQHandler                 0x0800021b   Thumb Code     0  startup_stm32f105xc.o(.text)
    DMA1_Channel6_IRQHandler                 0x0800021b   Thumb Code     0  startup_stm32f105xc.o(.text)
    DMA1_Channel7_IRQHandler                 0x0800021b   Thumb Code     0  startup_stm32f105xc.o(.text)
    DMA2_Channel1_IRQHandler                 0x0800021b   Thumb Code     0  startup_stm32f105xc.o(.text)
    DMA2_Channel2_IRQHandler                 0x0800021b   Thumb Code     0  startup_stm32f105xc.o(.text)
    DMA2_Channel3_IRQHandler                 0x0800021b   Thumb Code     0  startup_stm32f105xc.o(.text)
    DMA2_Channel4_IRQHandler                 0x0800021b   Thumb Code     0  startup_stm32f105xc.o(.text)
    EXTI0_IRQHandler                         0x0800021b   Thumb Code     0  startup_stm32f105xc.o(.text)
    EXTI15_10_IRQHandler                     0x0800021b   Thumb Code     0  startup_stm32f105xc.o(.text)
    EXTI1_IRQHandler                         0x0800021b   Thumb Code     0  startup_stm32f105xc.o(.text)
    EXTI2_IRQHandler                         0x0800021b   Thumb Code     0  startup_stm32f105xc.o(.text)
    EXTI3_IRQHandler                         0x0800021b   Thumb Code     0  startup_stm32f105xc.o(.text)
    EXTI4_IRQHandler                         0x0800021b   Thumb Code     0  startup_stm32f105xc.o(.text)
    EXTI9_5_IRQHandler                       0x0800021b   Thumb Code     0  startup_stm32f105xc.o(.text)
    FLASH_IRQHandler                         0x0800021b   Thumb Code     0  startup_stm32f105xc.o(.text)
    I2C1_ER_IRQHandler                       0x0800021b   Thumb Code     0  startup_stm32f105xc.o(.text)
    I2C1_EV_IRQHandler                       0x0800021b   Thumb Code     0  startup_stm32f105xc.o(.text)
    I2C2_ER_IRQHandler                       0x0800021b   Thumb Code     0  startup_stm32f105xc.o(.text)
    I2C2_EV_IRQHandler                       0x0800021b   Thumb Code     0  startup_stm32f105xc.o(.text)
    OTG_FS_IRQHandler                        0x0800021b   Thumb Code     0  startup_stm32f105xc.o(.text)
    OTG_FS_WKUP_IRQHandler                   0x0800021b   Thumb Code     0  startup_stm32f105xc.o(.text)
    PVD_IRQHandler                           0x0800021b   Thumb Code     0  startup_stm32f105xc.o(.text)
    RCC_IRQHandler                           0x0800021b   Thumb Code     0  startup_stm32f105xc.o(.text)
    RTC_Alarm_IRQHandler                     0x0800021b   Thumb Code     0  startup_stm32f105xc.o(.text)
    RTC_IRQHandler                           0x0800021b   Thumb Code     0  startup_stm32f105xc.o(.text)
    SPI1_IRQHandler                          0x0800021b   Thumb Code     0  startup_stm32f105xc.o(.text)
    SPI2_IRQHandler                          0x0800021b   Thumb Code     0  startup_stm32f105xc.o(.text)
    SPI3_IRQHandler                          0x0800021b   Thumb Code     0  startup_stm32f105xc.o(.text)
    TAMPER_IRQHandler                        0x0800021b   Thumb Code     0  startup_stm32f105xc.o(.text)
    TIM1_BRK_IRQHandler                      0x0800021b   Thumb Code     0  startup_stm32f105xc.o(.text)
    TIM1_CC_IRQHandler                       0x0800021b   Thumb Code     0  startup_stm32f105xc.o(.text)
    TIM1_TRG_COM_IRQHandler                  0x0800021b   Thumb Code     0  startup_stm32f105xc.o(.text)
    TIM2_IRQHandler                          0x0800021b   Thumb Code     0  startup_stm32f105xc.o(.text)
    TIM3_IRQHandler                          0x0800021b   Thumb Code     0  startup_stm32f105xc.o(.text)
    TIM4_IRQHandler                          0x0800021b   Thumb Code     0  startup_stm32f105xc.o(.text)
    TIM5_IRQHandler                          0x0800021b   Thumb Code     0  startup_stm32f105xc.o(.text)
    TIM6_IRQHandler                          0x0800021b   Thumb Code     0  startup_stm32f105xc.o(.text)
    TIM7_IRQHandler                          0x0800021b   Thumb Code     0  startup_stm32f105xc.o(.text)
    UART5_IRQHandler                         0x0800021b   Thumb Code     0  startup_stm32f105xc.o(.text)
    USART2_IRQHandler                        0x0800021b   Thumb Code     0  startup_stm32f105xc.o(.text)
    USART3_IRQHandler                        0x0800021b   Thumb Code     0  startup_stm32f105xc.o(.text)
    WWDG_IRQHandler                          0x0800021b   Thumb Code     0  startup_stm32f105xc.o(.text)
    __aeabi_uidiv                            0x08000225   Thumb Code     0  uidiv.o(.text)
    __aeabi_uidivmod                         0x08000225   Thumb Code    44  uidiv.o(.text)
    __aeabi_uldivmod                         0x08000251   Thumb Code    98  uldiv.o(.text)
    __aeabi_llsr                             0x080002b3   Thumb Code    32  llushr.o(.text)
    _ll_ushift_r                             0x080002b3   Thumb Code     0  llushr.o(.text)
    qsort                                    0x080002d3   Thumb Code   156  qsort.o(.text)
    ___aeabi_memcpy8$move                    0x0800036f   Thumb Code     0  memmovea.o(.text)
    __aeabi_memcpy                           0x0800036f   Thumb Code    64  memmovea.o(.text)
    __aeabi_memcpy4                          0x0800036f   Thumb Code     0  memmovea.o(.text)
    __aeabi_memmove                          0x0800036f   Thumb Code     0  memmovea.o(.text)
    __aeabi_memmove4                         0x0800036f   Thumb Code     0  memmovea.o(.text)
    __aeabi_memmove8                         0x0800036f   Thumb Code     0  memmovea.o(.text)
    __aeabi_memset                           0x080003af   Thumb Code    14  memseta.o(.text)
    __aeabi_memset4                          0x080003af   Thumb Code     0  memseta.o(.text)
    __aeabi_memset8                          0x080003af   Thumb Code     0  memseta.o(.text)
    __aeabi_memclr                           0x080003bd   Thumb Code     4  memseta.o(.text)
    __aeabi_memclr4                          0x080003bd   Thumb Code     0  memseta.o(.text)
    __aeabi_memclr8                          0x080003bd   Thumb Code     0  memseta.o(.text)
    memset                                   0x080003c1   Thumb Code    18  memseta.o(.text)
    strchr                                   0x080003d3   Thumb Code    20  strchr.o(.text)
    strlen                                   0x080003e7   Thumb Code    14  strlen.o(.text)
    strcmp                                   0x080003f5   Thumb Code    28  strcmp.o(.text)
    strcpy                                   0x08000411   Thumb Code    18  strcpy.o(.text)
    __aeabi_llsl                             0x08000423   Thumb Code    30  llshl.o(.text)
    _ll_shift_l                              0x08000423   Thumb Code     0  llshl.o(.text)
    __I$use$fp                               0x08000441   Thumb Code     0  iusefp.o(.text)
    _double_round                            0x08000441   Thumb Code    30  depilogue.o(.text)
    _double_epilogue                         0x0800045f   Thumb Code   156  depilogue.o(.text)
    __aeabi_dadd                             0x080004fb   Thumb Code   322  dadd.o(.text)
    __aeabi_dsub                             0x0800063d   Thumb Code     6  dadd.o(.text)
    __aeabi_drsub                            0x08000643   Thumb Code     6  dadd.o(.text)
    __aeabi_dmul                             0x08000649   Thumb Code   228  dmul.o(.text)
    __aeabi_ddiv                             0x0800072d   Thumb Code   222  ddiv.o(.text)
    __aeabi_d2ulz                            0x0800080b   Thumb Code    48  dfixul.o(.text)
    __aeabi_cdrcmple                         0x0800083d   Thumb Code    48  cdrcmple.o(.text)
    __scatterload                            0x0800086d   Thumb Code    28  init.o(.text)
    __scatterload_rt2                        0x0800086d   Thumb Code     0  init.o(.text)
    __aeabi_lasr                             0x08000891   Thumb Code    36  llsshr.o(.text)
    _ll_sshift_r                             0x08000891   Thumb Code     0  llsshr.o(.text)
    __decompress                             0x080008b5   Thumb Code     0  __dczerorl2.o(.text)
    __decompress1                            0x080008b5   Thumb Code    86  __dczerorl2.o(.text)
    BusFault_Handler                         0x0800090b   Thumb Code     4  stm32f1xx_it.o(i.BusFault_Handler)
    CAN1_RX0_IRQHandler                      0x08000911   Thumb Code    10  stm32f1xx_it.o(i.CAN1_RX0_IRQHandler)
    CAN1_RX1_IRQHandler                      0x08000921   Thumb Code    10  stm32f1xx_it.o(i.CAN1_RX1_IRQHandler)
    CAN2_RX0_IRQHandler                      0x08000931   Thumb Code    10  stm32f1xx_it.o(i.CAN2_RX0_IRQHandler)
    CAN2_RX1_IRQHandler                      0x08000941   Thumb Code    10  stm32f1xx_it.o(i.CAN2_RX1_IRQHandler)
    ConfigFilter                             0x08000951   Thumb Code    58  can.o(i.ConfigFilter)
    DMA2_Channel5_IRQHandler                 0x08000995   Thumb Code    10  stm32f1xx_it.o(i.DMA2_Channel5_IRQHandler)
    DebugMon_Handler                         0x080009d1   Thumb Code     2  stm32f1xx_it.o(i.DebugMon_Handler)
    Error_Handler                            0x080009d5   Thumb Code    26  main.o(i.Error_Handler)
    HAL_CAN_ActivateNotification             0x080009f9   Thumb Code    42  stm32f1xx_hal_can.o(i.HAL_CAN_ActivateNotification)
    HAL_CAN_ConfigFilter                     0x08000a25   Thumb Code   286  stm32f1xx_hal_can.o(i.HAL_CAN_ConfigFilter)
    HAL_CAN_ErrorCallback                    0x08000b49   Thumb Code     2  stm32f1xx_hal_can.o(i.HAL_CAN_ErrorCallback)
    HAL_CAN_GetRxMessage                     0x08000b4b   Thumb Code   378  stm32f1xx_hal_can.o(i.HAL_CAN_GetRxMessage)
    HAL_CAN_IRQHandler                       0x08000cc5   Thumb Code   590  stm32f1xx_hal_can.o(i.HAL_CAN_IRQHandler)
    HAL_CAN_Init                             0x08000f13   Thumb Code   372  stm32f1xx_hal_can.o(i.HAL_CAN_Init)
    HAL_CAN_MspInit                          0x08001089   Thumb Code   380  can.o(i.HAL_CAN_MspInit)
    HAL_CAN_RxFifo0FullCallback              0x0800121d   Thumb Code     2  stm32f1xx_hal_can.o(i.HAL_CAN_RxFifo0FullCallback)
    HAL_CAN_RxFifo0MsgPendingCallback        0x08001221   Thumb Code    30  can.o(i.HAL_CAN_RxFifo0MsgPendingCallback)
    HAL_CAN_RxFifo1FullCallback              0x0800124d   Thumb Code     2  stm32f1xx_hal_can.o(i.HAL_CAN_RxFifo1FullCallback)
    HAL_CAN_RxFifo1MsgPendingCallback        0x0800124f   Thumb Code     2  stm32f1xx_hal_can.o(i.HAL_CAN_RxFifo1MsgPendingCallback)
    HAL_CAN_SleepCallback                    0x08001251   Thumb Code     2  stm32f1xx_hal_can.o(i.HAL_CAN_SleepCallback)
    HAL_CAN_Start                            0x08001253   Thumb Code    94  stm32f1xx_hal_can.o(i.HAL_CAN_Start)
    HAL_CAN_TxMailbox0AbortCallback          0x080012b1   Thumb Code     2  stm32f1xx_hal_can.o(i.HAL_CAN_TxMailbox0AbortCallback)
    HAL_CAN_TxMailbox0CompleteCallback       0x080012b3   Thumb Code     2  stm32f1xx_hal_can.o(i.HAL_CAN_TxMailbox0CompleteCallback)
    HAL_CAN_TxMailbox1AbortCallback          0x080012b5   Thumb Code     2  stm32f1xx_hal_can.o(i.HAL_CAN_TxMailbox1AbortCallback)
    HAL_CAN_TxMailbox1CompleteCallback       0x080012b7   Thumb Code     2  stm32f1xx_hal_can.o(i.HAL_CAN_TxMailbox1CompleteCallback)
    HAL_CAN_TxMailbox2AbortCallback          0x080012b9   Thumb Code     2  stm32f1xx_hal_can.o(i.HAL_CAN_TxMailbox2AbortCallback)
    HAL_CAN_TxMailbox2CompleteCallback       0x080012bb   Thumb Code     2  stm32f1xx_hal_can.o(i.HAL_CAN_TxMailbox2CompleteCallback)
    HAL_CAN_WakeUpFromRxMsgCallback          0x080012bd   Thumb Code     2  stm32f1xx_hal_can.o(i.HAL_CAN_WakeUpFromRxMsgCallback)
    HAL_DMA_Abort                            0x080012bf   Thumb Code    86  stm32f1xx_hal_dma.o(i.HAL_DMA_Abort)
    HAL_DMA_Abort_IT                         0x08001315   Thumb Code   414  stm32f1xx_hal_dma.o(i.HAL_DMA_Abort_IT)
    HAL_DMA_IRQHandler                       0x080014bd   Thumb Code   910  stm32f1xx_hal_dma.o(i.HAL_DMA_IRQHandler)
    HAL_DMA_Init                             0x08001855   Thumb Code   132  stm32f1xx_hal_dma.o(i.HAL_DMA_Init)
    HAL_DMA_Start_IT                         0x080018e1   Thumb Code   156  stm32f1xx_hal_dma.o(i.HAL_DMA_Start_IT)
    HAL_GPIO_Init                            0x0800197d   Thumb Code   766  stm32f1xx_hal_gpio.o(i.HAL_GPIO_Init)
    HAL_GPIO_ReadPin                         0x08001c9d   Thumb Code    16  stm32f1xx_hal_gpio.o(i.HAL_GPIO_ReadPin)
    HAL_GPIO_TogglePin                       0x08001cad   Thumb Code    20  stm32f1xx_hal_gpio.o(i.HAL_GPIO_TogglePin)
    HAL_GPIO_WritePin                        0x08001cc1   Thumb Code    12  stm32f1xx_hal_gpio.o(i.HAL_GPIO_WritePin)
    HAL_GetTick                              0x08001ccd   Thumb Code     6  stm32f1xx_hal.o(i.HAL_GetTick)
    HAL_I2C_Init                             0x08001cd9   Thumb Code   446  stm32f1xx_hal_i2c.o(i.HAL_I2C_Init)
    HAL_I2C_Mem_Read                         0x08001ea9   Thumb Code   850  stm32f1xx_hal_i2c.o(i.HAL_I2C_Mem_Read)
    HAL_I2C_Mem_Write                        0x0800220d   Thumb Code   348  stm32f1xx_hal_i2c.o(i.HAL_I2C_Mem_Write)
    HAL_I2C_MspInit                          0x08002371   Thumb Code   104  i2c.o(i.HAL_I2C_MspInit)
    HAL_IncTick                              0x080023e5   Thumb Code    16  stm32f1xx_hal.o(i.HAL_IncTick)
    HAL_Init                                 0x080023fd   Thumb Code    34  stm32f1xx_hal.o(i.HAL_Init)
    HAL_InitTick                             0x08002425   Thumb Code   118  stm32f1xx_hal_timebase_tim.o(i.HAL_InitTick)
    HAL_MspInit                              0x080024ad   Thumb Code    86  stm32f1xx_hal_msp.o(i.HAL_MspInit)
    HAL_NVIC_ClearPendingIRQ                 0x0800250d   Thumb Code    30  stm32f1xx_hal_cortex.o(i.HAL_NVIC_ClearPendingIRQ)
    HAL_NVIC_DisableIRQ                      0x08002531   Thumb Code    62  stm32f1xx_hal_cortex.o(i.HAL_NVIC_DisableIRQ)
    HAL_NVIC_EnableIRQ                       0x08002575   Thumb Code    32  stm32f1xx_hal_cortex.o(i.HAL_NVIC_EnableIRQ)
    HAL_NVIC_SetPriority                     0x08002595   Thumb Code   124  stm32f1xx_hal_cortex.o(i.HAL_NVIC_SetPriority)
    HAL_NVIC_SetPriorityGrouping             0x08002611   Thumb Code    32  stm32f1xx_hal_cortex.o(i.HAL_NVIC_SetPriorityGrouping)
    HAL_PWR_EnableWakeUpPin                  0x08002639   Thumb Code    22  stm32f1xx_hal_pwr.o(i.HAL_PWR_EnableWakeUpPin)
    HAL_PWR_EnterSTANDBYMode                 0x08002655   Thumb Code    32  stm32f1xx_hal_pwr.o(i.HAL_PWR_EnterSTANDBYMode)
    HAL_RCC_ClockConfig                      0x0800267d   Thumb Code   376  stm32f1xx_hal_rcc.o(i.HAL_RCC_ClockConfig)
    HAL_RCC_GetClockConfig                   0x08002809   Thumb Code    58  stm32f1xx_hal_rcc.o(i.HAL_RCC_GetClockConfig)
    HAL_RCC_GetHCLKFreq                      0x0800284d   Thumb Code     6  stm32f1xx_hal_rcc.o(i.HAL_RCC_GetHCLKFreq)
    HAL_RCC_GetPCLK1Freq                     0x08002859   Thumb Code    22  stm32f1xx_hal_rcc.o(i.HAL_RCC_GetPCLK1Freq)
    HAL_RCC_GetPCLK2Freq                     0x08002879   Thumb Code    22  stm32f1xx_hal_rcc.o(i.HAL_RCC_GetPCLK2Freq)
    HAL_RCC_GetSysClockFreq                  0x08002899   Thumb Code   248  stm32f1xx_hal_rcc.o(i.HAL_RCC_GetSysClockFreq)
    HAL_RCC_OscConfig                        0x080029bd   Thumb Code  1378  stm32f1xx_hal_rcc.o(i.HAL_RCC_OscConfig)
    HAL_SuspendTick                          0x08002f29   Thumb Code    18  stm32f1xx_hal_timebase_tim.o(i.HAL_SuspendTick)
    HAL_TIMEx_BreakCallback                  0x08002f41   Thumb Code     2  stm32f1xx_hal_tim_ex.o(i.HAL_TIMEx_BreakCallback)
    HAL_TIMEx_CommutCallback                 0x08002f43   Thumb Code     2  stm32f1xx_hal_tim_ex.o(i.HAL_TIMEx_CommutCallback)
    HAL_TIM_Base_Init                        0x08002f45   Thumb Code   102  stm32f1xx_hal_tim.o(i.HAL_TIM_Base_Init)
    HAL_TIM_Base_MspInit                     0x08002fab   Thumb Code     2  stm32f1xx_hal_tim.o(i.HAL_TIM_Base_MspInit)
    HAL_TIM_Base_Start_IT                    0x08002fad   Thumb Code   114  stm32f1xx_hal_tim.o(i.HAL_TIM_Base_Start_IT)
    HAL_TIM_IC_CaptureCallback               0x08003031   Thumb Code     2  stm32f1xx_hal_tim.o(i.HAL_TIM_IC_CaptureCallback)
    HAL_TIM_IRQHandler                       0x08003033   Thumb Code   406  stm32f1xx_hal_tim.o(i.HAL_TIM_IRQHandler)
    HAL_TIM_OC_DelayElapsedCallback          0x080031c9   Thumb Code     2  stm32f1xx_hal_tim.o(i.HAL_TIM_OC_DelayElapsedCallback)
    HAL_TIM_PWM_PulseFinishedCallback        0x080031cb   Thumb Code     2  stm32f1xx_hal_tim.o(i.HAL_TIM_PWM_PulseFinishedCallback)
    HAL_TIM_PeriodElapsedCallback            0x080031cd   Thumb Code    18  main.o(i.HAL_TIM_PeriodElapsedCallback)
    HAL_TIM_TriggerCallback                  0x080031e5   Thumb Code     2  stm32f1xx_hal_tim.o(i.HAL_TIM_TriggerCallback)
    HAL_UARTEx_RxEventCallback               0x080031e7   Thumb Code     2  stm32f1xx_hal_uart.o(i.HAL_UARTEx_RxEventCallback)
    HAL_UART_ErrorCallback                   0x080031e9   Thumb Code     2  stm32f1xx_hal_uart.o(i.HAL_UART_ErrorCallback)
    HAL_UART_IRQHandler                      0x080031ed   Thumb Code   582  stm32f1xx_hal_uart.o(i.HAL_UART_IRQHandler)
    HAL_UART_Init                            0x08003439   Thumb Code   114  stm32f1xx_hal_uart.o(i.HAL_UART_Init)
    HAL_UART_MspInit                         0x080034ad   Thumb Code   412  usart.o(i.HAL_UART_MspInit)
    HAL_UART_Receive                         0x0800366d   Thumb Code   220  stm32f1xx_hal_uart.o(i.HAL_UART_Receive)
    HAL_UART_Receive_IT                      0x08003749   Thumb Code    66  stm32f1xx_hal_uart.o(i.HAL_UART_Receive_IT)
    HAL_UART_RxCpltCallback                  0x0800378d   Thumb Code    32  usart.o(i.HAL_UART_RxCpltCallback)
    HAL_UART_Transmit                        0x080037b5   Thumb Code   210  stm32f1xx_hal_uart.o(i.HAL_UART_Transmit)
    HAL_UART_Transmit_DMA                    0x08003889   Thumb Code   142  stm32f1xx_hal_uart.o(i.HAL_UART_Transmit_DMA)
    HAL_UART_TxCpltCallback                  0x08003925   Thumb Code     2  stm32f1xx_hal_uart.o(i.HAL_UART_TxCpltCallback)
    HAL_UART_TxHalfCpltCallback              0x08003927   Thumb Code     2  stm32f1xx_hal_uart.o(i.HAL_UART_TxHalfCpltCallback)
    HardFault_Handler                        0x08003929   Thumb Code     4  stm32f1xx_it.o(i.HardFault_Handler)
    MX_CAN1_Init                             0x08003e31   Thumb Code    64  can.o(i.MX_CAN1_Init)
    MX_CAN2_Init                             0x08003e79   Thumb Code    64  can.o(i.MX_CAN2_Init)
    MX_DMA_Init                              0x08003ec1   Thumb Code    48  dma.o(i.MX_DMA_Init)
    MX_FREERTOS_Init                         0x08003ef5   Thumb Code   128  freertos.o(i.MX_FREERTOS_Init)
    MX_GPIO_Init                             0x08003f8d   Thumb Code   332  gpio.o(i.MX_GPIO_Init)
    MX_I2C1_Init                             0x080040ed   Thumb Code    48  i2c.o(i.MX_I2C1_Init)
    MX_UART4_Init                            0x08004129   Thumb Code    46  usart.o(i.MX_UART4_Init)
    MX_USART1_UART_Init                      0x08004161   Thumb Code    46  usart.o(i.MX_USART1_UART_Init)
    MX_USART3_UART_Init                      0x08004199   Thumb Code    46  usart.o(i.MX_USART3_UART_Init)
    MemManage_Handler                        0x080041d1   Thumb Code     4  stm32f1xx_it.o(i.MemManage_Handler)
    ModBusCRC16                              0x080041d5   Thumb Code    70  usart.o(i.ModBusCRC16)
    NMI_Handler                              0x0800421b   Thumb Code     4  stm32f1xx_it.o(i.NMI_Handler)
    StartDefaultTask                         0x08004249   Thumb Code    12  freertos.o(i.StartDefaultTask)
    StartEC600Com                            0x08004255   Thumb Code    62  freertos.o(i.StartEC600Com)
    SysTick_Handler                          0x080042a5   Thumb Code    46  port.o(i.SysTick_Handler)
    SystemClock_Config                       0x080042d9   Thumb Code   122  main.o(i.SystemClock_Config)
    SystemInit                               0x08004359   Thumb Code     2  system_stm32f1xx.o(i.SystemInit)
    TIM1_UP_IRQHandler                       0x0800435d   Thumb Code    10  stm32f1xx_it.o(i.TIM1_UP_IRQHandler)
    TIM_Base_SetConfig                       0x0800436d   Thumb Code   116  stm32f1xx_hal_tim.o(i.TIM_Base_SetConfig)
    UART4_IRQHandler                         0x080043f1   Thumb Code    10  stm32f1xx_it.o(i.UART4_IRQHandler)
    UART_Start_Receive_IT                    0x080046f5   Thumb Code    70  stm32f1xx_hal_uart.o(i.UART_Start_Receive_IT)
    USART1_IRQHandler                        0x08004809   Thumb Code    10  stm32f1xx_it.o(i.USART1_IRQHandler)
    UsageFault_Handler                       0x08004819   Thumb Code     4  stm32f1xx_it.o(i.UsageFault_Handler)
    __0printf                                0x0800481d   Thumb Code    22  printfa.o(i.__0printf)
    __1printf                                0x0800481d   Thumb Code     0  printfa.o(i.__0printf)
    __2printf                                0x0800481d   Thumb Code     0  printfa.o(i.__0printf)
    __c89printf                              0x0800481d   Thumb Code     0  printfa.o(i.__0printf)
    printf                                   0x0800481d   Thumb Code     0  printfa.o(i.__0printf)
    __0snprintf                              0x0800483d   Thumb Code    44  printfa.o(i.__0snprintf)
    __1snprintf                              0x0800483d   Thumb Code     0  printfa.o(i.__0snprintf)
    __2snprintf                              0x0800483d   Thumb Code     0  printfa.o(i.__0snprintf)
    __c89snprintf                            0x0800483d   Thumb Code     0  printfa.o(i.__0snprintf)
    snprintf                                 0x0800483d   Thumb Code     0  printfa.o(i.__0snprintf)
    __0sprintf                               0x0800486d   Thumb Code    34  printfa.o(i.__0sprintf)
    __1sprintf                               0x0800486d   Thumb Code     0  printfa.o(i.__0sprintf)
    __2sprintf                               0x0800486d   Thumb Code     0  printfa.o(i.__0sprintf)
    __c89sprintf                             0x0800486d   Thumb Code     0  printfa.o(i.__0sprintf)
    sprintf                                  0x0800486d   Thumb Code     0  printfa.o(i.__0sprintf)
    __ARM_common_switch8                     0x08004895   Thumb Code    26  dump.o(i.__ARM_common_switch8)
    __scatterload_copy                       0x080048e9   Thumb Code    14  handlers.o(i.__scatterload_copy)
    __scatterload_null                       0x080048f7   Thumb Code     2  handlers.o(i.__scatterload_null)
    __scatterload_zeroinit                   0x080048f9   Thumb Code    14  handlers.o(i.__scatterload_zeroinit)
    fputc                                    0x08005741   Thumb Code    26  usart.o(i.fputc)
    free                                     0x08005761   Thumb Code    76  malloc.o(i.free)
    hashtable_close                          0x080058f5   Thumb Code    16  hashtable.o(i.hashtable_close)
    hashtable_get                            0x080059d9   Thumb Code    58  hashtable.o(i.hashtable_get)
    hashtable_init                           0x08005a19   Thumb Code    72  hashtable.o(i.hashtable_init)
    hashtable_iter                           0x08005a61   Thumb Code    12  hashtable.o(i.hashtable_iter)
    hashtable_iter_key                       0x08005a6d   Thumb Code     4  hashtable.o(i.hashtable_iter_key)
    hashtable_iter_next                      0x08005a71   Thumb Code    14  hashtable.o(i.hashtable_iter_next)
    hashtable_iter_serial                    0x08005a7f   Thumb Code     4  hashtable.o(i.hashtable_iter_serial)
    hashtable_iter_value                     0x08005a83   Thumb Code     4  hashtable.o(i.hashtable_iter_value)
    hashtable_set                            0x08005a89   Thumb Code   168  hashtable.o(i.hashtable_set)
    initJsonObj                              0x08005b45   Thumb Code   334  can.o(i.initJsonObj)
    json_array_get                           0x08005da7   Thumb Code    28  value.o(i.json_array_get)
    json_array_size                          0x08005dc3   Thumb Code    18  value.o(i.json_array_size)
    json_delete                              0x08005e05   Thumb Code    84  value.o(i.json_delete)
    json_dump_callback                       0x08005e59   Thumb Code    42  dump.o(i.json_dump_callback)
    json_dumps                               0x08005e85   Thumb Code    62  dump.o(i.json_dumps)
    json_integer                             0x08005ec9   Thumb Code    28  value.o(i.json_integer)
    json_integer_set                         0x08005ee5   Thumb Code    24  value.o(i.json_integer_set)
    json_integer_value                       0x08005efd   Thumb Code    24  value.o(i.json_integer_value)
    json_object                              0x08005f15   Thumb Code    70  value.o(i.json_object)
    json_object_get                          0x08005f61   Thumb Code    28  value.o(i.json_object_get)
    json_object_iter                         0x08005f7d   Thumb Code    24  value.o(i.json_object_iter)
    json_object_iter_key                     0x08005f95   Thumb Code    12  value.o(i.json_object_iter_key)
    json_object_iter_next                    0x08005fa1   Thumb Code    28  value.o(i.json_object_iter_next)
    json_object_iter_value                   0x08005fbd   Thumb Code    12  value.o(i.json_object_iter_value)
    json_object_seed                         0x08005fc9   Thumb Code    34  hashtable_seed.o(i.json_object_seed)
    json_object_set_new                      0x0800601d   Thumb Code    52  value.o(i.json_object_set_new)
    json_object_set_new_nocheck              0x08006051   Thumb Code    58  value.o(i.json_object_set_new_nocheck)
    json_object_size                         0x08006091   Thumb Code    18  value.o(i.json_object_size)
    json_real_value                          0x080060a3   Thumb Code    24  value.o(i.json_real_value)
    json_string_length                       0x080060bb   Thumb Code    18  value.o(i.json_string_length)
    json_string_value                        0x080060cd   Thumb Code    18  value.o(i.json_string_value)
    jsonp_dtostr                             0x080060e1   Thumb Code   150  strconv.o(i.jsonp_dtostr)
    jsonp_free                               0x08006181   Thumb Code    12  memory.o(i.jsonp_free)
    jsonp_malloc                             0x08006191   Thumb Code    12  memory.o(i.jsonp_malloc)
    jsonp_strdup                             0x080061a1   Thumb Code    18  memory.o(i.jsonp_strdup)
    jsonp_strndup                            0x080061b3   Thumb Code    36  memory.o(i.jsonp_strndup)
    main                                     0x080061e5   Thumb Code   136  main.o(i.main)
    malloc                                   0x08006291   Thumb Code    92  malloc.o(i.malloc)
    mpu_configure_fifo                       0x080062fd   Thumb Code   106  inv_mpu.o(i.mpu_configure_fifo)
    mpu_get_accel_fsr                        0x0800636d   Thumb Code    72  inv_mpu.o(i.mpu_get_accel_fsr)
    mpu_get_fifo_config                      0x080063b9   Thumb Code    12  inv_mpu.o(i.mpu_get_fifo_config)
    mpu_get_gyro_fsr                         0x080063c9   Thumb Code    64  inv_mpu.o(i.mpu_get_gyro_fsr)
    mpu_get_lpf                              0x0800640d   Thumb Code    74  inv_mpu.o(i.mpu_get_lpf)
    mpu_get_sample_rate                      0x0800645d   Thumb Code    26  inv_mpu.o(i.mpu_get_sample_rate)
    mpu_init                                 0x0800647d   Thumb Code   346  inv_mpu.o(i.mpu_init)
    mpu_lp_accel_mode                        0x080065e1   Thumb Code   248  inv_mpu.o(i.mpu_lp_accel_mode)
    mpu_lp_motion_interrupt                  0x080066e1   Thumb Code   586  inv_mpu.o(i.mpu_lp_motion_interrupt)
    mpu_reset_fifo                           0x08006935   Thumb Code   602  inv_mpu.o(i.mpu_reset_fifo)
    mpu_set_accel_fsr                        0x08006b99   Thumb Code   142  inv_mpu.o(i.mpu_set_accel_fsr)
    mpu_set_bypass                           0x08006c31   Thumb Code   414  inv_mpu.o(i.mpu_set_bypass)
    mpu_set_dmp_state                        0x08006dd9   Thumb Code   166  inv_mpu.o(i.mpu_set_dmp_state)
    mpu_set_gyro_fsr                         0x08006e89   Thumb Code   148  inv_mpu.o(i.mpu_set_gyro_fsr)
    mpu_set_int_latched                      0x08006f25   Thumb Code   118  inv_mpu.o(i.mpu_set_int_latched)
    mpu_set_lpf                              0x08006fa5   Thumb Code   142  inv_mpu.o(i.mpu_set_lpf)
    mpu_set_sample_rate                      0x0800703d   Thumb Code   168  inv_mpu.o(i.mpu_set_sample_rate)
    mpu_set_sensors                          0x080070ed   Thumb Code   232  inv_mpu.o(i.mpu_set_sensors)
    osDelay                                  0x08007203   Thumb Code    24  cmsis_os.o(i.osDelay)
    osKernelStart                            0x0800721b   Thumb Code    10  cmsis_os.o(i.osKernelStart)
    osKernelSysTick                          0x08007225   Thumb Code    20  cmsis_os.o(i.osKernelSysTick)
    osMessageCreate                          0x08007239   Thumb Code    40  cmsis_os.o(i.osMessageCreate)
    osThreadCreate                           0x08007261   Thumb Code    94  cmsis_os.o(i.osThreadCreate)
    packJaon                                 0x080072c1   Thumb Code   232  can.o(i.packJaon)
    powerControlFunc                         0x08007415   Thumb Code   184  freertos.o(i.powerControlFunc)
    pvPortMalloc                             0x0800798d   Thumb Code   296  heap_4.o(i.pvPortMalloc)
    pxPortInitialiseStack                    0x08007ac9   Thumb Code    30  port.o(i.pxPortInitialiseStack)
    readBatteryInfo                          0x08007aed   Thumb Code    28  freertos.o(i.readBatteryInfo)
    readBmsID                                0x08007b09   Thumb Code   180  usart.o(i.readBmsID)
    readBmsRegs                              0x08007bf5   Thumb Code   178  usart.o(i.readBmsRegs)
    readPowerSupplyStatus                    0x08007cdd   Thumb Code    46  gpio.o(i.readPowerSupplyStatus)
    seed_from_timestamp_and_pid              0x08007d11   Thumb Code     6  jansson_config.o(i.seed_from_timestamp_and_pid)
    strbuffer_append_bytes                   0x08007dc9   Thumb Code   108  strbuffer.o(i.strbuffer_append_bytes)
    strbuffer_close                          0x08007e39   Thumb Code    24  strbuffer.o(i.strbuffer_close)
    strbuffer_init                           0x08007e51   Thumb Code    34  strbuffer.o(i.strbuffer_init)
    strbuffer_value                          0x08007e73   Thumb Code     4  strbuffer.o(i.strbuffer_value)
    updateBatInfo                            0x08007e79   Thumb Code   700  usart.o(i.updateBatInfo)
    updateInverteInfo                        0x080081ad   Thumb Code   256  can.o(i.updateInverteInfo)
    utf8_check_first                         0x080082fd   Thumb Code    60  utf.o(i.utf8_check_first)
    utf8_check_full                          0x08008339   Thumb Code   126  utf.o(i.utf8_check_full)
    utf8_check_string                        0x080083c1   Thumb Code    62  utf.o(i.utf8_check_string)
    utf8_iterate                             0x080083ff   Thumb Code    64  utf.o(i.utf8_iterate)
    uxListRemove                             0x0800843f   Thumb Code    40  list.o(i.uxListRemove)
    vApplicationGetIdleTaskMemory            0x08008469   Thumb Code    14  freertos.o(i.vApplicationGetIdleTaskMemory)
    vListInitialise                          0x08008481   Thumb Code    26  list.o(i.vListInitialise)
    vListInitialiseItem                      0x0800849b   Thumb Code     6  list.o(i.vListInitialiseItem)
    vListInsert                              0x080084a1   Thumb Code    52  list.o(i.vListInsert)
    vListInsertEnd                           0x080084d5   Thumb Code    24  list.o(i.vListInsertEnd)
    vPortEnterCritical                       0x080084ed   Thumb Code    76  port.o(i.vPortEnterCritical)
    vPortExitCritical                        0x08008541   Thumb Code    56  port.o(i.vPortExitCritical)
    vPortFree                                0x0800857d   Thumb Code   140  heap_4.o(i.vPortFree)
    vPortSetupTimerInterrupt                 0x08008611   Thumb Code    36  port.o(i.vPortSetupTimerInterrupt)
    vPortValidateInterruptPriority           0x08008639   Thumb Code   106  port.o(i.vPortValidateInterruptPriority)
    vTaskDelay                               0x080086b1   Thumb Code    82  tasks.o(i.vTaskDelay)
    vTaskStartScheduler                      0x0800870d   Thumb Code   146  tasks.o(i.vTaskStartScheduler)
    vTaskSuspendAll                          0x080087bd   Thumb Code    12  tasks.o(i.vTaskSuspendAll)
    vTaskSwitchContext                       0x080087cd   Thumb Code   118  tasks.o(i.vTaskSwitchContext)
    xPortStartScheduler                      0x08008859   Thumb Code   228  port.o(i.xPortStartScheduler)
    xQueueGenericCreate                      0x08008951   Thumb Code    94  queue.o(i.xQueueGenericCreate)
    xQueueGenericCreateStatic                0x080089af   Thumb Code   222  queue.o(i.xQueueGenericCreateStatic)
    xQueueGenericReset                       0x08008a8d   Thumb Code   146  queue.o(i.xQueueGenericReset)
    xTaskCreate                              0x08008b25   Thumb Code   100  tasks.o(i.xTaskCreate)
    xTaskCreateStatic                        0x08008b89   Thumb Code   184  tasks.o(i.xTaskCreateStatic)
    xTaskGetTickCount                        0x08008c41   Thumb Code     6  tasks.o(i.xTaskGetTickCount)
    xTaskGetTickCountFromISR                 0x08008c4d   Thumb Code    16  tasks.o(i.xTaskGetTickCountFromISR)
    xTaskIncrementTick                       0x08008c61   Thumb Code   282  tasks.o(i.xTaskIncrementTick)
    xTaskRemoveFromEventList                 0x08008da9   Thumb Code   128  tasks.o(i.xTaskRemoveFromEventList)
    xTaskResumeAll                           0x08008e41   Thumb Code   224  tasks.o(i.xTaskResumeAll)
    reg                                      0x08008f44   Data          30  inv_mpu.o(.constdata)
    hw                                       0x08008f62   Data          12  inv_mpu.o(.constdata)
    test                                     0x08008f70   Data          40  inv_mpu.o(.constdata)
    AHBPrescTable                            0x08009018   Data          16  system_stm32f1xx.o(.constdata)
    APBPrescTable                            0x08009028   Data           8  system_stm32f1xx.o(.constdata)
    Region$$Table$$Base                      0x08009090   Number         0  anon$$obj.o(Region$$Table)
    Region$$Table$$Limit                     0x080090b0   Number         0  anon$$obj.o(Region$$Table)
    st                                       0x20000000   Data          44  inv_mpu.o(.data)
    defaultTaskHandle                        0x2000002c   Data           4  freertos.o(.data)
    ec600ComTaskHandle                       0x20000030   Data           4  freertos.o(.data)
    powerControlHandle                       0x20000034   Data           4  freertos.o(.data)
    batterInfoSyncHandle                     0x20000038   Data           4  freertos.o(.data)
    msgIndexQHandle                          0x2000003c   Data           4  freertos.o(.data)
    mosfetFault                              0x20000040   Data           1  can.o(.data)
    driveFault                               0x20000041   Data           1  can.o(.data)
    overCurrentFault                         0x20000042   Data           1  can.o(.data)
    overVoltFault                            0x20000043   Data           1  can.o(.data)
    inverterOverTempFault                    0x20000044   Data           1  can.o(.data)
    lowVoltFault                             0x20000045   Data           1  can.o(.data)
    phaseLossFault                           0x20000046   Data           1  can.o(.data)
    HallFault                                0x20000047   Data           1  can.o(.data)
    motorOverHeatFault                       0x20000048   Data           1  can.o(.data)
    rotorLockedFault                         0x20000049   Data           1  can.o(.data)
    throttleFault                            0x2000004a   Data           1  can.o(.data)
    motorTemp                                0x2000004c   Data           2  can.o(.data)
    controllerTemp                           0x2000004e   Data           1  can.o(.data)
    motorRPM                                 0x20000050   Data           4  can.o(.data)
    throttlePercent                          0x20000054   Data           1  can.o(.data)
    gear                                     0x20000055   Data           1  can.o(.data)
    sideStand                                0x20000056   Data           1  can.o(.data)
    brake                                    0x20000057   Data           1  can.o(.data)
    msgIndex                                 0x20000058   Data           1  can.o(.data)
    canRxData                                0x20000059   Data           8  can.o(.data)
    root                                     0x20000064   Data           4  can.o(.data)
    text                                     0x20000068   Data           4  can.o(.data)
    jsonLen                                  0x2000006c   Data           2  can.o(.data)
    jsonMsg                                  0x20000070   Data           4  can.o(.data)
    motorTemp_t                              0x20000074   Data           4  can.o(.data)
    controllerTemp_t                         0x20000078   Data           4  can.o(.data)
    Battery_Percent_t                        0x2000007c   Data           4  can.o(.data)
    batTemperature_t                         0x20000080   Data           4  can.o(.data)
    batCurrent_t                             0x20000084   Data           4  can.o(.data)
    batVolt_t                                0x20000088   Data           4  can.o(.data)
    motorRPM_t                               0x2000008c   Data           4  can.o(.data)
    gearInfo_t                               0x20000090   Data           4  can.o(.data)
    throttle_t                               0x20000094   Data           4  can.o(.data)
    brake_t                                  0x20000098   Data           4  can.o(.data)
    sideStand_t                              0x2000009c   Data           4  can.o(.data)
    data                                     0x200000a4   Data           8  can.o(.data)
    mailbox                                  0x200000ac   Data           4  can.o(.data)
    uart4RxLen                               0x200000b0   Data           1  usart.o(.data)
    batPercent                               0x200000b2   Data           2  usart.o(.data)
    batTemperature                           0x200000b4   Data           2  usart.o(.data)
    batCurrent                               0x200000b6   Data           2  usart.o(.data)
    batVolt                                  0x200000b8   Data           2  usart.o(.data)
    batVoltTot                               0x200000ba   Data           2  usart.o(.data)
    cellCnt                                  0x200000bc   Data           2  usart.o(.data)
    soc                                      0x200000be   Data           2  usart.o(.data)
    capacity                                 0x200000c0   Data           2  usart.o(.data)
    currentOut                               0x200000c2   Data           2  usart.o(.data)
    currentIn                                0x200000c4   Data           2  usart.o(.data)
    boardTemp                                0x200000c6   Data           2  usart.o(.data)
    batTemp1                                 0x200000c8   Data           2  usart.o(.data)
    batTemp2                                 0x200000ca   Data           2  usart.o(.data)
    tempOfCell_1                             0x200000cc   Data           2  usart.o(.data)
    tempOfCell_2                             0x200000ce   Data           2  usart.o(.data)
    tempOfCell_3                             0x200000d0   Data           2  usart.o(.data)
    tempOfCell_4                             0x200000d2   Data           2  usart.o(.data)
    tempOfCell_5                             0x200000d4   Data           2  usart.o(.data)
    tempOfCell_6                             0x200000d6   Data           2  usart.o(.data)
    tempOfCell_7                             0x200000d8   Data           2  usart.o(.data)
    tempOfCell_8                             0x200000da   Data           2  usart.o(.data)
    tempOfCell_9                             0x200000dc   Data           2  usart.o(.data)
    tempOfCell_10                            0x200000de   Data           2  usart.o(.data)
    tempOfCell_11                            0x200000e0   Data           2  usart.o(.data)
    tempOfCell_12                            0x200000e2   Data           2  usart.o(.data)
    tempOfCell_13                            0x200000e4   Data           2  usart.o(.data)
    tempOfCell_14                            0x200000e6   Data           2  usart.o(.data)
    tempOfCell_15                            0x200000e8   Data           2  usart.o(.data)
    tempOfCell_16                            0x200000ea   Data           2  usart.o(.data)
    tempOfCell_17                            0x200000ec   Data           2  usart.o(.data)
    tempOfCell_18                            0x200000ee   Data           2  usart.o(.data)
    tempOfCell_19                            0x200000f0   Data           2  usart.o(.data)
    tempOfCell_20                            0x200000f2   Data           2  usart.o(.data)
    reqBmsData                               0x200000f4   Data          10  usart.o(.data)
    uart1RxStatus                            0x200000fe   Data           1  usart.o(.data)
    bmsInfoPtr                               0x20000100   Data           4  usart.o(.data)
    bmsReq                                   0x20000104   Data           8  usart.o(.data)
    bmsTxData                                0x2000010c   Data           8  usart.o(.data)
    bmsRead01Data                            0x20000114   Data           8  usart.o(.data)
    uwTick                                   0x2000011c   Data           4  stm32f1xx_hal.o(.data)
    uwTickPrio                               0x20000120   Data           4  stm32f1xx_hal.o(.data)
    uwTickFreq                               0x20000124   Data           1  stm32f1xx_hal.o(.data)
    SystemCoreClock                          0x20000128   Data           4  system_stm32f1xx.o(.data)
    pxCurrentTCB                             0x2000012c   Data           4  tasks.o(.data)
    hashtable_seed                           0x20000194   Data           4  hashtable_seed.o(.data)
    __stdout                                 0x20000198   Data           4  stdout.o(.data)
    __microlib_freelist                      0x2000019c   Data           4  mvars.o(.data)
    __microlib_freelist_initialised          0x200001a0   Data           4  mvars.o(.data)
    packData                                 0x200001a4   Data          22  main.o(.bss)
    rxData                                   0x200001ba   Data          10  main.o(.bss)
    rxHeader                                 0x20000418   Data          28  can.o(.bss)
    jsonData                                 0x20000434   Data        1000  can.o(.bss)
    hcan1                                    0x2000081c   Data          40  can.o(.bss)
    hcan2                                    0x20000844   Data          40  can.o(.bss)
    pTxHeader                                0x2000086c   Data          24  can.o(.bss)
    hi2c1                                    0x20000884   Data          84  i2c.o(.bss)
    uart4RxData                              0x200008d8   Data          10  usart.o(.bss)
    bmsRxData                                0x200008e2   Data         100  usart.o(.bss)
    bmsID                                    0x20000946   Data          13  usart.o(.bss)
    huart4                                   0x20000954   Data          68  usart.o(.bss)
    huart1                                   0x20000998   Data          68  usart.o(.bss)
    huart3                                   0x200009dc   Data          68  usart.o(.bss)
    hdma_uart4_tx                            0x20000a20   Data          68  usart.o(.bss)
    htim1                                    0x20000a64   Data          72  stm32f1xx_hal_timebase_tim.o(.bss)
    __heap_base                              0x20001ba0   Data           0  startup_stm32f105xc.o(HEAP)
    __heap_limit                             0x20002ba0   Data           0  startup_stm32f105xc.o(HEAP)
    __initial_sp                             0x20003ba0   Data           0  startup_stm32f105xc.o(STACK)



==============================================================================

Memory Map of the image

  Image Entry point : 0x08000151

  Load Region LR_IROM1 (Base: 0x08000000, Size: 0x00009254, Max: 0x00040000, ABSOLUTE, COMPRESSED[0x000090e0])

    Execution Region ER_IROM1 (Exec base: 0x08000000, Load base: 0x08000000, Size: 0x000090b0, Max: 0x00040000, ABSOLUTE)

    Exec Addr    Load Addr    Size         Type   Attr      Idx    E Section Name        Object

    0x08000000   0x08000000   0x00000150   Data   RO            3    RESET               startup_stm32f105xc.o
    0x08000150   0x08000150   0x00000000   Code   RO         6382  * .ARM.Collect$$$$00000000  mc_w.l(entry.o)
    0x08000150   0x08000150   0x00000004   Code   RO         6743    .ARM.Collect$$$$00000001  mc_w.l(entry2.o)
    0x08000154   0x08000154   0x00000004   Code   RO         6746    .ARM.Collect$$$$00000004  mc_w.l(entry5.o)
    0x08000158   0x08000158   0x00000000   Code   RO         6748    .ARM.Collect$$$$00000008  mc_w.l(entry7b.o)
    0x08000158   0x08000158   0x00000000   Code   RO         6750    .ARM.Collect$$$$0000000A  mc_w.l(entry8b.o)
    0x08000158   0x08000158   0x00000008   Code   RO         6751    .ARM.Collect$$$$0000000B  mc_w.l(entry9a.o)
    0x08000160   0x08000160   0x00000000   Code   RO         6753    .ARM.Collect$$$$0000000D  mc_w.l(entry10a.o)
    0x08000160   0x08000160   0x00000000   Code   RO         6755    .ARM.Collect$$$$0000000F  mc_w.l(entry11a.o)
    0x08000160   0x08000160   0x00000004   Code   RO         6744    .ARM.Collect$$$$00002712  mc_w.l(entry2.o)
    0x08000164   0x08000164   0x00000096   Code   RO         5435    .emb_text           port.o
    0x080001fa   0x080001fa   0x00000002   PAD
    0x080001fc   0x080001fc   0x00000004   Code   RO          798    .rev16_text         usart.o
    0x08000200   0x08000200   0x00000024   Code   RO            4    .text               startup_stm32f105xc.o
    0x08000224   0x08000224   0x0000002c   Code   RO         6393    .text               mc_w.l(uidiv.o)
    0x08000250   0x08000250   0x00000062   Code   RO         6395    .text               mc_w.l(uldiv.o)
    0x080002b2   0x080002b2   0x00000020   Code   RO         6399    .text               mc_w.l(llushr.o)
    0x080002d2   0x080002d2   0x0000009c   Code   RO         6401    .text               mc_w.l(qsort.o)
    0x0800036e   0x0800036e   0x00000040   Code   RO         6407    .text               mc_w.l(memmovea.o)
    0x080003ae   0x080003ae   0x00000024   Code   RO         6411    .text               mc_w.l(memseta.o)
    0x080003d2   0x080003d2   0x00000014   Code   RO         6413    .text               mc_w.l(strchr.o)
    0x080003e6   0x080003e6   0x0000000e   Code   RO         6415    .text               mc_w.l(strlen.o)
    0x080003f4   0x080003f4   0x0000001c   Code   RO         6417    .text               mc_w.l(strcmp.o)
    0x08000410   0x08000410   0x00000012   Code   RO         6421    .text               mc_w.l(strcpy.o)
    0x08000422   0x08000422   0x0000001e   Code   RO         6758    .text               mc_w.l(llshl.o)
    0x08000440   0x08000440   0x00000000   Code   RO         6764    .text               mc_w.l(iusefp.o)
    0x08000440   0x08000440   0x000000ba   Code   RO         6767    .text               mf_w.l(depilogue.o)
    0x080004fa   0x080004fa   0x0000014e   Code   RO         6769    .text               mf_w.l(dadd.o)
    0x08000648   0x08000648   0x000000e4   Code   RO         6771    .text               mf_w.l(dmul.o)
    0x0800072c   0x0800072c   0x000000de   Code   RO         6773    .text               mf_w.l(ddiv.o)
    0x0800080a   0x0800080a   0x00000030   Code   RO         6775    .text               mf_w.l(dfixul.o)
    0x0800083a   0x0800083a   0x00000002   PAD
    0x0800083c   0x0800083c   0x00000030   Code   RO         6777    .text               mf_w.l(cdrcmple.o)
    0x0800086c   0x0800086c   0x00000024   Code   RO         6779    .text               mc_w.l(init.o)
    0x08000890   0x08000890   0x00000024   Code   RO         6781    .text               mc_w.l(llsshr.o)
    0x080008b4   0x080008b4   0x00000056   Code   RO         6806    .text               mc_w.l(__dczerorl2.o)
    0x0800090a   0x0800090a   0x00000004   Code   RO          898    i.BusFault_Handler  stm32f1xx_it.o
    0x0800090e   0x0800090e   0x00000002   PAD
    0x08000910   0x08000910   0x00000010   Code   RO          899    i.CAN1_RX0_IRQHandler  stm32f1xx_it.o
    0x08000920   0x08000920   0x00000010   Code   RO          900    i.CAN1_RX1_IRQHandler  stm32f1xx_it.o
    0x08000930   0x08000930   0x00000010   Code   RO          901    i.CAN2_RX0_IRQHandler  stm32f1xx_it.o
    0x08000940   0x08000940   0x00000010   Code   RO          902    i.CAN2_RX1_IRQHandler  stm32f1xx_it.o
    0x08000950   0x08000950   0x00000044   Code   RO          631    i.ConfigFilter      can.o
    0x08000994   0x08000994   0x00000010   Code   RO          903    i.DMA2_Channel5_IRQHandler  stm32f1xx_it.o
    0x080009a4   0x080009a4   0x0000002c   Code   RO         1744    i.DMA_SetConfig     stm32f1xx_hal_dma.o
    0x080009d0   0x080009d0   0x00000002   Code   RO          904    i.DebugMon_Handler  stm32f1xx_it.o
    0x080009d2   0x080009d2   0x00000002   PAD
    0x080009d4   0x080009d4   0x00000024   Code   RO          456    i.Error_Handler     main.o
    0x080009f8   0x080009f8   0x0000002a   Code   RO         1104    i.HAL_CAN_ActivateNotification  stm32f1xx_hal_can.o
    0x08000a22   0x08000a22   0x00000002   PAD
    0x08000a24   0x08000a24   0x00000124   Code   RO         1106    i.HAL_CAN_ConfigFilter  stm32f1xx_hal_can.o
    0x08000b48   0x08000b48   0x00000002   Code   RO         1109    i.HAL_CAN_ErrorCallback  stm32f1xx_hal_can.o
    0x08000b4a   0x08000b4a   0x0000017a   Code   RO         1112    i.HAL_CAN_GetRxMessage  stm32f1xx_hal_can.o
    0x08000cc4   0x08000cc4   0x0000024e   Code   RO         1116    i.HAL_CAN_IRQHandler  stm32f1xx_hal_can.o
    0x08000f12   0x08000f12   0x00000174   Code   RO         1117    i.HAL_CAN_Init      stm32f1xx_hal_can.o
    0x08001086   0x08001086   0x00000002   PAD
    0x08001088   0x08001088   0x00000194   Code   RO          633    i.HAL_CAN_MspInit   can.o
    0x0800121c   0x0800121c   0x00000002   Code   RO         1124    i.HAL_CAN_RxFifo0FullCallback  stm32f1xx_hal_can.o
    0x0800121e   0x0800121e   0x00000002   PAD
    0x08001220   0x08001220   0x0000002c   Code   RO          634    i.HAL_CAN_RxFifo0MsgPendingCallback  can.o
    0x0800124c   0x0800124c   0x00000002   Code   RO         1126    i.HAL_CAN_RxFifo1FullCallback  stm32f1xx_hal_can.o
    0x0800124e   0x0800124e   0x00000002   Code   RO         1127    i.HAL_CAN_RxFifo1MsgPendingCallback  stm32f1xx_hal_can.o
    0x08001250   0x08001250   0x00000002   Code   RO         1128    i.HAL_CAN_SleepCallback  stm32f1xx_hal_can.o
    0x08001252   0x08001252   0x0000005e   Code   RO         1129    i.HAL_CAN_Start     stm32f1xx_hal_can.o
    0x080012b0   0x080012b0   0x00000002   Code   RO         1131    i.HAL_CAN_TxMailbox0AbortCallback  stm32f1xx_hal_can.o
    0x080012b2   0x080012b2   0x00000002   Code   RO         1132    i.HAL_CAN_TxMailbox0CompleteCallback  stm32f1xx_hal_can.o
    0x080012b4   0x080012b4   0x00000002   Code   RO         1133    i.HAL_CAN_TxMailbox1AbortCallback  stm32f1xx_hal_can.o
    0x080012b6   0x080012b6   0x00000002   Code   RO         1134    i.HAL_CAN_TxMailbox1CompleteCallback  stm32f1xx_hal_can.o
    0x080012b8   0x080012b8   0x00000002   Code   RO         1135    i.HAL_CAN_TxMailbox2AbortCallback  stm32f1xx_hal_can.o
    0x080012ba   0x080012ba   0x00000002   Code   RO         1136    i.HAL_CAN_TxMailbox2CompleteCallback  stm32f1xx_hal_can.o
    0x080012bc   0x080012bc   0x00000002   Code   RO         1138    i.HAL_CAN_WakeUpFromRxMsgCallback  stm32f1xx_hal_can.o
    0x080012be   0x080012be   0x00000056   Code   RO         1745    i.HAL_DMA_Abort     stm32f1xx_hal_dma.o
    0x08001314   0x08001314   0x000001a8   Code   RO         1746    i.HAL_DMA_Abort_IT  stm32f1xx_hal_dma.o
    0x080014bc   0x080014bc   0x00000398   Code   RO         1750    i.HAL_DMA_IRQHandler  stm32f1xx_hal_dma.o
    0x08001854   0x08001854   0x0000008c   Code   RO         1751    i.HAL_DMA_Init      stm32f1xx_hal_dma.o
    0x080018e0   0x080018e0   0x0000009c   Code   RO         1755    i.HAL_DMA_Start_IT  stm32f1xx_hal_dma.o
    0x0800197c   0x0800197c   0x00000320   Code   RO         1681    i.HAL_GPIO_Init     stm32f1xx_hal_gpio.o
    0x08001c9c   0x08001c9c   0x00000010   Code   RO         1683    i.HAL_GPIO_ReadPin  stm32f1xx_hal_gpio.o
    0x08001cac   0x08001cac   0x00000014   Code   RO         1684    i.HAL_GPIO_TogglePin  stm32f1xx_hal_gpio.o
    0x08001cc0   0x08001cc0   0x0000000c   Code   RO         1685    i.HAL_GPIO_WritePin  stm32f1xx_hal_gpio.o
    0x08001ccc   0x08001ccc   0x0000000c   Code   RO         1348    i.HAL_GetTick       stm32f1xx_hal.o
    0x08001cd8   0x08001cd8   0x000001d0   Code   RO         2378    i.HAL_I2C_Init      stm32f1xx_hal_i2c.o
    0x08001ea8   0x08001ea8   0x00000364   Code   RO         2396    i.HAL_I2C_Mem_Read  stm32f1xx_hal_i2c.o
    0x0800220c   0x0800220c   0x00000164   Code   RO         2399    i.HAL_I2C_Mem_Write  stm32f1xx_hal_i2c.o
    0x08002370   0x08002370   0x00000074   Code   RO          760    i.HAL_I2C_MspInit   i2c.o
    0x080023e4   0x080023e4   0x00000018   Code   RO         1354    i.HAL_IncTick       stm32f1xx_hal.o
    0x080023fc   0x080023fc   0x00000028   Code   RO         1355    i.HAL_Init          stm32f1xx_hal.o
    0x08002424   0x08002424   0x00000088   Code   RO         1028    i.HAL_InitTick      stm32f1xx_hal_timebase_tim.o
    0x080024ac   0x080024ac   0x00000060   Code   RO         1004    i.HAL_MspInit       stm32f1xx_hal_msp.o
    0x0800250c   0x0800250c   0x00000024   Code   RO         1839    i.HAL_NVIC_ClearPendingIRQ  stm32f1xx_hal_cortex.o
    0x08002530   0x08002530   0x00000044   Code   RO         1840    i.HAL_NVIC_DisableIRQ  stm32f1xx_hal_cortex.o
    0x08002574   0x08002574   0x00000020   Code   RO         1841    i.HAL_NVIC_EnableIRQ  stm32f1xx_hal_cortex.o
    0x08002594   0x08002594   0x0000007c   Code   RO         1847    i.HAL_NVIC_SetPriority  stm32f1xx_hal_cortex.o
    0x08002610   0x08002610   0x00000028   Code   RO         1848    i.HAL_NVIC_SetPriorityGrouping  stm32f1xx_hal_cortex.o
    0x08002638   0x08002638   0x0000001c   Code   RO         1972    i.HAL_PWR_EnableWakeUpPin  stm32f1xx_hal_pwr.o
    0x08002654   0x08002654   0x00000028   Code   RO         1974    i.HAL_PWR_EnterSTANDBYMode  stm32f1xx_hal_pwr.o
    0x0800267c   0x0800267c   0x0000018c   Code   RO         1512    i.HAL_RCC_ClockConfig  stm32f1xx_hal_rcc.o
    0x08002808   0x08002808   0x00000044   Code   RO         1516    i.HAL_RCC_GetClockConfig  stm32f1xx_hal_rcc.o
    0x0800284c   0x0800284c   0x0000000c   Code   RO         1517    i.HAL_RCC_GetHCLKFreq  stm32f1xx_hal_rcc.o
    0x08002858   0x08002858   0x00000020   Code   RO         1519    i.HAL_RCC_GetPCLK1Freq  stm32f1xx_hal_rcc.o
    0x08002878   0x08002878   0x00000020   Code   RO         1520    i.HAL_RCC_GetPCLK2Freq  stm32f1xx_hal_rcc.o
    0x08002898   0x08002898   0x00000124   Code   RO         1521    i.HAL_RCC_GetSysClockFreq  stm32f1xx_hal_rcc.o
    0x080029bc   0x080029bc   0x0000056c   Code   RO         1524    i.HAL_RCC_OscConfig  stm32f1xx_hal_rcc.o
    0x08002f28   0x08002f28   0x00000018   Code   RO         1030    i.HAL_SuspendTick   stm32f1xx_hal_timebase_tim.o
    0x08002f40   0x08002f40   0x00000002   Code   RO         3556    i.HAL_TIMEx_BreakCallback  stm32f1xx_hal_tim_ex.o
    0x08002f42   0x08002f42   0x00000002   Code   RO         3557    i.HAL_TIMEx_CommutCallback  stm32f1xx_hal_tim_ex.o
    0x08002f44   0x08002f44   0x00000066   Code   RO         2841    i.HAL_TIM_Base_Init  stm32f1xx_hal_tim.o
    0x08002faa   0x08002faa   0x00000002   Code   RO         2843    i.HAL_TIM_Base_MspInit  stm32f1xx_hal_tim.o
    0x08002fac   0x08002fac   0x00000084   Code   RO         2846    i.HAL_TIM_Base_Start_IT  stm32f1xx_hal_tim.o
    0x08003030   0x08003030   0x00000002   Code   RO         2875    i.HAL_TIM_IC_CaptureCallback  stm32f1xx_hal_tim.o
    0x08003032   0x08003032   0x00000196   Code   RO         2889    i.HAL_TIM_IRQHandler  stm32f1xx_hal_tim.o
    0x080031c8   0x080031c8   0x00000002   Code   RO         2892    i.HAL_TIM_OC_DelayElapsedCallback  stm32f1xx_hal_tim.o
    0x080031ca   0x080031ca   0x00000002   Code   RO         2919    i.HAL_TIM_PWM_PulseFinishedCallback  stm32f1xx_hal_tim.o
    0x080031cc   0x080031cc   0x00000018   Code   RO          457    i.HAL_TIM_PeriodElapsedCallback  main.o
    0x080031e4   0x080031e4   0x00000002   Code   RO         2932    i.HAL_TIM_TriggerCallback  stm32f1xx_hal_tim.o
    0x080031e6   0x080031e6   0x00000002   Code   RO         3834    i.HAL_UARTEx_RxEventCallback  stm32f1xx_hal_uart.o
    0x080031e8   0x080031e8   0x00000002   Code   RO         3848    i.HAL_UART_ErrorCallback  stm32f1xx_hal_uart.o
    0x080031ea   0x080031ea   0x00000002   PAD
    0x080031ec   0x080031ec   0x0000024c   Code   RO         3851    i.HAL_UART_IRQHandler  stm32f1xx_hal_uart.o
    0x08003438   0x08003438   0x00000072   Code   RO         3852    i.HAL_UART_Init     stm32f1xx_hal_uart.o
    0x080034aa   0x080034aa   0x00000002   PAD
    0x080034ac   0x080034ac   0x000001c0   Code   RO          802    i.HAL_UART_MspInit  usart.o
    0x0800366c   0x0800366c   0x000000dc   Code   RO         3855    i.HAL_UART_Receive  stm32f1xx_hal_uart.o
    0x08003748   0x08003748   0x00000042   Code   RO         3857    i.HAL_UART_Receive_IT  stm32f1xx_hal_uart.o
    0x0800378a   0x0800378a   0x00000002   PAD
    0x0800378c   0x0800378c   0x00000028   Code   RO          803    i.HAL_UART_RxCpltCallback  usart.o
    0x080037b4   0x080037b4   0x000000d2   Code   RO         3860    i.HAL_UART_Transmit  stm32f1xx_hal_uart.o
    0x08003886   0x08003886   0x00000002   PAD
    0x08003888   0x08003888   0x0000009c   Code   RO         3861    i.HAL_UART_Transmit_DMA  stm32f1xx_hal_uart.o
    0x08003924   0x08003924   0x00000002   Code   RO         3863    i.HAL_UART_TxCpltCallback  stm32f1xx_hal_uart.o
    0x08003926   0x08003926   0x00000002   Code   RO         3864    i.HAL_UART_TxHalfCpltCallback  stm32f1xx_hal_uart.o
    0x08003928   0x08003928   0x00000004   Code   RO          905    i.HardFault_Handler  stm32f1xx_it.o
    0x0800392c   0x0800392c   0x0000003e   Code   RO         2421    i.I2C_IsAcknowledgeFailed  stm32f1xx_hal_i2c.o
    0x0800396a   0x0800396a   0x00000002   PAD
    0x0800396c   0x0800396c   0x00000160   Code   RO         2432    i.I2C_RequestMemoryRead  stm32f1xx_hal_i2c.o
    0x08003acc   0x08003acc   0x000000e0   Code   RO         2433    i.I2C_RequestMemoryWrite  stm32f1xx_hal_i2c.o
    0x08003bac   0x08003bac   0x0000005c   Code   RO         2441    i.I2C_WaitOnBTFFlagUntilTimeout  stm32f1xx_hal_i2c.o
    0x08003c08   0x08003c08   0x00000086   Code   RO         2442    i.I2C_WaitOnFlagUntilTimeout  stm32f1xx_hal_i2c.o
    0x08003c8e   0x08003c8e   0x000000c4   Code   RO         2443    i.I2C_WaitOnMasterAddressFlagUntilTimeout  stm32f1xx_hal_i2c.o
    0x08003d52   0x08003d52   0x00000080   Code   RO         2444    i.I2C_WaitOnRXNEFlagUntilTimeout  stm32f1xx_hal_i2c.o
    0x08003dd2   0x08003dd2   0x0000005c   Code   RO         2447    i.I2C_WaitOnTXEFlagUntilTimeout  stm32f1xx_hal_i2c.o
    0x08003e2e   0x08003e2e   0x00000002   PAD
    0x08003e30   0x08003e30   0x00000048   Code   RO          635    i.MX_CAN1_Init      can.o
    0x08003e78   0x08003e78   0x00000048   Code   RO          636    i.MX_CAN2_Init      can.o
    0x08003ec0   0x08003ec0   0x00000034   Code   RO          735    i.MX_DMA_Init       dma.o
    0x08003ef4   0x08003ef4   0x00000098   Code   RO          555    i.MX_FREERTOS_Init  freertos.o
    0x08003f8c   0x08003f8c   0x00000160   Code   RO          525    i.MX_GPIO_Init      gpio.o
    0x080040ec   0x080040ec   0x0000003c   Code   RO          761    i.MX_I2C1_Init      i2c.o
    0x08004128   0x08004128   0x00000038   Code   RO          804    i.MX_UART4_Init     usart.o
    0x08004160   0x08004160   0x00000038   Code   RO          805    i.MX_USART1_UART_Init  usart.o
    0x08004198   0x08004198   0x00000038   Code   RO          806    i.MX_USART3_UART_Init  usart.o
    0x080041d0   0x080041d0   0x00000004   Code   RO          906    i.MemManage_Handler  stm32f1xx_it.o
    0x080041d4   0x080041d4   0x00000046   Code   RO          807    i.ModBusCRC16       usart.o
    0x0800421a   0x0800421a   0x00000004   Code   RO          907    i.NMI_Handler       stm32f1xx_it.o
    0x0800421e   0x0800421e   0x00000002   PAD
    0x08004220   0x08004220   0x00000028   Code   RO         1525    i.RCC_Delay         stm32f1xx_hal_rcc.o
    0x08004248   0x08004248   0x0000000c   Code   RO          556    i.StartDefaultTask  freertos.o
    0x08004254   0x08004254   0x00000050   Code   RO          557    i.StartEC600Com     freertos.o
    0x080042a4   0x080042a4   0x00000034   Code   RO         5436    i.SysTick_Handler   port.o
    0x080042d8   0x080042d8   0x00000080   Code   RO          458    i.SystemClock_Config  main.o
    0x08004358   0x08004358   0x00000002   Code   RO         4191    i.SystemInit        system_stm32f1xx.o
    0x0800435a   0x0800435a   0x00000002   PAD
    0x0800435c   0x0800435c   0x00000010   Code   RO          908    i.TIM1_UP_IRQHandler  stm32f1xx_it.o
    0x0800436c   0x0800436c   0x00000084   Code   RO         2934    i.TIM_Base_SetConfig  stm32f1xx_hal_tim.o
    0x080043f0   0x080043f0   0x00000010   Code   RO          909    i.UART4_IRQHandler  stm32f1xx_it.o
    0x08004400   0x08004400   0x00000014   Code   RO         3865    i.UART_DMAAbortOnError  stm32f1xx_hal_uart.o
    0x08004414   0x08004414   0x00000050   Code   RO         3866    i.UART_DMAError     stm32f1xx_hal_uart.o
    0x08004464   0x08004464   0x00000036   Code   RO         3871    i.UART_DMATransmitCplt  stm32f1xx_hal_uart.o
    0x0800449a   0x0800449a   0x0000000e   Code   RO         3873    i.UART_DMATxHalfCplt  stm32f1xx_hal_uart.o
    0x080044a8   0x080044a8   0x00000036   Code   RO         3875    i.UART_EndRxTransfer  stm32f1xx_hal_uart.o
    0x080044de   0x080044de   0x00000020   Code   RO         3876    i.UART_EndTransmit_IT  stm32f1xx_hal_uart.o
    0x080044fe   0x080044fe   0x00000014   Code   RO         3877    i.UART_EndTxTransfer  stm32f1xx_hal_uart.o
    0x08004512   0x08004512   0x000000e4   Code   RO         3878    i.UART_Receive_IT   stm32f1xx_hal_uart.o
    0x080045f6   0x080045f6   0x00000002   PAD
    0x080045f8   0x080045f8   0x000000fc   Code   RO         3879    i.UART_SetConfig    stm32f1xx_hal_uart.o
    0x080046f4   0x080046f4   0x00000046   Code   RO         3881    i.UART_Start_Receive_IT  stm32f1xx_hal_uart.o
    0x0800473a   0x0800473a   0x00000060   Code   RO         3882    i.UART_Transmit_IT  stm32f1xx_hal_uart.o
    0x0800479a   0x0800479a   0x0000006c   Code   RO         3883    i.UART_WaitOnFlagUntilTimeout  stm32f1xx_hal_uart.o
    0x08004806   0x08004806   0x00000002   PAD
    0x08004808   0x08004808   0x00000010   Code   RO          910    i.USART1_IRQHandler  stm32f1xx_it.o
    0x08004818   0x08004818   0x00000004   Code   RO          911    i.UsageFault_Handler  stm32f1xx_it.o
    0x0800481c   0x0800481c   0x00000020   Code   RO         6660    i.__0printf         mc_w.l(printfa.o)
    0x0800483c   0x0800483c   0x00000030   Code   RO         6661    i.__0snprintf       mc_w.l(printfa.o)
    0x0800486c   0x0800486c   0x00000028   Code   RO         6662    i.__0sprintf        mc_w.l(printfa.o)
    0x08004894   0x08004894   0x0000001a   Code   RO         5586    i.__ARM_common_switch8  jansson_CM3LE.lib(dump.o)
    0x080048ae   0x080048ae   0x00000002   PAD
    0x080048b0   0x080048b0   0x00000010   Code   RO         1854    i.__NVIC_GetPriorityGrouping  stm32f1xx_hal_cortex.o
    0x080048c0   0x080048c0   0x00000028   Code   RO         1855    i.__NVIC_SetPriority  stm32f1xx_hal_cortex.o
    0x080048e8   0x080048e8   0x0000000e   Code   RO         6800    i.__scatterload_copy  mc_w.l(handlers.o)
    0x080048f6   0x080048f6   0x00000002   Code   RO         6801    i.__scatterload_null  mc_w.l(handlers.o)
    0x080048f8   0x080048f8   0x0000000e   Code   RO         6802    i.__scatterload_zeroinit  mc_w.l(handlers.o)
    0x08004906   0x08004906   0x00000002   PAD
    0x08004908   0x08004908   0x00000184   Code   RO         6667    i._fp_digits        mc_w.l(printfa.o)
    0x08004a8c   0x08004a8c   0x000006dc   Code   RO         6668    i._printf_core      mc_w.l(printfa.o)
    0x08005168   0x08005168   0x00000024   Code   RO         6669    i._printf_post_padding  mc_w.l(printfa.o)
    0x0800518c   0x0800518c   0x0000002e   Code   RO         6670    i._printf_pre_padding  mc_w.l(printfa.o)
    0x080051ba   0x080051ba   0x00000016   Code   RO         6671    i._snputc           mc_w.l(printfa.o)
    0x080051d0   0x080051d0   0x0000000a   Code   RO         6672    i._sputc            mc_w.l(printfa.o)
    0x080051da   0x080051da   0x00000016   Code   RO         6027    i.bucket_is_empty   jansson_CM3LE.lib(hashtable.o)
    0x080051f0   0x080051f0   0x00000394   Code   RO         5524    i.do_dump           jansson_CM3LE.lib(dump.o)
    0x08005584   0x08005584   0x00000060   Code   RO         5525    i.dump_indent       jansson_CM3LE.lib(dump.o)
    0x080055e4   0x080055e4   0x0000014c   Code   RO         5526    i.dump_string       jansson_CM3LE.lib(dump.o)
    0x08005730   0x08005730   0x00000010   Code   RO         5528    i.dump_to_strbuffer  jansson_CM3LE.lib(dump.o)
    0x08005740   0x08005740   0x00000020   Code   RO          808    i.fputc             usart.o
    0x08005760   0x08005760   0x00000050   Code   RO         6688    i.free              mc_w.l(malloc.o)
    0x080057b0   0x080057b0   0x00000144   Code   RO         6028    i.hashlittle        jansson_CM3LE.lib(hashtable.o)
    0x080058f4   0x080058f4   0x00000010   Code   RO         6030    i.hashtable_close   jansson_CM3LE.lib(hashtable.o)
    0x08005904   0x08005904   0x00000022   Code   RO         6032    i.hashtable_do_clear  jansson_CM3LE.lib(hashtable.o)
    0x08005926   0x08005926   0x00000076   Code   RO         6034    i.hashtable_do_rehash  jansson_CM3LE.lib(hashtable.o)
    0x0800599c   0x0800599c   0x0000003c   Code   RO         6035    i.hashtable_find_pair  jansson_CM3LE.lib(hashtable.o)
    0x080059d8   0x080059d8   0x00000040   Code   RO         6036    i.hashtable_get     jansson_CM3LE.lib(hashtable.o)
    0x08005a18   0x08005a18   0x00000048   Code   RO         6037    i.hashtable_init    jansson_CM3LE.lib(hashtable.o)
    0x08005a60   0x08005a60   0x0000000c   Code   RO         6038    i.hashtable_iter    jansson_CM3LE.lib(hashtable.o)
    0x08005a6c   0x08005a6c   0x00000004   Code   RO         6040    i.hashtable_iter_key  jansson_CM3LE.lib(hashtable.o)
    0x08005a70   0x08005a70   0x0000000e   Code   RO         6041    i.hashtable_iter_next  jansson_CM3LE.lib(hashtable.o)
    0x08005a7e   0x08005a7e   0x00000004   Code   RO         6042    i.hashtable_iter_serial  jansson_CM3LE.lib(hashtable.o)
    0x08005a82   0x08005a82   0x00000004   Code   RO         6044    i.hashtable_iter_value  jansson_CM3LE.lib(hashtable.o)
    0x08005a86   0x08005a86   0x00000002   PAD
    0x08005a88   0x08005a88   0x000000ac   Code   RO         6045    i.hashtable_set     jansson_CM3LE.lib(hashtable.o)
    0x08005b34   0x08005b34   0x00000010   Code   RO         5005    i.inHandlerMode     cmsis_os.o
    0x08005b44   0x08005b44   0x00000238   Code   RO          637    i.initJsonObj       can.o
    0x08005d7c   0x08005d7c   0x0000002a   Code   RO         6046    i.insert_to_bucket  jansson_CM3LE.lib(hashtable.o)
    0x08005da6   0x08005da6   0x0000001c   Code   RO         5638    i.json_array_get    jansson_CM3LE.lib(value.o)
    0x08005dc2   0x08005dc2   0x00000012   Code   RO         5643    i.json_array_size   jansson_CM3LE.lib(value.o)
    0x08005dd4   0x08005dd4   0x00000018   Code   RO         5645    i.json_decref       jansson_CM3LE.lib(value.o)
    0x08005dec   0x08005dec   0x00000018   Code   RO         6047    i.json_decref       jansson_CM3LE.lib(hashtable.o)
    0x08005e04   0x08005e04   0x00000054   Code   RO         5647    i.json_delete       jansson_CM3LE.lib(value.o)
    0x08005e58   0x08005e58   0x0000002a   Code   RO         5529    i.json_dump_callback  jansson_CM3LE.lib(dump.o)
    0x08005e82   0x08005e82   0x00000002   PAD
    0x08005e84   0x08005e84   0x00000044   Code   RO         5532    i.json_dumps        jansson_CM3LE.lib(dump.o)
    0x08005ec8   0x08005ec8   0x0000001c   Code   RO         5651    i.json_integer      jansson_CM3LE.lib(value.o)
    0x08005ee4   0x08005ee4   0x00000018   Code   RO         5652    i.json_integer_set  jansson_CM3LE.lib(value.o)
    0x08005efc   0x08005efc   0x00000018   Code   RO         5653    i.json_integer_value  jansson_CM3LE.lib(value.o)
    0x08005f14   0x08005f14   0x0000004c   Code   RO         5656    i.json_object       jansson_CM3LE.lib(value.o)
    0x08005f60   0x08005f60   0x0000001c   Code   RO         5661    i.json_object_get   jansson_CM3LE.lib(value.o)
    0x08005f7c   0x08005f7c   0x00000018   Code   RO         5662    i.json_object_iter  jansson_CM3LE.lib(value.o)
    0x08005f94   0x08005f94   0x0000000c   Code   RO         5664    i.json_object_iter_key  jansson_CM3LE.lib(value.o)
    0x08005fa0   0x08005fa0   0x0000001c   Code   RO         5665    i.json_object_iter_next  jansson_CM3LE.lib(value.o)
    0x08005fbc   0x08005fbc   0x0000000c   Code   RO         5667    i.json_object_iter_value  jansson_CM3LE.lib(value.o)
    0x08005fc8   0x08005fc8   0x00000028   Code   RO         6360    i.json_object_seed  jansson_CM3LE.lib(hashtable_seed.o)
    0x08005ff0   0x08005ff0   0x0000002c   Code   RO          638    i.json_object_set   can.o
    0x0800601c   0x0800601c   0x00000034   Code   RO         5669    i.json_object_set_new  jansson_CM3LE.lib(value.o)
    0x08006050   0x08006050   0x00000040   Code   RO         5670    i.json_object_set_new_nocheck  jansson_CM3LE.lib(value.o)
    0x08006090   0x08006090   0x00000012   Code   RO         5672    i.json_object_size  jansson_CM3LE.lib(value.o)
    0x080060a2   0x080060a2   0x00000018   Code   RO         5678    i.json_real_value   jansson_CM3LE.lib(value.o)
    0x080060ba   0x080060ba   0x00000012   Code   RO         5681    i.json_string_length  jansson_CM3LE.lib(value.o)
    0x080060cc   0x080060cc   0x00000012   Code   RO         5687    i.json_string_value  jansson_CM3LE.lib(value.o)
    0x080060de   0x080060de   0x00000002   PAD
    0x080060e0   0x080060e0   0x000000a0   Code   RO         6290    i.jsonp_dtostr      jansson_CM3LE.lib(strconv.o)
    0x08006180   0x08006180   0x00000010   Code   RO         6185    i.jsonp_free        jansson_CM3LE.lib(memory.o)
    0x08006190   0x08006190   0x00000010   Code   RO         6186    i.jsonp_malloc      jansson_CM3LE.lib(memory.o)
    0x080061a0   0x080061a0   0x00000012   Code   RO         6187    i.jsonp_strdup      jansson_CM3LE.lib(memory.o)
    0x080061b2   0x080061b2   0x00000024   Code   RO         6188    i.jsonp_strndup     jansson_CM3LE.lib(memory.o)
    0x080061d6   0x080061d6   0x0000000e   Code   RO         6048    i.list_insert       jansson_CM3LE.lib(hashtable.o)
    0x080061e4   0x080061e4   0x0000009c   Code   RO          459    i.main              main.o
    0x08006280   0x08006280   0x0000000e   Code   RO         5007    i.makeFreeRtosPriority  cmsis_os.o
    0x0800628e   0x0800628e   0x00000002   PAD
    0x08006290   0x08006290   0x0000006c   Code   RO         6689    i.malloc            mc_w.l(malloc.o)
    0x080062fc   0x080062fc   0x00000070   Code   RO           17    i.mpu_configure_fifo  inv_mpu.o
    0x0800636c   0x0800636c   0x0000004c   Code   RO           18    i.mpu_get_accel_fsr  inv_mpu.o
    0x080063b8   0x080063b8   0x00000010   Code   RO           25    i.mpu_get_fifo_config  inv_mpu.o
    0x080063c8   0x080063c8   0x00000044   Code   RO           26    i.mpu_get_gyro_fsr  inv_mpu.o
    0x0800640c   0x0800640c   0x00000050   Code   RO           30    i.mpu_get_lpf       inv_mpu.o
    0x0800645c   0x0800645c   0x00000020   Code   RO           32    i.mpu_get_sample_rate  inv_mpu.o
    0x0800647c   0x0800647c   0x00000164   Code   RO           34    i.mpu_init          inv_mpu.o
    0x080065e0   0x080065e0   0x00000100   Code   RO           36    i.mpu_lp_accel_mode  inv_mpu.o
    0x080066e0   0x080066e0   0x00000254   Code   RO           37    i.mpu_lp_motion_interrupt  inv_mpu.o
    0x08006934   0x08006934   0x00000264   Code   RO           43    i.mpu_reset_fifo    inv_mpu.o
    0x08006b98   0x08006b98   0x00000098   Code   RO           46    i.mpu_set_accel_fsr  inv_mpu.o
    0x08006c30   0x08006c30   0x000001a8   Code   RO           47    i.mpu_set_bypass    inv_mpu.o
    0x08006dd8   0x08006dd8   0x000000b0   Code   RO           49    i.mpu_set_dmp_state  inv_mpu.o
    0x08006e88   0x08006e88   0x0000009c   Code   RO           50    i.mpu_set_gyro_fsr  inv_mpu.o
    0x08006f24   0x08006f24   0x00000080   Code   RO           51    i.mpu_set_int_latched  inv_mpu.o
    0x08006fa4   0x08006fa4   0x00000098   Code   RO           53    i.mpu_set_lpf       inv_mpu.o
    0x0800703c   0x0800703c   0x000000b0   Code   RO           54    i.mpu_set_sample_rate  inv_mpu.o
    0x080070ec   0x080070ec   0x000000f0   Code   RO           55    i.mpu_set_sensors   inv_mpu.o
    0x080071dc   0x080071dc   0x0000000c   Code   RO         5533    i.object_key_compare_keys  jansson_CM3LE.lib(dump.o)
    0x080071e8   0x080071e8   0x0000001a   Code   RO         5534    i.object_key_compare_serials  jansson_CM3LE.lib(dump.o)
    0x08007202   0x08007202   0x00000018   Code   RO         5009    i.osDelay           cmsis_os.o
    0x0800721a   0x0800721a   0x0000000a   Code   RO         5012    i.osKernelStart     cmsis_os.o
    0x08007224   0x08007224   0x00000014   Code   RO         5013    i.osKernelSysTick   cmsis_os.o
    0x08007238   0x08007238   0x00000028   Code   RO         5021    i.osMessageCreate   cmsis_os.o
    0x08007260   0x08007260   0x0000005e   Code   RO         5046    i.osThreadCreate    cmsis_os.o
    0x080072be   0x080072be   0x00000002   PAD
    0x080072c0   0x080072c0   0x00000154   Code   RO          639    i.packJaon          can.o
    0x08007414   0x08007414   0x000000dc   Code   RO          558    i.powerControlFunc  freertos.o
    0x080074f0   0x080074f0   0x00000098   Code   RO         4693    i.prvAddCurrentTaskToDelayedList  tasks.o
    0x08007588   0x08007588   0x000000b4   Code   RO         4694    i.prvAddNewTaskToReadyList  tasks.o
    0x0800763c   0x0800763c   0x00000048   Code   RO         4695    i.prvCheckTasksWaitingTermination  tasks.o
    0x08007684   0x08007684   0x00000050   Code   RO         4696    i.prvDeleteTCB      tasks.o
    0x080076d4   0x080076d4   0x0000007c   Code   RO         5374    i.prvHeapInit       heap_4.o
    0x08007750   0x08007750   0x00000028   Code   RO         4697    i.prvIdleTask       tasks.o
    0x08007778   0x08007778   0x00000026   Code   RO         4372    i.prvInitialiseNewQueue  queue.o
    0x0800779e   0x0800779e   0x000000aa   Code   RO         4698    i.prvInitialiseNewTask  tasks.o
    0x08007848   0x08007848   0x00000068   Code   RO         4699    i.prvInitialiseTaskLists  tasks.o
    0x080078b0   0x080078b0   0x00000068   Code   RO         5375    i.prvInsertBlockIntoFreeList  heap_4.o
    0x08007918   0x08007918   0x00000034   Code   RO         4700    i.prvResetNextTaskUnblockTime  tasks.o
    0x0800794c   0x0800794c   0x00000040   Code   RO         5437    i.prvTaskExitError  port.o
    0x0800798c   0x0800798c   0x0000013c   Code   RO         5376    i.pvPortMalloc      heap_4.o
    0x08007ac8   0x08007ac8   0x00000024   Code   RO         5438    i.pxPortInitialiseStack  port.o
    0x08007aec   0x08007aec   0x0000001c   Code   RO          559    i.readBatteryInfo   freertos.o
    0x08007b08   0x08007b08   0x000000ec   Code   RO          810    i.readBmsID         usart.o
    0x08007bf4   0x08007bf4   0x000000e8   Code   RO          811    i.readBmsRegs       usart.o
    0x08007cdc   0x08007cdc   0x00000034   Code   RO          526    i.readPowerSupplyStatus  gpio.o
    0x08007d10   0x08007d10   0x00000006   Code   RO         5512    i.seed_from_timestamp_and_pid  jansson_config.o
    0x08007d16   0x08007d16   0x00000002   PAD
    0x08007d18   0x08007d18   0x000000b0   Code   RO           57    i.set_int_enable    inv_mpu.o
    0x08007dc8   0x08007dc8   0x00000070   Code   RO         6232    i.strbuffer_append_bytes  jansson_CM3LE.lib(strbuffer.o)
    0x08007e38   0x08007e38   0x00000018   Code   RO         6234    i.strbuffer_close   jansson_CM3LE.lib(strbuffer.o)
    0x08007e50   0x08007e50   0x00000022   Code   RO         6235    i.strbuffer_init    jansson_CM3LE.lib(strbuffer.o)
    0x08007e72   0x08007e72   0x00000004   Code   RO         6238    i.strbuffer_value   jansson_CM3LE.lib(strbuffer.o)
    0x08007e76   0x08007e76   0x00000002   PAD
    0x08007e78   0x08007e78   0x00000334   Code   RO          812    i.updateBatInfo     usart.o
    0x080081ac   0x080081ac   0x00000150   Code   RO          641    i.updateInverteInfo  can.o
    0x080082fc   0x080082fc   0x0000003c   Code   RO         6321    i.utf8_check_first  jansson_CM3LE.lib(utf.o)
    0x08008338   0x08008338   0x00000088   Code   RO         6322    i.utf8_check_full   jansson_CM3LE.lib(utf.o)
    0x080083c0   0x080083c0   0x0000003e   Code   RO         6323    i.utf8_check_string  jansson_CM3LE.lib(utf.o)
    0x080083fe   0x080083fe   0x00000040   Code   RO         6325    i.utf8_iterate      jansson_CM3LE.lib(utf.o)
    0x0800843e   0x0800843e   0x00000028   Code   RO         4328    i.uxListRemove      list.o
    0x08008466   0x08008466   0x00000002   PAD
    0x08008468   0x08008468   0x00000018   Code   RO          560    i.vApplicationGetIdleTaskMemory  freertos.o
    0x08008480   0x08008480   0x0000001a   Code   RO         4329    i.vListInitialise   list.o
    0x0800849a   0x0800849a   0x00000006   Code   RO         4330    i.vListInitialiseItem  list.o
    0x080084a0   0x080084a0   0x00000034   Code   RO         4331    i.vListInsert       list.o
    0x080084d4   0x080084d4   0x00000018   Code   RO         4332    i.vListInsertEnd    list.o
    0x080084ec   0x080084ec   0x00000054   Code   RO         5440    i.vPortEnterCritical  port.o
    0x08008540   0x08008540   0x0000003c   Code   RO         5441    i.vPortExitCritical  port.o
    0x0800857c   0x0800857c   0x00000094   Code   RO         5377    i.vPortFree         heap_4.o
    0x08008610   0x08008610   0x00000028   Code   RO         5442    i.vPortSetupTimerInterrupt  port.o
    0x08008638   0x08008638   0x00000078   Code   RO         5443    i.vPortValidateInterruptPriority  port.o
    0x080086b0   0x080086b0   0x0000005c   Code   RO         4708    i.vTaskDelay        tasks.o
    0x0800870c   0x0800870c   0x000000b0   Code   RO         4721    i.vTaskStartScheduler  tasks.o
    0x080087bc   0x080087bc   0x00000010   Code   RO         4723    i.vTaskSuspendAll   tasks.o
    0x080087cc   0x080087cc   0x0000008c   Code   RO         4724    i.vTaskSwitchContext  tasks.o
    0x08008858   0x08008858   0x000000f8   Code   RO         5444    i.xPortStartScheduler  port.o
    0x08008950   0x08008950   0x0000005e   Code   RO         4384    i.xQueueGenericCreate  queue.o
    0x080089ae   0x080089ae   0x000000de   Code   RO         4385    i.xQueueGenericCreateStatic  queue.o
    0x08008a8c   0x08008a8c   0x00000098   Code   RO         4386    i.xQueueGenericReset  queue.o
    0x08008b24   0x08008b24   0x00000064   Code   RO         4726    i.xTaskCreate       tasks.o
    0x08008b88   0x08008b88   0x000000b8   Code   RO         4727    i.xTaskCreateStatic  tasks.o
    0x08008c40   0x08008c40   0x0000000c   Code   RO         4732    i.xTaskGetTickCount  tasks.o
    0x08008c4c   0x08008c4c   0x00000014   Code   RO         4733    i.xTaskGetTickCountFromISR  tasks.o
    0x08008c60   0x08008c60   0x00000148   Code   RO         4734    i.xTaskIncrementTick  tasks.o
    0x08008da8   0x08008da8   0x00000098   Code   RO         4739    i.xTaskRemoveFromEventList  tasks.o
    0x08008e40   0x08008e40   0x00000104   Code   RO         4740    i.xTaskResumeAll    tasks.o
    0x08008f44   0x08008f44   0x00000054   Data   RO           59    .constdata          inv_mpu.o
    0x08008f98   0x08008f98   0x00000080   Data   RO          562    .constdata          freertos.o
    0x08009018   0x08009018   0x00000018   Data   RO         4192    .constdata          system_stm32f1xx.o
    0x08009030   0x08009030   0x00000021   Data   RO         5535    .constdata          jansson_CM3LE.lib(dump.o)
    0x08009051   0x08009051   0x00000003   PAD
    0x08009054   0x08009054   0x00000039   Data   RO          563    .conststring        freertos.o
    0x0800908d   0x0800908d   0x00000003   PAD
    0x08009090   0x08009090   0x00000020   Data   RO         6798    Region$$Table       anon$$obj.o


    Execution Region RW_IRAM1 (Exec base: 0x20000000, Load base: 0x080090b0, Size: 0x00003ba0, Max: 0x00010000, ABSOLUTE, COMPRESSED[0x00000030])

    Exec Addr    Load Addr    Size         Type   Attr      Idx    E Section Name        Object

    0x20000000   COMPRESSED   0x0000002c   Data   RW           60    .data               inv_mpu.o
    0x2000002c   COMPRESSED   0x00000014   Data   RW          564    .data               freertos.o
    0x20000040   COMPRESSED   0x00000070   Data   RW          643    .data               can.o
    0x200000b0   COMPRESSED   0x0000006c   Data   RW          814    .data               usart.o
    0x2000011c   COMPRESSED   0x00000009   Data   RW         1362    .data               stm32f1xx_hal.o
    0x20000125   COMPRESSED   0x00000003   PAD
    0x20000128   COMPRESSED   0x00000004   Data   RW         4193    .data               system_stm32f1xx.o
    0x2000012c   COMPRESSED   0x0000003c   Data   RW         4743    .data               tasks.o
    0x20000168   COMPRESSED   0x00000018   Data   RW         5382    .data               heap_4.o
    0x20000180   COMPRESSED   0x0000000c   Data   RW         5445    .data               port.o
    0x2000018c   COMPRESSED   0x00000008   Data   RW         6189    .data               jansson_CM3LE.lib(memory.o)
    0x20000194   COMPRESSED   0x00000004   Data   RW         6361    .data               jansson_CM3LE.lib(hashtable_seed.o)
    0x20000198   COMPRESSED   0x00000004   Data   RW         6757    .data               mc_w.l(stdout.o)
    0x2000019c   COMPRESSED   0x00000004   Data   RW         6760    .data               mc_w.l(mvars.o)
    0x200001a0   COMPRESSED   0x00000004   Data   RW         6761    .data               mc_w.l(mvars.o)
    0x200001a4        -       0x00000020   Zero   RW          460    .bss                main.o
    0x200001c4        -       0x00000254   Zero   RW          561    .bss                freertos.o
    0x20000418        -       0x0000046c   Zero   RW          642    .bss                can.o
    0x20000884        -       0x00000054   Zero   RW          762    .bss                i2c.o
    0x200008d8        -       0x0000018c   Zero   RW          813    .bss                usart.o
    0x20000a64        -       0x00000048   Zero   RW         1031    .bss                stm32f1xx_hal_timebase_tim.o
    0x20000aac        -       0x000000f0   Zero   RW         4742    .bss                tasks.o
    0x20000b9c        -       0x00001000   Zero   RW         5381    .bss                heap_4.o
    0x20001b9c   COMPRESSED   0x00000004   PAD
    0x20001ba0        -       0x00001000   Zero   RW            2    HEAP                startup_stm32f105xc.o
    0x20002ba0        -       0x00001000   Zero   RW            1    STACK               startup_stm32f105xc.o


==============================================================================

Image component sizes


      Code (inc. data)   RO Data    RW Data    ZI Data      Debug   Object Name

      1948        486          0        112       1132      11961   can.o
       218          0          0          0          0      27211   cmsis_os.o
        52          4          0          0          0        698   dma.o
         0          0          0          0          0      18100   event_groups.o
       516         88        185         20        596       5806   freertos.o
       404         26          0          0          0       1627   gpio.o
       692         62          0         24       4096       7071   heap_4.o
       176         24          0          0         84       1513   i2c.o
      3984        158         84         44          0     670993   inv_mpu.o
         6          0          0          0          0        842   jansson_config.o
       148          0          0          0          0       3278   list.o
       344         42          0          0         32       8401   main.o
       854         78          0         12          0      10985   port.o
       506          6          0          0          0       5579   queue.o
        36          8        336          0       8192        780   startup_stm32f105xc.o
        76         20          0          9          0       5586   stm32f1xx_hal.o
      1792          6          0          0          0      12252   stm32f1xx_hal_can.o
       356         34          0          0          0      29903   stm32f1xx_hal_cortex.o
      1770         28          0          0          0       5130   stm32f1xx_hal_dma.o
       848         34          0          0          0       3816   stm32f1xx_hal_gpio.o
      2968         52          0          0          0      11130   stm32f1xx_hal_i2c.o
        96         10          0          0          0        850   stm32f1xx_hal_msp.o
        68         14          0          0          0       1029   stm32f1xx_hal_pwr.o
      2260        132          0          0          0       6697   stm32f1xx_hal_rcc.o
       782         34          0          0          0       5902   stm32f1xx_hal_tim.o
         4          0          0          0          0       1449   stm32f1xx_hal_tim_ex.o
       160         24          0          0         72       1837   stm32f1xx_hal_timebase_tim.o
      2390         24          0          0          0      15441   stm32f1xx_hal_uart.o
       150         48          0          0          0       6036   stm32f1xx_it.o
         0          0          0          0          0        392   stream_buffer.o
         2          0         24          4          0       1047   system_stm32f1xx.o
      2330        304          0         60        240      18495   tasks.o
      2050        310          0        108        396       9845   usart.o

    ----------------------------------------------------------------------
     28026       2056        664        396      14844     911682   Object Totals
         0          0         32          0          0          0   (incl. Generated)
        40          0          3          3          4          0   (incl. Padding)

    ----------------------------------------------------------------------

      Code (inc. data)   RO Data    RW Data    ZI Data      Debug   Library Member Name

      1534        162         33          0          0      17721   dump.o
      1000         32          0          0          0      17697   hashtable.o
        40          6          0          4          0       1280   hashtable_seed.o
        86          8          0          8          0       6121   memory.o
       174          4          0          0          0       2866   strbuffer.o
       160         10          0          0          0        783   strconv.o
       322         10          0          0          0       3520   utf.o
       604         12          0          0          0      18830   value.o
        86          0          0          0          0          0   __dczerorl2.o
         0          0          0          0          0          0   entry.o
         0          0          0          0          0          0   entry10a.o
         0          0          0          0          0          0   entry11a.o
         8          4          0          0          0          0   entry2.o
         4          0          0          0          0          0   entry5.o
         0          0          0          0          0          0   entry7b.o
         0          0          0          0          0          0   entry8b.o
         8          4          0          0          0          0   entry9a.o
        30          0          0          0          0          0   handlers.o
        36          8          0          0          0         68   init.o
         0          0          0          0          0          0   iusefp.o
        30          0          0          0          0         68   llshl.o
        36          0          0          0          0         68   llsshr.o
        32          0          0          0          0         68   llushr.o
       188         20          0          0          0        160   malloc.o
        64          0          0          0          0         76   memmovea.o
        36          0          0          0          0        108   memseta.o
         0          0          0          8          0          0   mvars.o
      2378        100          0          0          0        756   printfa.o
       156          0          0          0          0         88   qsort.o
         0          0          0          4          0          0   stdout.o
        20          0          0          0          0         68   strchr.o
        28          0          0          0          0         76   strcmp.o
        18          0          0          0          0         68   strcpy.o
        14          0          0          0          0         68   strlen.o
        44          0          0          0          0         80   uidiv.o
        98          0          0          0          0         92   uldiv.o
        48          0          0          0          0         68   cdrcmple.o
       334          0          0          0          0        148   dadd.o
       222          0          0          0          0        100   ddiv.o
       186          0          0          0          0        176   depilogue.o
        48          0          0          0          0         68   dfixul.o
       228          0          0          0          0         96   dmul.o

    ----------------------------------------------------------------------
      8314        380         36         24          0      71386   Library Totals
        14          0          3          0          0          0   (incl. Padding)

    ----------------------------------------------------------------------

      Code (inc. data)   RO Data    RW Data    ZI Data      Debug   Library Name

      3920        244         33         12          0      68818   jansson_CM3LE.lib
      3314        136          0         12          0       1912   mc_w.l
      1066          0          0          0          0        656   mf_w.l

    ----------------------------------------------------------------------
      8314        380         36         24          0      71386   Library Totals

    ----------------------------------------------------------------------

==============================================================================


      Code (inc. data)   RO Data    RW Data    ZI Data      Debug   

     36340       2436        700        420      14844     968696   Grand Totals
     36340       2436        700         48      14844     968696   ELF Image Totals (compressed)
     36340       2436        700         48          0          0   ROM Totals

==============================================================================

    Total RO  Size (Code + RO Data)                37040 (  36.17kB)
    Total RW  Size (RW Data + ZI Data)             15264 (  14.91kB)
    Total ROM Size (Code + RO Data + RW Data)      37088 (  36.22kB)

==============================================================================

